<?xml version="1.0" encoding="utf-8"?>
<test-run id="2" testcasecount="1" result="Failed(Child)" total="1" passed="0" failed="1" inconclusive="0" skipped="0" asserts="0" engine-version="3.5.0.0" clr-version="4.0.30319.42000" start-time="2026-09-28 20:31:52Z" end-time="2026-09-28 20:32:03Z" duration="10.3841389">
  <test-suite type="TestSuite" id="1077" name="Project Kern" fullname="Project Kern" runstate="Runnable" testcasecount="48" result="Failed" site="Child" start-time="2026-09-28 20:31:52Z" end-time="2026-09-28 20:32:03Z" duration="10.384139" total="1" passed="0" failed="1" inconclusive="0" skipped="0" asserts="0">
    <properties>
      <property name="platform" value="PlayMode" />
    </properties>
    <failure>
      <message><![CDATA[One or more child tests had errors]]></message>
    </failure>
    <test-suite type="Assembly" id="1069" name="Kern.Tests.PlayMode.dll" fullname="/Users/murasama/Projects/games/Fodislop/Library/ScriptAssemblies/Kern.Tests.PlayMode.dll" runstate="Runnable" testcasecount="48" result="Failed" site="Child" start-time="2026-09-28 20:31:52Z" end-time="2026-09-28 20:32:03Z" duration="10.376756" total="1" passed="0" failed="1" inconclusive="0" skipped="0" asserts="0">
      <properties>
        <property name="_PID" value="30082" />
        <property name="_APPDOMAIN" value="Unity Child Domain" />
        <property name="platform" value="PlayMode" />
        <property name="EditorOnly" value="False" />
      </properties>
      <failure>
        <message><![CDATA[One or more child tests had errors]]></message>
      </failure>
      <test-suite type="TestSuite" id="1070" name="Kern" fullname="Kern" runstate="Runnable" testcasecount="48" result="Failed" site="Child" start-time="2026-09-28 20:31:52Z" end-time="2026-09-28 20:32:03Z" duration="10.376051" total="1" passed="0" failed="1" inconclusive="0" skipped="0" asserts="0">
        <properties />
        <failure>
          <message><![CDATA[One or more child tests had errors]]></message>
        </failure>
        <test-suite type="TestSuite" id="1071" name="Tests" fullname="Kern.Tests" runstate="Runnable" testcasecount="48" result="Failed" site="Child" start-time="2026-09-28 20:31:52Z" end-time="2026-09-28 20:32:03Z" duration="10.375645" total="1" passed="0" failed="1" inconclusive="0" skipped="0" asserts="0">
          <properties />
          <failure>
            <message><![CDATA[One or more child tests had errors]]></message>
          </failure>
          <test-suite type="TestSuite" id="1072" name="PlayMode" fullname="Kern.Tests.PlayMode" runstate="Runnable" testcasecount="48" result="Failed" site="Child" start-time="2026-09-28 20:31:52Z" end-time="2026-09-28 20:32:03Z" duration="10.375191" total="1" passed="0" failed="1" inconclusive="0" skipped="0" asserts="0">
            <properties />
            <failure>
              <message><![CDATA[One or more child tests had errors]]></message>
            </failure>
            <test-suite type="TestFixture" id="1026" name="MultiWorldSwitchPlayModeTests" fullname="Kern.Tests.PlayMode.MultiWorldSwitchPlayModeTests" classname="Kern.Tests.PlayMode.MultiWorldSwitchPlayModeTests" runstate="Runnable" testcasecount="1" result="Failed" site="Child" start-time="2026-09-28 20:31:52Z" end-time="2026-09-28 20:32:03Z" duration="10.373736" total="1" passed="0" failed="1" inconclusive="0" skipped="0" asserts="0">
              <properties />
              <failure>
                <message><![CDATA[One or more child tests had errors]]></message>
              </failure>
              <test-case id="1027" name="SwitchWorldMidSession_CleansOldStateAndSnapsPlayerToNewWorld" fullname="Kern.Tests.PlayMode.MultiWorldSwitchPlayModeTests.SwitchWorldMidSession_CleansOldStateAndSnapsPlayerToNewWorld" methodname="SwitchWorldMidSession_CleansOldStateAndSnapsPlayerToNewWorld" classname="Kern.Tests.PlayMode.MultiWorldSwitchPlayModeTests" runstate="Runnable" seed="1874245586" result="Failed" start-time="2026-09-28 20:31:52Z" end-time="2026-09-28 20:32:03Z" duration="10.360631" asserts="0">
                <properties>
                  <property name="_JOINTYPE" value="UnityCombinatorial" />
                  <property name="retryIteration" value="0" />
                  <property name="repeatIteration" value="0" />
                </properties>
                <failure>
                  <message><![CDATA[SetUp : Unhandled log message: '[Exception] InvalidOperationException: World-entity material 'Shared Sprite Material (WorldEntityAtlas)' (shader='Kern/World Entity', passes=1, passNames=['<Unnamed Pass 0>']) is missing the LightingMaterialField pass.'. Use UnityEngine.TestTools.LogAssert.Expect
TearDown : Unhandled log message: '[Exception] InvalidOperationException: World-entity material 'Shared Sprite Material (WorldEntityAtlas)' (shader='Kern/World Entity', passes=1, passNames=['<Unnamed Pass 0>']) is missing the LightingMaterialField pass.'. Use UnityEngine.TestTools.LogAssert.Expect]]></message>
                  <stack-trace><![CDATA[Kern.Game.WorldEntityLightingEmitter.RenderField (UnityEngine.Rendering.CommandBuffer commandBuffer) (at Assets/Scripts/Game/Rendering/WorldEntityLightingEmitter.cs:116)
Kern.Game.WorldEntityLightingEmitter.RenderMaterialEmissionFields (UnityEngine.Rendering.CommandBuffer commandBuffer, Kern.Core.Interfaces.WorldLighting.LightingMaterialEmissionContext& context) (at Assets/Scripts/Game/Rendering/WorldEntityLightingEmitter.cs:72)
Kern.Game.WorldEntityBatchRenderer.RenderMaterialEmissionFields (UnityEngine.Rendering.CommandBuffer commandBuffer, Kern.Core.Interfaces.WorldLighting.LightingMaterialEmissionContext& context) (at Assets/Scripts/Game/Rendering/WorldEntityBatchRenderer.cs:407)
Kern.Game.WorldEntityBatchRenderer.Kern.Core.Interfaces.WorldLighting.ILightingGeometryContributor.RenderMaterialEmissionFields (UnityEngine.Rendering.CommandBuffer commandBuffer, Kern.Core.Interfaces.WorldLighting.LightingMaterialEmissionContext& context) (at <4ba44365926549de8cb78b28aaf5ae7e>:0)
Kern.World.Lighting.LightingGeometryRegistry.RenderMaterialEmissionFields (UnityEngine.Rendering.CommandBuffer commandBuffer, UnityEngine.RenderTexture materialField, UnityEngine.RenderTexture emissionField, UnityEngine.Vector4 worldRect, System.Boolean clearFields) (at Assets/Scripts/World/Lighting/Geometry/LightingGeometryRegistry.cs:121)
Kern.World.Lighting.GeometryLightingSolver.RecordMaterialField (UnityEngine.Rendering.CommandBuffer commandBuffer, Kern.Core.Interfaces.WorldLighting.ILightingGeometryContributor terrainGeometry, Kern.World.Lighting.LightingGeometryRegistry geometryRegistry, UnityEngine.Vector4 worldRect) (at Assets/Scripts/World/Lighting/Solvers/GeometryLightingSolver.cs:33)
Kern.World.Lighting.LightingFrameExecutor.Record (UnityEngine.Rendering.CommandBuffer commandBuffer, Kern.World.Lighting.LightingFrameRequest request, Kern.Core.Interfaces.WorldLighting.ILightingGeometryContributor terrainGeometry, UnityEngine.RenderTexture emissionField, UnityEngine.RenderTexture staticDirectTexture) (at Assets/Scripts/World/Lighting/Core/LightingFrameExecutor.cs:134)
Kern.World.Lighting.LightingUpdateCoordinator.RecordLightingFrame (UnityEngine.Rendering.CommandBuffer commandBuffer, UnityEngine.Vector4 worldRect, System.Single cellSize, System.Int32 dynamicLightCount, System.Boolean rebuildFields, System.Boolean dynamicLightsChanged, System.Boolean staticRadianceChanged, System.Boolean reuseStaticAtlas, UnityEngine.Vector2Int regionDelta, System.Collections.Generic.IReadOnlyList`1[T] dirtyRegions, System.Boolean allowStaticDependencyMask, System.Boolean dynamicRadianceChanged, Kern.World.Lighting.Quality.LightingQualityMode qualityMode, Kern.World.Lighting.LightingEngine+DebugView debugView, Kern.Core.Interfaces.WorldLighting.ILightingGeometryContributor terrainGeometry) (at Assets/Scripts/World/Lighting/Core/LightingUpdateCoordinator.cs:392)
Kern.World.Lighting.LightingUpdateCoordinator.Update (System.Int32 visibleMinX, System.Int32 visibleMinY, System.Int32 visibleWidth, System.Int32 visibleHeight, UnityEngine.Camera camera, Kern.Core.Interfaces.WorldLighting.ILightingGeometryContributor terrainGeometry, Kern.Rendering.GraphicsQualitySettings qualitySettings, Kern.World.Lighting.Quality.LightingQualityMode qualityMode, Kern.World.Lighting.LightingEngine+DebugView debugView, System.Boolean bypassLightingCompute, System.Boolean ambientOcclusionOnly) (at Assets/Scripts/World/Lighting/Core/LightingUpdateCoordinator.cs:273)
Kern.World.Lighting.LightingEngine.UpdateLightingCoordinator (Kern.Core.Interfaces.WorldLighting.TerrainLightingFrameSnapshot frame) (at Assets/Scripts/World/Lighting/Core/LightingEngine.cs:439)
Kern.World.Lighting.LightingEngine.ProcessTerrainFrame (Kern.Core.Interfaces.WorldLighting.TerrainLightingFrameSnapshot frame) (at Assets/Scripts/World/Lighting/Core/LightingEngine.cs:422)
Kern.World.Lighting.TerrainLightingFramePump.ProcessLatest (Kern.Core.Interfaces.WorldLighting.ITerrainLightingExchange exchange, System.Func`2[T,TResult] processFrame) (at Assets/Scripts/World/Lighting/Core/TerrainLightingFramePump.cs:32)
Kern.World.Lighting.LightingTerrainExchangeState.ProcessLatestFrame (Kern.Core.Interfaces.WorldLighting.ITerrainLightingExchange exchange, System.Func`2[T,TResult] processFrame) (at Assets/Scripts/World/Lighting/Core/LightingTerrainExchangeState.cs:45)
Kern.World.Lighting.LightingEngine.LateUpdate () (at Assets/Scripts/World/Lighting/Core/LightingEngine.cs:386)
UnityEngine.StackTraceUtility:ExtractStringFromExceptionInternal(Object, String&, String&) (at /Users/bokken/build/output/unity/unity/Runtime/Export/Scripting/StackTrace.cs:50)

]]></stack-trace>
                </failure>
                <output><![CDATA[[ClientConfigManager] Config Loaded (schema 35) at /Users/murasama/Library/Application Support/DefaultCompany/Project Kern/Config/client_config.json; GraphicsPreset=Overdrive
[HDR] available=False, active=False, changeRequested=False, display=OutputIdentity { Name = Built-in Retina Display, X = 0, Y = 0, Width = 3420, Height = 2148, WindowMode = 3 }, desired=False, phase=Unavailable, attempts=0, error=, environment=OSXEditor, graphicsAPI=Metal, pipelineHDR=True, supported=True, switchable=True, gamut=sRGB, paperWhite=0.0 nits, min=0 nits, max=0 nits.
[ShaderWarmup] Primed 141 graphics state(s) in 231 ms.
[Bootstrap] Loading scene 'Gateway'...
[Gateway] Gateway UI initialized and displayed.
[Bootstrap] Scene 'Gateway' entered successfully.
[Bootstrap] Loading scene 'MainMenu'...
[MainMenu] _loaderShade: texture failed to load from 'Assets/Textures/UI/mm_shade.png'.
[MainMenu] UI BUILT successfully: children=1
[Bootstrap] Scene 'MainMenu' entered successfully.
[Bootstrap] Loading scene 'MainGame'...
[PostProcessController] ApplyClientConfig: Bloom=True, Vignette=False
[TerrainRenderer] ApplyClientConfig: distortion=True, distortionStyle=Classic, reliefRim=True
[PostProcessController] ApplyClientConfig: Bloom=True, Vignette=False
[LightingUnityQuality] ApplyUnityRenderingSettings: AA=0, RenderScale=1 (запрошено 1)
[Connection] Transport: DummyConnection (offline stub). Set UseDummyConnection=false in client config for the real server.
[GameBootstrap] Startup validation PASSED — MainGame contract is ready
[Auth] Sending ClientHello with token: PRESENT
[FrameStall] 567.0 мс кадр (обычный 4.9, провисов за 2 с: 1) · мусор 11011 КБ · события: [0] декодирована transit.png 480×47
участки в этом кадре (вложены, не складываются):
  UniTask Update  178.8 мс  [UniTaskLoopRunnerUpdate]
  UniTask Yield  137.4 мс  [UniTaskLoopRunnerYieldUpdate]
  Скрипты движка  62.4 мс  [Update.ScriptRunBehaviourUpdate]
  корутины  7.6 мс  [Update.ScriptRunDelayedDynamicFrameRate]
  сборка мусора  6.0 мс  [GC.Collect]
  Сеть — разбор очереди  4.7 мс  [Kern.Net.DrainPacketQueue]
  LateUpdate  3.8 мс  [PreLateUpdate.ScriptRunBehaviourLateUpdate]
  Загрузка текстуры на GPU  1.8 мс  [Texture.AwakeFromLoad]
  Сущности мира  1.3 мс  [Kern.WorldEntities.LateUpdate]
  Текстуры — декодирование  1.0 мс  [Kern.Textures.Decode]
[Diag] Провисы кадра → /Users/murasama/Projects/games/Fodislop/Logs/Diagnostics/Stalls/frame_stalls_20260928_223202.txt
[RobotManager] Cleared 0 robots, kept local player
[BuildingManager] Cleared 0 buildings
[Probe] WorldInit 16.522
[MapManager] World: Pallada (pallada) [10016x40000]
[ItemRegistry] No local icon for item type 'Jobs' (searched jobs.png), will use server texture if available
[ItemRegistry] No local icon for item type 'Levi' (searched levi.png), will use server texture if available
[ItemRegistry] No local icon for item type 'VulkanGeneration' (searched vulkanGeneration.png), will use server texture if available
[ItemRegistry] No local icon for item type 'Vulkan' (searched vulkan.png), will use server texture if available
[ItemRegistry] No local icon for item type 'Sign' (searched sign.png), will use server texture if available
[ItemRegistry] No local icon for item type 'Observatory' (searched observatory.png), will use server texture if available
[ItemRegistry] No local icon for item type 'Meteorit' (searched meteorit.png), will use server texture if available
[ItemRegistry] No local icon for item type 'Mayak' (searched mayak.png), will use server texture if available
[ItemRegistry] No local icon for item type 'GunBoss1' (searched gunBoss1.png), will use server texture if available
[ItemRegistry] No local icon for item type 'MineX50' (searched mineX50.png), will use server texture if available
[ItemRegistry] No local icon for item type 'NPC' (searched nPC.png), will use server texture if available
[ItemRegistry] No local icon for item type 'CreditPack' (searched creditPack.png), will use server texture if available
[ItemRegistry] No local icon for item type 'None' (searched none.png), will use server texture if available
[Lighting] Budget diagnostic captured: estimatedStaticRayWork=190578688, limit=200000000, staticRayBudgetViolation=False, measuredBudgetViolation=True, repeatedStaticSolve=False, repeatedTerrainFullRebuild=False, staticSolves=1, terrainFullPopulates=2.
InvalidOperationException: World-entity material 'Shared Sprite Material (WorldEntityAtlas)' (shader='Kern/World Entity', passes=1, passNames=['<Unnamed Pass 0>']) is missing the LightingMaterialField pass.
Kern.Game.WorldEntityLightingEmitter.RenderField (UnityEngine.Rendering.CommandBuffer commandBuffer) (at Assets/Scripts/Game/Rendering/WorldEntityLightingEmitter.cs:116)
Kern.Game.WorldEntityLightingEmitter.RenderMaterialEmissionFields (UnityEngine.Rendering.CommandBuffer commandBuffer, Kern.Core.Interfaces.WorldLighting.LightingMaterialEmissionContext& context) (at Assets/Scripts/Game/Rendering/WorldEntityLightingEmitter.cs:72)
Kern.Game.WorldEntityBatchRenderer.RenderMaterialEmissionFields (UnityEngine.Rendering.CommandBuffer commandBuffer, Kern.Core.Interfaces.WorldLighting.LightingMaterialEmissionContext& context) (at Assets/Scripts/Game/Rendering/WorldEntityBatchRenderer.cs:407)
Kern.Game.WorldEntityBatchRenderer.Kern.Core.Interfaces.WorldLighting.ILightingGeometryContributor.RenderMaterialEmissionFields (UnityEngine.Rendering.CommandBuffer commandBuffer, Kern.Core.Interfaces.WorldLighting.LightingMaterialEmissionContext& context) (at <4ba44365926549de8cb78b28aaf5ae7e>:0)
Kern.World.Lighting.LightingGeometryRegistry.RenderMaterialEmissionFields (UnityEngine.Rendering.CommandBuffer commandBuffer, UnityEngine.RenderTexture materialField, UnityEngine.RenderTexture emissionField, UnityEngine.Vector4 worldRect, System.Boolean clearFields) (at Assets/Scripts/World/Lighting/Geometry/LightingGeometryRegistry.cs:121)
Kern.World.Lighting.GeometryLightingSolver.RecordMaterialField (UnityEngine.Rendering.CommandBuffer commandBuffer, Kern.Core.Interfaces.WorldLighting.ILightingGeometryContributor terrainGeometry, Kern.World.Lighting.LightingGeometryRegistry geometryRegistry, UnityEngine.Vector4 worldRect) (at Assets/Scripts/World/Lighting/Solvers/GeometryLightingSolver.cs:33)
Kern.World.Lighting.LightingFrameExecutor.Record (UnityEngine.Rendering.CommandBuffer commandBuffer, Kern.World.Lighting.LightingFrameRequest request, Kern.Core.Interfaces.WorldLighting.ILightingGeometryContributor terrainGeometry, UnityEngine.RenderTexture emissionField, UnityEngine.RenderTexture staticDirectTexture) (at Assets/Scripts/World/Lighting/Core/LightingFrameExecutor.cs:134)
Kern.World.Lighting.LightingUpdateCoordinator.RecordLightingFrame (UnityEngine.Rendering.CommandBuffer commandBuffer, UnityEngine.Vector4 worldRect, System.Single cellSize, System.Int32 dynamicLightCount, System.Boolean rebuildFields, System.Boolean dynamicLightsChanged, System.Boolean staticRadianceChanged, System.Boolean reuseStaticAtlas, UnityEngine.Vector2Int regionDelta, System.Collections.Generic.IReadOnlyList`1[T] dirtyRegions, System.Boolean allowStaticDependencyMask, System.Boolean dynamicRadianceChanged, Kern.World.Lighting.Quality.LightingQualityMode qualityMode, Kern.World.Lighting.LightingEngine+DebugView debugView, Kern.Core.Interfaces.WorldLighting.ILightingGeometryContributor terrainGeometry) (at Assets/Scripts/World/Lighting/Core/LightingUpdateCoordinator.cs:392)
Kern.World.Lighting.LightingUpdateCoordinator.Update (System.Int32 visibleMinX, System.Int32 visibleMinY, System.Int32 visibleWidth, System.Int32 visibleHeight, UnityEngine.Camera camera, Kern.Core.Interfaces.WorldLighting.ILightingGeometryContributor terrainGeometry, Kern.Rendering.GraphicsQualitySettings qualitySettings, Kern.World.Lighting.Quality.LightingQualityMode qualityMode, Kern.World.Lighting.LightingEngine+DebugView debugView, System.Boolean bypassLightingCompute, System.Boolean ambientOcclusionOnly) (at Assets/Scripts/World/Lighting/Core/LightingUpdateCoordinator.cs:273)
Kern.World.Lighting.LightingEngine.UpdateLightingCoordinator (Kern.Core.Interfaces.WorldLighting.TerrainLightingFrameSnapshot frame) (at Assets/Scripts/World/Lighting/Core/LightingEngine.cs:439)
Kern.World.Lighting.LightingEngine.ProcessTerrainFrame (Kern.Core.Interfaces.WorldLighting.TerrainLightingFrameSnapshot frame) (at Assets/Scripts/World/Lighting/Core/LightingEngine.cs:422)
Kern.World.Lighting.TerrainLightingFramePump.ProcessLatest (Kern.Core.Interfaces.WorldLighting.ITerrainLightingExchange exchange, System.Func`2[T,TResult] processFrame) (at Assets/Scripts/World/Lighting/Core/TerrainLightingFramePump.cs:32)
Kern.World.Lighting.LightingTerrainExchangeState.ProcessLatestFrame (Kern.Core.Interfaces.WorldLighting.ITerrainLightingExchange exchange, System.Func`2[T,TResult] processFrame) (at Assets/Scripts/World/Lighting/Core/LightingTerrainExchangeState.cs:45)
Kern.World.Lighting.LightingEngine.LateUpdate () (at Assets/Scripts/World/Lighting/Core/LightingEngine.cs:386)
UnityEngine.StackTraceUtility:ExtractStringFromExceptionInternal(Object, String&, String&) (at /Users/bokken/build/output/unity/unity/Runtime/Export/Scripting/StackTrace.cs:50)

InvalidOperationException: World-entity material 'Shared Sprite Material (WorldEntityAtlas)' (shader='Kern/World Entity', passes=1, passNames=['<Unnamed Pass 0>']) is missing the LightingMaterialField pass.
Kern.Game.WorldEntityLightingEmitter.RenderField (UnityEngine.Rendering.CommandBuffer commandBuffer) (at Assets/Scripts/Game/Rendering/WorldEntityLightingEmitter.cs:116)
Kern.Game.WorldEntityLightingEmitter.RenderMaterialEmissionFields (UnityEngine.Rendering.CommandBuffer commandBuffer, Kern.Core.Interfaces.WorldLighting.LightingMaterialEmissionContext& context) (at Assets/Scripts/Game/Rendering/WorldEntityLightingEmitter.cs:72)
Kern.Game.WorldEntityBatchRenderer.RenderMaterialEmissionFields (UnityEngine.Rendering.CommandBuffer commandBuffer, Kern.Core.Interfaces.WorldLighting.LightingMaterialEmissionContext& context) (at Assets/Scripts/Game/Rendering/WorldEntityBatchRenderer.cs:407)
Kern.Game.WorldEntityBatchRenderer.Kern.Core.Interfaces.WorldLighting.ILightingGeometryContributor.RenderMaterialEmissionFields (UnityEngine.Rendering.CommandBuffer commandBuffer, Kern.Core.Interfaces.WorldLighting.LightingMaterialEmissionContext& context) (at <4ba44365926549de8cb78b28aaf5ae7e>:0)
Kern.World.Lighting.LightingGeometryRegistry.RenderMaterialEmissionFields (UnityEngine.Rendering.CommandBuffer commandBuffer, UnityEngine.RenderTexture materialField, UnityEngine.RenderTexture emissionField, UnityEngine.Vector4 worldRect, System.Boolean clearFields) (at Assets/Scripts/World/Lighting/Geometry/LightingGeometryRegistry.cs:121)
Kern.World.Lighting.GeometryLightingSolver.RecordMaterialField (UnityEngine.Rendering.CommandBuffer commandBuffer, Kern.Core.Interfaces.WorldLighting.ILightingGeometryContributor terrainGeometry, Kern.World.Lighting.LightingGeometryRegistry geometryRegistry, UnityEngine.Vector4 worldRect) (at Assets/Scripts/World/Lighting/Solvers/GeometryLightingSolver.cs:33)
Kern.World.Lighting.LightingFrameExecutor.Record (UnityEngine.Rendering.CommandBuffer commandBuffer, Kern.World.Lighting.LightingFrameRequest request, Kern.Core.Interfaces.WorldLighting.ILightingGeometryContributor terrainGeometry, UnityEngine.RenderTexture emissionField, UnityEngine.RenderTexture staticDirectTexture) (at Assets/Scripts/World/Lighting/Core/LightingFrameExecutor.cs:134)
Kern.World.Lighting.LightingUpdateCoordinator.RecordLightingFrame (UnityEngine.Rendering.CommandBuffer commandBuffer, UnityEngine.Vector4 worldRect, System.Single cellSize, System.Int32 dynamicLightCount, System.Boolean rebuildFields, System.Boolean dynamicLightsChanged, System.Boolean staticRadianceChanged, System.Boolean reuseStaticAtlas, UnityEngine.Vector2Int regionDelta, System.Collections.Generic.IReadOnlyList`1[T] dirtyRegions, System.Boolean allowStaticDependencyMask, System.Boolean dynamicRadianceChanged, Kern.World.Lighting.Quality.LightingQualityMode qualityMode, Kern.World.Lighting.LightingEngine+DebugView debugView, Kern.Core.Interfaces.WorldLighting.ILightingGeometryContributor terrainGeometry) (at Assets/Scripts/World/Lighting/Core/LightingUpdateCoordinator.cs:392)
Kern.World.Lighting.LightingUpdateCoordinator.Update (System.Int32 visibleMinX, System.Int32 visibleMinY, System.Int32 visibleWidth, System.Int32 visibleHeight, UnityEngine.Camera camera, Kern.Core.Interfaces.WorldLighting.ILightingGeometryContributor terrainGeometry, Kern.Rendering.GraphicsQualitySettings qualitySettings, Kern.World.Lighting.Quality.LightingQualityMode qualityMode, Kern.World.Lighting.LightingEngine+DebugView debugView, System.Boolean bypassLightingCompute, System.Boolean ambientOcclusionOnly) (at Assets/Scripts/World/Lighting/Core/LightingUpdateCoordinator.cs:273)
Kern.World.Lighting.LightingEngine.UpdateLightingCoordinator (Kern.Core.Interfaces.WorldLighting.TerrainLightingFrameSnapshot frame) (at Assets/Scripts/World/Lighting/Core/LightingEngine.cs:439)
Kern.World.Lighting.LightingEngine.ProcessTerrainFrame (Kern.Core.Interfaces.WorldLighting.TerrainLightingFrameSnapshot frame) (at Assets/Scripts/World/Lighting/Core/LightingEngine.cs:422)
Kern.World.Lighting.TerrainLightingFramePump.ProcessLatest (Kern.Core.Interfaces.WorldLighting.ITerrainLightingExchange exchange, System.Func`2[T,TResult] processFrame) (at Assets/Scripts/World/Lighting/Core/TerrainLightingFramePump.cs:32)
Kern.World.Lighting.LightingTerrainExchangeState.ProcessLatestFrame (Kern.Core.Interfaces.WorldLighting.ITerrainLightingExchange exchange, System.Func`2[T,TResult] processFrame) (at Assets/Scripts/World/Lighting/Core/LightingTerrainExchangeState.cs:45)
Kern.World.Lighting.LightingEngine.LateUpdate () (at Assets/Scripts/World/Lighting/Core/LightingEngine.cs:386)
UnityEngine.StackTraceUtility:ExtractStringFromExceptionInternal(Object, String&, String&) (at /Users/bokken/build/output/unity/unity/Runtime/Export/Scripting/StackTrace.cs:50)

InvalidOperationException: World-entity material 'Shared Sprite Material (WorldEntityAtlas)' (shader='Kern/World Entity', passes=1, passNames=['<Unnamed Pass 0>']) is missing the LightingMaterialField pass.
Kern.Game.WorldEntityLightingEmitter.RenderField (UnityEngine.Rendering.CommandBuffer commandBuffer) (at Assets/Scripts/Game/Rendering/WorldEntityLightingEmitter.cs:116)
Kern.Game.WorldEntityLightingEmitter.RenderMaterialEmissionFields (UnityEngine.Rendering.CommandBuffer commandBuffer, Kern.Core.Interfaces.WorldLighting.LightingMaterialEmissionContext& context) (at Assets/Scripts/Game/Rendering/WorldEntityLightingEmitter.cs:72)
Kern.Game.WorldEntityBatchRenderer.RenderMaterialEmissionFields (UnityEngine.Rendering.CommandBuffer commandBuffer, Kern.Core.Interfaces.WorldLighting.LightingMaterialEmissionContext& context) (at Assets/Scripts/Game/Rendering/WorldEntityBatchRenderer.cs:407)
Kern.Game.WorldEntityBatchRenderer.Kern.Core.Interfaces.WorldLighting.ILightingGeometryContributor.RenderMaterialEmissionFields (UnityEngine.Rendering.CommandBuffer commandBuffer, Kern.Core.Interfaces.WorldLighting.LightingMaterialEmissionContext& context) (at <4ba44365926549de8cb78b28aaf5ae7e>:0)
Kern.World.Lighting.LightingGeometryRegistry.RenderMaterialEmissionFields (UnityEngine.Rendering.CommandBuffer commandBuffer, UnityEngine.RenderTexture materialField, UnityEngine.RenderTexture emissionField, UnityEngine.Vector4 worldRect, System.Boolean clearFields) (at Assets/Scripts/World/Lighting/Geometry/LightingGeometryRegistry.cs:121)
Kern.World.Lighting.GeometryLightingSolver.RecordMaterialField (UnityEngine.Rendering.CommandBuffer commandBuffer, Kern.Core.Interfaces.WorldLighting.ILightingGeometryContributor terrainGeometry, Kern.World.Lighting.LightingGeometryRegistry geometryRegistry, UnityEngine.Vector4 worldRect) (at Assets/Scripts/World/Lighting/Solvers/GeometryLightingSolver.cs:33)
Kern.World.Lighting.LightingFrameExecutor.Record (UnityEngine.Rendering.CommandBuffer commandBuffer, Kern.World.Lighting.LightingFrameRequest request, Kern.Core.Interfaces.WorldLighting.ILightingGeometryContributor terrainGeometry, UnityEngine.RenderTexture emissionField, UnityEngine.RenderTexture staticDirectTexture) (at Assets/Scripts/World/Lighting/Core/LightingFrameExecutor.cs:134)
Kern.World.Lighting.LightingUpdateCoordinator.RecordLightingFrame (UnityEngine.Rendering.CommandBuffer commandBuffer, UnityEngine.Vector4 worldRect, System.Single cellSize, System.Int32 dynamicLightCount, System.Boolean rebuildFields, System.Boolean dynamicLightsChanged, System.Boolean staticRadianceChanged, System.Boolean reuseStaticAtlas, UnityEngine.Vector2Int regionDelta, System.Collections.Generic.IReadOnlyList`1[T] dirtyRegions, System.Boolean allowStaticDependencyMask, System.Boolean dynamicRadianceChanged, Kern.World.Lighting.Quality.LightingQualityMode qualityMode, Kern.World.Lighting.LightingEngine+DebugView debugView, Kern.Core.Interfaces.WorldLighting.ILightingGeometryContributor terrainGeometry) (at Assets/Scripts/World/Lighting/Core/LightingUpdateCoordinator.cs:392)
Kern.World.Lighting.LightingUpdateCoordinator.Update (System.Int32 visibleMinX, System.Int32 visibleMinY, System.Int32 visibleWidth, System.Int32 visibleHeight, UnityEngine.Camera camera, Kern.Core.Interfaces.WorldLighting.ILightingGeometryContributor terrainGeometry, Kern.Rendering.GraphicsQualitySettings qualitySettings, Kern.World.Lighting.Quality.LightingQualityMode qualityMode, Kern.World.Lighting.LightingEngine+DebugView debugView, System.Boolean bypassLightingCompute, System.Boolean ambientOcclusionOnly) (at Assets/Scripts/World/Lighting/Core/LightingUpdateCoordinator.cs:273)
Kern.World.Lighting.LightingEngine.UpdateLightingCoordinator (Kern.Core.Interfaces.WorldLighting.TerrainLightingFrameSnapshot frame) (at Assets/Scripts/World/Lighting/Core/LightingEngine.cs:439)
Kern.World.Lighting.LightingEngine.ProcessTerrainFrame (Kern.Core.Interfaces.WorldLighting.TerrainLightingFrameSnapshot frame) (at Assets/Scripts/World/Lighting/Core/LightingEngine.cs:422)
Kern.World.Lighting.TerrainLightingFramePump.ProcessLatest (Kern.Core.Interfaces.WorldLighting.ITerrainLightingExchange exchange, System.Func`2[T,TResult] processFrame) (at Assets/Scripts/World/Lighting/Core/TerrainLightingFramePump.cs:32)
Kern.World.Lighting.LightingTerrainExchangeState.ProcessLatestFrame (Kern.Core.Interfaces.WorldLighting.ITerrainLightingExchange exchange, System.Func`2[T,TResult] processFrame) (at Assets/Scripts/World/Lighting/Core/LightingTerrainExchangeState.cs:45)
Kern.World.Lighting.LightingEngine.LateUpdate () (at Assets/Scripts/World/Lighting/Core/LightingEngine.cs:386)
UnityEngine.StackTraceUtility:ExtractStringFromExceptionInternal(Object, String&, String&) (at /Users/bokken/build/output/unity/unity/Runtime/Export/Scripting/StackTrace.cs:50)

InvalidOperationException: World-entity material 'Shared Sprite Material (WorldEntityAtlas)' (shader='Kern/World Entity', passes=1, passNames=['<Unnamed Pass 0>']) is missing the LightingMaterialField pass.
Kern.Game.WorldEntityLightingEmitter.RenderField (UnityEngine.Rendering.CommandBuffer commandBuffer) (at Assets/Scripts/Game/Rendering/WorldEntityLightingEmitter.cs:116)
Kern.Game.WorldEntityLightingEmitter.RenderMaterialEmissionFields (UnityEngine.Rendering.CommandBuffer commandBuffer, Kern.Core.Interfaces.WorldLighting.LightingMaterialEmissionContext& context) (at Assets/Scripts/Game/Rendering/WorldEntityLightingEmitter.cs:72)
Kern.Game.WorldEntityBatchRenderer.RenderMaterialEmissionFields (UnityEngine.Rendering.CommandBuffer commandBuffer, Kern.Core.Interfaces.WorldLighting.LightingMaterialEmissionContext& context) (at Assets/Scripts/Game/Rendering/WorldEntityBatchRenderer.cs:407)
Kern.Game.WorldEntityBatchRenderer.Kern.Core.Interfaces.WorldLighting.ILightingGeometryContributor.RenderMaterialEmissionFields (UnityEngine.Rendering.CommandBuffer commandBuffer, Kern.Core.Interfaces.WorldLighting.LightingMaterialEmissionContext& context) (at <4ba44365926549de8cb78b28aaf5ae7e>:0)
Kern.World.Lighting.LightingGeometryRegistry.RenderMaterialEmissionFields (UnityEngine.Rendering.CommandBuffer commandBuffer, UnityEngine.RenderTexture materialField, UnityEngine.RenderTexture emissionField, UnityEngine.Vector4 worldRect, System.Boolean clearFields) (at Assets/Scripts/World/Lighting/Geometry/LightingGeometryRegistry.cs:121)
Kern.World.Lighting.GeometryLightingSolver.RecordMaterialField (UnityEngine.Rendering.CommandBuffer commandBuffer, Kern.Core.Interfaces.WorldLighting.ILightingGeometryContributor terrainGeometry, Kern.World.Lighting.LightingGeometryRegistry geometryRegistry, UnityEngine.Vector4 worldRect) (at Assets/Scripts/World/Lighting/Solvers/GeometryLightingSolver.cs:33)
Kern.World.Lighting.LightingFrameExecutor.Record (UnityEngine.Rendering.CommandBuffer commandBuffer, Kern.World.Lighting.LightingFrameRequest request, Kern.Core.Interfaces.WorldLighting.ILightingGeometryContributor terrainGeometry, UnityEngine.RenderTexture emissionField, UnityEngine.RenderTexture staticDirectTexture) (at Assets/Scripts/World/Lighting/Core/LightingFrameExecutor.cs:134)
Kern.World.Lighting.LightingUpdateCoordinator.RecordLightingFrame (UnityEngine.Rendering.CommandBuffer commandBuffer, UnityEngine.Vector4 worldRect, System.Single cellSize, System.Int32 dynamicLightCount, System.Boolean rebuildFields, System.Boolean dynamicLightsChanged, System.Boolean staticRadianceChanged, System.Boolean reuseStaticAtlas, UnityEngine.Vector2Int regionDelta, System.Collections.Generic.IReadOnlyList`1[T] dirtyRegions, System.Boolean allowStaticDependencyMask, System.Boolean dynamicRadianceChanged, Kern.World.Lighting.Quality.LightingQualityMode qualityMode, Kern.World.Lighting.LightingEngine+DebugView debugView, Kern.Core.Interfaces.WorldLighting.ILightingGeometryContributor terrainGeometry) (at Assets/Scripts/World/Lighting/Core/LightingUpdateCoordinator.cs:392)
Kern.World.Lighting.LightingUpdateCoordinator.Update (System.Int32 visibleMinX, System.Int32 visibleMinY, System.Int32 visibleWidth, System.Int32 visibleHeight, UnityEngine.Camera camera, Kern.Core.Interfaces.WorldLighting.ILightingGeometryContributor terrainGeometry, Kern.Rendering.GraphicsQualitySettings qualitySettings, Kern.World.Lighting.Quality.LightingQualityMode qualityMode, Kern.World.Lighting.LightingEngine+DebugView debugView, System.Boolean bypassLightingCompute, System.Boolean ambientOcclusionOnly) (at Assets/Scripts/World/Lighting/Core/LightingUpdateCoordinator.cs:273)
Kern.World.Lighting.LightingEngine.UpdateLightingCoordinator (Kern.Core.Interfaces.WorldLighting.TerrainLightingFrameSnapshot frame) (at Assets/Scripts/World/Lighting/Core/LightingEngine.cs:439)
Kern.World.Lighting.LightingEngine.ProcessTerrainFrame (Kern.Core.Interfaces.WorldLighting.TerrainLightingFrameSnapshot frame) (at Assets/Scripts/World/Lighting/Core/LightingEngine.cs:422)
Kern.World.Lighting.TerrainLightingFramePump.ProcessLatest (Kern.Core.Interfaces.WorldLighting.ITerrainLightingExchange exchange, System.Func`2[T,TResult] processFrame) (at Assets/Scripts/World/Lighting/Core/TerrainLightingFramePump.cs:32)
Kern.World.Lighting.LightingTerrainExchangeState.ProcessLatestFrame (Kern.Core.Interfaces.WorldLighting.ITerrainLightingExchange exchange, System.Func`2[T,TResult] processFrame) (at Assets/Scripts/World/Lighting/Core/LightingTerrainExchangeState.cs:45)
Kern.World.Lighting.LightingEngine.LateUpdate () (at Assets/Scripts/World/Lighting/Core/LightingEngine.cs:386)
UnityEngine.StackTraceUtility:ExtractStringFromExceptionInternal(Object, String&, String&) (at /Users/bokken/build/output/unity/unity/Runtime/Export/Scripting/StackTrace.cs:50)

InvalidOperationException: World-entity material 'Shared Sprite Material (WorldEntityAtlas)' (shader='Kern/World Entity', passes=1, passNames=['<Unnamed Pass 0>']) is missing the LightingMaterialField pass.
Kern.Game.WorldEntityLightingEmitter.RenderField (UnityEngine.Rendering.CommandBuffer commandBuffer) (at Assets/Scripts/Game/Rendering/WorldEntityLightingEmitter.cs:116)
Kern.Game.WorldEntityLightingEmitter.RenderMaterialEmissionFields (UnityEngine.Rendering.CommandBuffer commandBuffer, Kern.Core.Interfaces.WorldLighting.LightingMaterialEmissionContext& context) (at Assets/Scripts/Game/Rendering/WorldEntityLightingEmitter.cs:72)
Kern.Game.WorldEntityBatchRenderer.RenderMaterialEmissionFields (UnityEngine.Rendering.CommandBuffer commandBuffer, Kern.Core.Interfaces.WorldLighting.LightingMaterialEmissionContext& context) (at Assets/Scripts/Game/Rendering/WorldEntityBatchRenderer.cs:407)
Kern.Game.WorldEntityBatchRenderer.Kern.Core.Interfaces.WorldLighting.ILightingGeometryContributor.RenderMaterialEmissionFields (UnityEngine.Rendering.CommandBuffer commandBuffer, Kern.Core.Interfaces.WorldLighting.LightingMaterialEmissionContext& context) (at <4ba44365926549de8cb78b28aaf5ae7e>:0)
Kern.World.Lighting.LightingGeometryRegistry.RenderMaterialEmissionFields (UnityEngine.Rendering.CommandBuffer commandBuffer, UnityEngine.RenderTexture materialField, UnityEngine.RenderTexture emissionField, UnityEngine.Vector4 worldRect, System.Boolean clearFields) (at Assets/Scripts/World/Lighting/Geometry/LightingGeometryRegistry.cs:121)
Kern.World.Lighting.GeometryLightingSolver.RecordMaterialField (UnityEngine.Rendering.CommandBuffer commandBuffer, Kern.Core.Interfaces.WorldLighting.ILightingGeometryContributor terrainGeometry, Kern.World.Lighting.LightingGeometryRegistry geometryRegistry, UnityEngine.Vector4 worldRect) (at Assets/Scripts/World/Lighting/Solvers/GeometryLightingSolver.cs:33)
Kern.World.Lighting.LightingFrameExecutor.Record (UnityEngine.Rendering.CommandBuffer commandBuffer, Kern.World.Lighting.LightingFrameRequest request, Kern.Core.Interfaces.WorldLighting.ILightingGeometryContributor terrainGeometry, UnityEngine.RenderTexture emissionField, UnityEngine.RenderTexture staticDirectTexture) (at Assets/Scripts/World/Lighting/Core/LightingFrameExecutor.cs:134)
Kern.World.Lighting.LightingUpdateCoordinator.RecordLightingFrame (UnityEngine.Rendering.CommandBuffer commandBuffer, UnityEngine.Vector4 worldRect, System.Single cellSize, System.Int32 dynamicLightCount, System.Boolean rebuildFields, System.Boolean dynamicLightsChanged, System.Boolean staticRadianceChanged, System.Boolean reuseStaticAtlas, UnityEngine.Vector2Int regionDelta, System.Collections.Generic.IReadOnlyList`1[T] dirtyRegions, System.Boolean allowStaticDependencyMask, System.Boolean dynamicRadianceChanged, Kern.World.Lighting.Quality.LightingQualityMode qualityMode, Kern.World.Lighting.LightingEngine+DebugView debugView, Kern.Core.Interfaces.WorldLighting.ILightingGeometryContributor terrainGeometry) (at Assets/Scripts/World/Lighting/Core/LightingUpdateCoordinator.cs:392)
Kern.World.Lighting.LightingUpdateCoordinator.Update (System.Int32 visibleMinX, System.Int32 visibleMinY, System.Int32 visibleWidth, System.Int32 visibleHeight, UnityEngine.Camera camera, Kern.Core.Interfaces.WorldLighting.ILightingGeometryContributor terrainGeometry, Kern.Rendering.GraphicsQualitySettings qualitySettings, Kern.World.Lighting.Quality.LightingQualityMode qualityMode, Kern.World.Lighting.LightingEngine+DebugView debugView, System.Boolean bypassLightingCompute, System.Boolean ambientOcclusionOnly) (at Assets/Scripts/World/Lighting/Core/LightingUpdateCoordinator.cs:273)
Kern.World.Lighting.LightingEngine.UpdateLightingCoordinator (Kern.Core.Interfaces.WorldLighting.TerrainLightingFrameSnapshot frame) (at Assets/Scripts/World/Lighting/Core/LightingEngine.cs:439)
Kern.World.Lighting.LightingEngine.ProcessTerrainFrame (Kern.Core.Interfaces.WorldLighting.TerrainLightingFrameSnapshot frame) (at Assets/Scripts/World/Lighting/Core/LightingEngine.cs:422)
Kern.World.Lighting.TerrainLightingFramePump.ProcessLatest (Kern.Core.Interfaces.WorldLighting.ITerrainLightingExchange exchange, System.Func`2[T,TResult] processFrame) (at Assets/Scripts/World/Lighting/Core/TerrainLightingFramePump.cs:32)
Kern.World.Lighting.LightingTerrainExchangeState.ProcessLatestFrame (Kern.Core.Interfaces.WorldLighting.ITerrainLightingExchange exchange, System.Func`2[T,TResult] processFrame) (at Assets/Scripts/World/Lighting/Core/LightingTerrainExchangeState.cs:45)
Kern.World.Lighting.LightingEngine.LateUpdate () (at Assets/Scripts/World/Lighting/Core/LightingEngine.cs:386)
UnityEngine.StackTraceUtility:ExtractStringFromExceptionInternal(Object, String&, String&) (at /Users/bokken/build/output/unity/unity/Runtime/Export/Scripting/StackTrace.cs:50)

InvalidOperationException: World-entity material 'Shared Sprite Material (WorldEntityAtlas)' (shader='Kern/World Entity', passes=1, passNames=['<Unnamed Pass 0>']) is missing the LightingMaterialField pass.
Kern.Game.WorldEntityLightingEmitter.RenderField (UnityEngine.Rendering.CommandBuffer commandBuffer) (at Assets/Scripts/Game/Rendering/WorldEntityLightingEmitter.cs:116)
Kern.Game.WorldEntityLightingEmitter.RenderMaterialEmissionFields (UnityEngine.Rendering.CommandBuffer commandBuffer, Kern.Core.Interfaces.WorldLighting.LightingMaterialEmissionContext& context) (at Assets/Scripts/Game/Rendering/WorldEntityLightingEmitter.cs:72)
Kern.Game.WorldEntityBatchRenderer.RenderMaterialEmissionFields (UnityEngine.Rendering.CommandBuffer commandBuffer, Kern.Core.Interfaces.WorldLighting.LightingMaterialEmissionContext& context) (at Assets/Scripts/Game/Rendering/WorldEntityBatchRenderer.cs:407)
Kern.Game.WorldEntityBatchRenderer.Kern.Core.Interfaces.WorldLighting.ILightingGeometryContributor.RenderMaterialEmissionFields (UnityEngine.Rendering.CommandBuffer commandBuffer, Kern.Core.Interfaces.WorldLighting.LightingMaterialEmissionContext& context) (at <4ba44365926549de8cb78b28aaf5ae7e>:0)
Kern.World.Lighting.LightingGeometryRegistry.RenderMaterialEmissionFields (UnityEngine.Rendering.CommandBuffer commandBuffer, UnityEngine.RenderTexture materialField, UnityEngine.RenderTexture emissionField, UnityEngine.Vector4 worldRect, System.Boolean clearFields) (at Assets/Scripts/World/Lighting/Geometry/LightingGeometryRegistry.cs:121)
Kern.World.Lighting.GeometryLightingSolver.RecordMaterialField (UnityEngine.Rendering.CommandBuffer commandBuffer, Kern.Core.Interfaces.WorldLighting.ILightingGeometryContributor terrainGeometry, Kern.World.Lighting.LightingGeometryRegistry geometryRegistry, UnityEngine.Vector4 worldRect) (at Assets/Scripts/World/Lighting/Solvers/GeometryLightingSolver.cs:33)
Kern.World.Lighting.LightingFrameExecutor.Record (UnityEngine.Rendering.CommandBuffer commandBuffer, Kern.World.Lighting.LightingFrameRequest request, Kern.Core.Interfaces.WorldLighting.ILightingGeometryContributor terrainGeometry, UnityEngine.RenderTexture emissionField, UnityEngine.RenderTexture staticDirectTexture) (at Assets/Scripts/World/Lighting/Core/LightingFrameExecutor.cs:134)
Kern.World.Lighting.LightingUpdateCoordinator.RecordLightingFrame (UnityEngine.Rendering.CommandBuffer commandBuffer, UnityEngine.Vector4 worldRect, System.Single cellSize, System.Int32 dynamicLightCount, System.Boolean rebuildFields, System.Boolean dynamicLightsChanged, System.Boolean staticRadianceChanged, System.Boolean reuseStaticAtlas, UnityEngine.Vector2Int regionDelta, System.Collections.Generic.IReadOnlyList`1[T] dirtyRegions, System.Boolean allowStaticDependencyMask, System.Boolean dynamicRadianceChanged, Kern.World.Lighting.Quality.LightingQualityMode qualityMode, Kern.World.Lighting.LightingEngine+DebugView debugView, Kern.Core.Interfaces.WorldLighting.ILightingGeometryContributor terrainGeometry) (at Assets/Scripts/World/Lighting/Core/LightingUpdateCoordinator.cs:392)
Kern.World.Lighting.LightingUpdateCoordinator.Update (System.Int32 visibleMinX, System.Int32 visibleMinY, System.Int32 visibleWidth, System.Int32 visibleHeight, UnityEngine.Camera camera, Kern.Core.Interfaces.WorldLighting.ILightingGeometryContributor terrainGeometry, Kern.Rendering.GraphicsQualitySettings qualitySettings, Kern.World.Lighting.Quality.LightingQualityMode qualityMode, Kern.World.Lighting.LightingEngine+DebugView debugView, System.Boolean bypassLightingCompute, System.Boolean ambientOcclusionOnly) (at Assets/Scripts/World/Lighting/Core/LightingUpdateCoordinator.cs:273)
Kern.World.Lighting.LightingEngine.UpdateLightingCoordinator (Kern.Core.Interfaces.WorldLighting.TerrainLightingFrameSnapshot frame) (at Assets/Scripts/World/Lighting/Core/LightingEngine.cs:439)
Kern.World.Lighting.LightingEngine.ProcessTerrainFrame (Kern.Core.Interfaces.WorldLighting.TerrainLightingFrameSnapshot frame) (at Assets/Scripts/World/Lighting/Core/LightingEngine.cs:422)
Kern.World.Lighting.TerrainLightingFramePump.ProcessLatest (Kern.Core.Interfaces.WorldLighting.ITerrainLightingExchange exchange, System.Func`2[T,TResult] processFrame) (at Assets/Scripts/World/Lighting/Core/TerrainLightingFramePump.cs:32)
Kern.World.Lighting.LightingTerrainExchangeState.ProcessLatestFrame (Kern.Core.Interfaces.WorldLighting.ITerrainLightingExchange exchange, System.Func`2[T,TResult] processFrame) (at Assets/Scripts/World/Lighting/Core/LightingTerrainExchangeState.cs:45)
Kern.World.Lighting.LightingEngine.LateUpdate () (at Assets/Scripts/World/Lighting/Core/LightingEngine.cs:386)
UnityEngine.StackTraceUtility:ExtractStringFromExceptionInternal(Object, String&, String&) (at /Users/bokken/build/output/unity/unity/Runtime/Export/Scripting/StackTrace.cs:50)

InvalidOperationException: World-entity material 'Shared Sprite Material (WorldEntityAtlas)' (shader='Kern/World Entity', passes=1, passNames=['<Unnamed Pass 0>']) is missing the LightingMaterialField pass.
Kern.Game.WorldEntityLightingEmitter.RenderField (UnityEngine.Rendering.CommandBuffer commandBuffer) (at Assets/Scripts/Game/Rendering/WorldEntityLightingEmitter.cs:116)
Kern.Game.WorldEntityLightingEmitter.RenderMaterialEmissionFields (UnityEngine.Rendering.CommandBuffer commandBuffer, Kern.Core.Interfaces.WorldLighting.LightingMaterialEmissionContext& context) (at Assets/Scripts/Game/Rendering/WorldEntityLightingEmitter.cs:72)
Kern.Game.WorldEntityBatchRenderer.RenderMaterialEmissionFields (UnityEngine.Rendering.CommandBuffer commandBuffer, Kern.Core.Interfaces.WorldLighting.LightingMaterialEmissionContext& context) (at Assets/Scripts/Game/Rendering/WorldEntityBatchRenderer.cs:407)
Kern.Game.WorldEntityBatchRenderer.Kern.Core.Interfaces.WorldLighting.ILightingGeometryContributor.RenderMaterialEmissionFields (UnityEngine.Rendering.CommandBuffer commandBuffer, Kern.Core.Interfaces.WorldLighting.LightingMaterialEmissionContext& context) (at <4ba44365926549de8cb78b28aaf5ae7e>:0)
Kern.World.Lighting.LightingGeometryRegistry.RenderMaterialEmissionFields (UnityEngine.Rendering.CommandBuffer commandBuffer, UnityEngine.RenderTexture materialField, UnityEngine.RenderTexture emissionField, UnityEngine.Vector4 worldRect, System.Boolean clearFields) (at Assets/Scripts/World/Lighting/Geometry/LightingGeometryRegistry.cs:121)
Kern.World.Lighting.GeometryLightingSolver.RecordMaterialField (UnityEngine.Rendering.CommandBuffer commandBuffer, Kern.Core.Interfaces.WorldLighting.ILightingGeometryContributor terrainGeometry, Kern.World.Lighting.LightingGeometryRegistry geometryRegistry, UnityEngine.Vector4 worldRect) (at Assets/Scripts/World/Lighting/Solvers/GeometryLightingSolver.cs:33)
Kern.World.Lighting.LightingFrameExecutor.Record (UnityEngine.Rendering.CommandBuffer commandBuffer, Kern.World.Lighting.LightingFrameRequest request, Kern.Core.Interfaces.WorldLighting.ILightingGeometryContributor terrainGeometry, UnityEngine.RenderTexture emissionField, UnityEngine.RenderTexture staticDirectTexture) (at Assets/Scripts/World/Lighting/Core/LightingFrameExecutor.cs:134)
Kern.World.Lighting.LightingUpdateCoordinator.RecordLightingFrame (UnityEngine.Rendering.CommandBuffer commandBuffer, UnityEngine.Vector4 worldRect, System.Single cellSize, System.Int32 dynamicLightCount, System.Boolean rebuildFields, System.Boolean dynamicLightsChanged, System.Boolean staticRadianceChanged, System.Boolean reuseStaticAtlas, UnityEngine.Vector2Int regionDelta, System.Collections.Generic.IReadOnlyList`1[T] dirtyRegions, System.Boolean allowStaticDependencyMask, System.Boolean dynamicRadianceChanged, Kern.World.Lighting.Quality.LightingQualityMode qualityMode, Kern.World.Lighting.LightingEngine+DebugView debugView, Kern.Core.Interfaces.WorldLighting.ILightingGeometryContributor terrainGeometry) (at Assets/Scripts/World/Lighting/Core/LightingUpdateCoordinator.cs:392)
Kern.World.Lighting.LightingUpdateCoordinator.Update (System.Int32 visibleMinX, System.Int32 visibleMinY, System.Int32 visibleWidth, System.Int32 visibleHeight, UnityEngine.Camera camera, Kern.Core.Interfaces.WorldLighting.ILightingGeometryContributor terrainGeometry, Kern.Rendering.GraphicsQualitySettings qualitySettings, Kern.World.Lighting.Quality.LightingQualityMode qualityMode, Kern.World.Lighting.LightingEngine+DebugView debugView, System.Boolean bypassLightingCompute, System.Boolean ambientOcclusionOnly) (at Assets/Scripts/World/Lighting/Core/LightingUpdateCoordinator.cs:273)
Kern.World.Lighting.LightingEngine.UpdateLightingCoordinator (Kern.Core.Interfaces.WorldLighting.TerrainLightingFrameSnapshot frame) (at Assets/Scripts/World/Lighting/Core/LightingEngine.cs:439)
Kern.World.Lighting.LightingEngine.ProcessTerrainFrame (Kern.Core.Interfaces.WorldLighting.TerrainLightingFrameSnapshot frame) (at Assets/Scripts/World/Lighting/Core/LightingEngine.cs:422)
Kern.World.Lighting.TerrainLightingFramePump.ProcessLatest (Kern.Core.Interfaces.WorldLighting.ITerrainLightingExchange exchange, System.Func`2[T,TResult] processFrame) (at Assets/Scripts/World/Lighting/Core/TerrainLightingFramePump.cs:32)
Kern.World.Lighting.LightingTerrainExchangeState.ProcessLatestFrame (Kern.Core.Interfaces.WorldLighting.ITerrainLightingExchange exchange, System.Func`2[T,TResult] processFrame) (at Assets/Scripts/World/Lighting/Core/LightingTerrainExchangeState.cs:45)
Kern.World.Lighting.LightingEngine.LateUpdate () (at Assets/Scripts/World/Lighting/Core/LightingEngine.cs:386)
UnityEngine.StackTraceUtility:ExtractStringFromExceptionInternal(Object, String&, String&) (at /Users/bokken/build/output/unity/unity/Runtime/Export/Scripting/StackTrace.cs:50)

InvalidOperationException: World-entity material 'Shared Sprite Material (WorldEntityAtlas)' (shader='Kern/World Entity', passes=1, passNames=['<Unnamed Pass 0>']) is missing the LightingMaterialField pass.
Kern.Game.WorldEntityLightingEmitter.RenderField (UnityEngine.Rendering.CommandBuffer commandBuffer) (at Assets/Scripts/Game/Rendering/WorldEntityLightingEmitter.cs:116)
Kern.Game.WorldEntityLightingEmitter.RenderMaterialEmissionFields (UnityEngine.Rendering.CommandBuffer commandBuffer, Kern.Core.Interfaces.WorldLighting.LightingMaterialEmissionContext& context) (at Assets/Scripts/Game/Rendering/WorldEntityLightingEmitter.cs:72)
Kern.Game.WorldEntityBatchRenderer.RenderMaterialEmissionFields (UnityEngine.Rendering.CommandBuffer commandBuffer, Kern.Core.Interfaces.WorldLighting.LightingMaterialEmissionContext& context) (at Assets/Scripts/Game/Rendering/WorldEntityBatchRenderer.cs:407)
Kern.Game.WorldEntityBatchRenderer.Kern.Core.Interfaces.WorldLighting.ILightingGeometryContributor.RenderMaterialEmissionFields (UnityEngine.Rendering.CommandBuffer commandBuffer, Kern.Core.Interfaces.WorldLighting.LightingMaterialEmissionContext& context) (at <4ba44365926549de8cb78b28aaf5ae7e>:0)
Kern.World.Lighting.LightingGeometryRegistry.RenderMaterialEmissionFields (UnityEngine.Rendering.CommandBuffer commandBuffer, UnityEngine.RenderTexture materialField, UnityEngine.RenderTexture emissionField, UnityEngine.Vector4 worldRect, System.Boolean clearFields) (at Assets/Scripts/World/Lighting/Geometry/LightingGeometryRegistry.cs:121)
Kern.World.Lighting.GeometryLightingSolver.RecordMaterialField (UnityEngine.Rendering.CommandBuffer commandBuffer, Kern.Core.Interfaces.WorldLighting.ILightingGeometryContributor terrainGeometry, Kern.World.Lighting.LightingGeometryRegistry geometryRegistry, UnityEngine.Vector4 worldRect) (at Assets/Scripts/World/Lighting/Solvers/GeometryLightingSolver.cs:33)
Kern.World.Lighting.LightingFrameExecutor.Record (UnityEngine.Rendering.CommandBuffer commandBuffer, Kern.World.Lighting.LightingFrameRequest request, Kern.Core.Interfaces.WorldLighting.ILightingGeometryContributor terrainGeometry, UnityEngine.RenderTexture emissionField, UnityEngine.RenderTexture staticDirectTexture) (at Assets/Scripts/World/Lighting/Core/LightingFrameExecutor.cs:134)
Kern.World.Lighting.LightingUpdateCoordinator.RecordLightingFrame (UnityEngine.Rendering.CommandBuffer commandBuffer, UnityEngine.Vector4 worldRect, System.Single cellSize, System.Int32 dynamicLightCount, System.Boolean rebuildFields, System.Boolean dynamicLightsChanged, System.Boolean staticRadianceChanged, System.Boolean reuseStaticAtlas, UnityEngine.Vector2Int regionDelta, System.Collections.Generic.IReadOnlyList`1[T] dirtyRegions, System.Boolean allowStaticDependencyMask, System.Boolean dynamicRadianceChanged, Kern.World.Lighting.Quality.LightingQualityMode qualityMode, Kern.World.Lighting.LightingEngine+DebugView debugView, Kern.Core.Interfaces.WorldLighting.ILightingGeometryContributor terrainGeometry) (at Assets/Scripts/World/Lighting/Core/LightingUpdateCoordinator.cs:392)
Kern.World.Lighting.LightingUpdateCoordinator.Update (System.Int32 visibleMinX, System.Int32 visibleMinY, System.Int32 visibleWidth, System.Int32 visibleHeight, UnityEngine.Camera camera, Kern.Core.Interfaces.WorldLighting.ILightingGeometryContributor terrainGeometry, Kern.Rendering.GraphicsQualitySettings qualitySettings, Kern.World.Lighting.Quality.LightingQualityMode qualityMode, Kern.World.Lighting.LightingEngine+DebugView debugView, System.Boolean bypassLightingCompute, System.Boolean ambientOcclusionOnly) (at Assets/Scripts/World/Lighting/Core/LightingUpdateCoordinator.cs:273)
Kern.World.Lighting.LightingEngine.UpdateLightingCoordinator (Kern.Core.Interfaces.WorldLighting.TerrainLightingFrameSnapshot frame) (at Assets/Scripts/World/Lighting/Core/LightingEngine.cs:439)
Kern.World.Lighting.LightingEngine.ProcessTerrainFrame (Kern.Core.Interfaces.WorldLighting.TerrainLightingFrameSnapshot frame) (at Assets/Scripts/World/Lighting/Core/LightingEngine.cs:422)
Kern.World.Lighting.TerrainLightingFramePump.ProcessLatest (Kern.Core.Interfaces.WorldLighting.ITerrainLightingExchange exchange, System.Func`2[T,TResult] processFrame) (at Assets/Scripts/World/Lighting/Core/TerrainLightingFramePump.cs:32)
Kern.World.Lighting.LightingTerrainExchangeState.ProcessLatestFrame (Kern.Core.Interfaces.WorldLighting.ITerrainLightingExchange exchange, System.Func`2[T,TResult] processFrame) (at Assets/Scripts/World/Lighting/Core/LightingTerrainExchangeState.cs:45)
Kern.World.Lighting.LightingEngine.LateUpdate () (at Assets/Scripts/World/Lighting/Core/LightingEngine.cs:386)
UnityEngine.StackTraceUtility:ExtractStringFromExceptionInternal(Object, String&, String&) (at /Users/bokken/build/output/unity/unity/Runtime/Export/Scripting/StackTrace.cs:50)

InvalidOperationException: World-entity material 'Shared Sprite Material (WorldEntityAtlas)' (shader='Kern/World Entity', passes=1, passNames=['<Unnamed Pass 0>']) is missing the LightingMaterialField pass.
Kern.Game.WorldEntityLightingEmitter.RenderField (UnityEngine.Rendering.CommandBuffer commandBuffer) (at Assets/Scripts/Game/Rendering/WorldEntityLightingEmitter.cs:116)
Kern.Game.WorldEntityLightingEmitter.RenderMaterialEmissionFields (UnityEngine.Rendering.CommandBuffer commandBuffer, Kern.Core.Interfaces.WorldLighting.LightingMaterialEmissionContext& context) (at Assets/Scripts/Game/Rendering/WorldEntityLightingEmitter.cs:72)
Kern.Game.WorldEntityBatchRenderer.RenderMaterialEmissionFields (UnityEngine.Rendering.CommandBuffer commandBuffer, Kern.Core.Interfaces.WorldLighting.LightingMaterialEmissionContext& context) (at Assets/Scripts/Game/Rendering/WorldEntityBatchRenderer.cs:407)
Kern.Game.WorldEntityBatchRenderer.Kern.Core.Interfaces.WorldLighting.ILightingGeometryContributor.RenderMaterialEmissionFields (UnityEngine.Rendering.CommandBuffer commandBuffer, Kern.Core.Interfaces.WorldLighting.LightingMaterialEmissionContext& context) (at <4ba44365926549de8cb78b28aaf5ae7e>:0)
Kern.World.Lighting.LightingGeometryRegistry.RenderMaterialEmissionFields (UnityEngine.Rendering.CommandBuffer commandBuffer, UnityEngine.RenderTexture materialField, UnityEngine.RenderTexture emissionField, UnityEngine.Vector4 worldRect, System.Boolean clearFields) (at Assets/Scripts/World/Lighting/Geometry/LightingGeometryRegistry.cs:121)
Kern.World.Lighting.GeometryLightingSolver.RecordMaterialField (UnityEngine.Rendering.CommandBuffer commandBuffer, Kern.Core.Interfaces.WorldLighting.ILightingGeometryContributor terrainGeometry, Kern.World.Lighting.LightingGeometryRegistry geometryRegistry, UnityEngine.Vector4 worldRect) (at Assets/Scripts/World/Lighting/Solvers/GeometryLightingSolver.cs:33)
Kern.World.Lighting.LightingFrameExecutor.Record (UnityEngine.Rendering.CommandBuffer commandBuffer, Kern.World.Lighting.LightingFrameRequest request, Kern.Core.Interfaces.WorldLighting.ILightingGeometryContributor terrainGeometry, UnityEngine.RenderTexture emissionField, UnityEngine.RenderTexture staticDirectTexture) (at Assets/Scripts/World/Lighting/Core/LightingFrameExecutor.cs:134)
Kern.World.Lighting.LightingUpdateCoordinator.RecordLightingFrame (UnityEngine.Rendering.CommandBuffer commandBuffer, UnityEngine.Vector4 worldRect, System.Single cellSize, System.Int32 dynamicLightCount, System.Boolean rebuildFields, System.Boolean dynamicLightsChanged, System.Boolean staticRadianceChanged, System.Boolean reuseStaticAtlas, UnityEngine.Vector2Int regionDelta, System.Collections.Generic.IReadOnlyList`1[T] dirtyRegions, System.Boolean allowStaticDependencyMask, System.Boolean dynamicRadianceChanged, Kern.World.Lighting.Quality.LightingQualityMode qualityMode, Kern.World.Lighting.LightingEngine+DebugView debugView, Kern.Core.Interfaces.WorldLighting.ILightingGeometryContributor terrainGeometry) (at Assets/Scripts/World/Lighting/Core/LightingUpdateCoordinator.cs:392)
Kern.World.Lighting.LightingUpdateCoordinator.Update (System.Int32 visibleMinX, System.Int32 visibleMinY, System.Int32 visibleWidth, System.Int32 visibleHeight, UnityEngine.Camera camera, Kern.Core.Interfaces.WorldLighting.ILightingGeometryContributor terrainGeometry, Kern.Rendering.GraphicsQualitySettings qualitySettings, Kern.World.Lighting.Quality.LightingQualityMode qualityMode, Kern.World.Lighting.LightingEngine+DebugView debugView, System.Boolean bypassLightingCompute, System.Boolean ambientOcclusionOnly) (at Assets/Scripts/World/Lighting/Core/LightingUpdateCoordinator.cs:273)
Kern.World.Lighting.LightingEngine.UpdateLightingCoordinator (Kern.Core.Interfaces.WorldLighting.TerrainLightingFrameSnapshot frame) (at Assets/Scripts/World/Lighting/Core/LightingEngine.cs:439)
Kern.World.Lighting.LightingEngine.ProcessTerrainFrame (Kern.Core.Interfaces.WorldLighting.TerrainLightingFrameSnapshot frame) (at Assets/Scripts/World/Lighting/Core/LightingEngine.cs:422)
Kern.World.Lighting.TerrainLightingFramePump.ProcessLatest (Kern.Core.Interfaces.WorldLighting.ITerrainLightingExchange exchange, System.Func`2[T,TResult] processFrame) (at Assets/Scripts/World/Lighting/Core/TerrainLightingFramePump.cs:32)
Kern.World.Lighting.LightingTerrainExchangeState.ProcessLatestFrame (Kern.Core.Interfaces.WorldLighting.ITerrainLightingExchange exchange, System.Func`2[T,TResult] processFrame) (at Assets/Scripts/World/Lighting/Core/LightingTerrainExchangeState.cs:45)
Kern.World.Lighting.LightingEngine.LateUpdate () (at Assets/Scripts/World/Lighting/Core/LightingEngine.cs:386)
UnityEngine.StackTraceUtility:ExtractStringFromExceptionInternal(Object, String&, String&) (at /Users/bokken/build/output/unity/unity/Runtime/Export/Scripting/StackTrace.cs:50)

InvalidOperationException: World-entity material 'Shared Sprite Material (WorldEntityAtlas)' (shader='Kern/World Entity', passes=1, passNames=['<Unnamed Pass 0>']) is missing the LightingMaterialField pass.
Kern.Game.WorldEntityLightingEmitter.RenderField (UnityEngine.Rendering.CommandBuffer commandBuffer) (at Assets/Scripts/Game/Rendering/WorldEntityLightingEmitter.cs:116)
Kern.Game.WorldEntityLightingEmitter.RenderMaterialEmissionFields (UnityEngine.Rendering.CommandBuffer commandBuffer, Kern.Core.Interfaces.WorldLighting.LightingMaterialEmissionContext& context) (at Assets/Scripts/Game/Rendering/WorldEntityLightingEmitter.cs:72)
Kern.Game.WorldEntityBatchRenderer.RenderMaterialEmissionFields (UnityEngine.Rendering.CommandBuffer commandBuffer, Kern.Core.Interfaces.WorldLighting.LightingMaterialEmissionContext& context) (at Assets/Scripts/Game/Rendering/WorldEntityBatchRenderer.cs:407)
Kern.Game.WorldEntityBatchRenderer.Kern.Core.Interfaces.WorldLighting.ILightingGeometryContributor.RenderMaterialEmissionFields (UnityEngine.Rendering.CommandBuffer commandBuffer, Kern.Core.Interfaces.WorldLighting.LightingMaterialEmissionContext& context) (at <4ba44365926549de8cb78b28aaf5ae7e>:0)
Kern.World.Lighting.LightingGeometryRegistry.RenderMaterialEmissionFields (UnityEngine.Rendering.CommandBuffer commandBuffer, UnityEngine.RenderTexture materialField, UnityEngine.RenderTexture emissionField, UnityEngine.Vector4 worldRect, System.Boolean clearFields) (at Assets/Scripts/World/Lighting/Geometry/LightingGeometryRegistry.cs:121)
Kern.World.Lighting.GeometryLightingSolver.RecordMaterialField (UnityEngine.Rendering.CommandBuffer commandBuffer, Kern.Core.Interfaces.WorldLighting.ILightingGeometryContributor terrainGeometry, Kern.World.Lighting.LightingGeometryRegistry geometryRegistry, UnityEngine.Vector4 worldRect) (at Assets/Scripts/World/Lighting/Solvers/GeometryLightingSolver.cs:33)
Kern.World.Lighting.LightingFrameExecutor.Record (UnityEngine.Rendering.CommandBuffer commandBuffer, Kern.World.Lighting.LightingFrameRequest request, Kern.Core.Interfaces.WorldLighting.ILightingGeometryContributor terrainGeometry, UnityEngine.RenderTexture emissionField, UnityEngine.RenderTexture staticDirectTexture) (at Assets/Scripts/World/Lighting/Core/LightingFrameExecutor.cs:134)
Kern.World.Lighting.LightingUpdateCoordinator.RecordLightingFrame (UnityEngine.Rendering.CommandBuffer commandBuffer, UnityEngine.Vector4 worldRect, System.Single cellSize, System.Int32 dynamicLightCount, System.Boolean rebuildFields, System.Boolean dynamicLightsChanged, System.Boolean staticRadianceChanged, System.Boolean reuseStaticAtlas, UnityEngine.Vector2Int regionDelta, System.Collections.Generic.IReadOnlyList`1[T] dirtyRegions, System.Boolean allowStaticDependencyMask, System.Boolean dynamicRadianceChanged, Kern.World.Lighting.Quality.LightingQualityMode qualityMode, Kern.World.Lighting.LightingEngine+DebugView debugView, Kern.Core.Interfaces.WorldLighting.ILightingGeometryContributor terrainGeometry) (at Assets/Scripts/World/Lighting/Core/LightingUpdateCoordinator.cs:392)
Kern.World.Lighting.LightingUpdateCoordinator.Update (System.Int32 visibleMinX, System.Int32 visibleMinY, System.Int32 visibleWidth, System.Int32 visibleHeight, UnityEngine.Camera camera, Kern.Core.Interfaces.WorldLighting.ILightingGeometryContributor terrainGeometry, Kern.Rendering.GraphicsQualitySettings qualitySettings, Kern.World.Lighting.Quality.LightingQualityMode qualityMode, Kern.World.Lighting.LightingEngine+DebugView debugView, System.Boolean bypassLightingCompute, System.Boolean ambientOcclusionOnly) (at Assets/Scripts/World/Lighting/Core/LightingUpdateCoordinator.cs:273)
Kern.World.Lighting.LightingEngine.UpdateLightingCoordinator (Kern.Core.Interfaces.WorldLighting.TerrainLightingFrameSnapshot frame) (at Assets/Scripts/World/Lighting/Core/LightingEngine.cs:439)
Kern.World.Lighting.LightingEngine.ProcessTerrainFrame (Kern.Core.Interfaces.WorldLighting.TerrainLightingFrameSnapshot frame) (at Assets/Scripts/World/Lighting/Core/LightingEngine.cs:422)
Kern.World.Lighting.TerrainLightingFramePump.ProcessLatest (Kern.Core.Interfaces.WorldLighting.ITerrainLightingExchange exchange, System.Func`2[T,TResult] processFrame) (at Assets/Scripts/World/Lighting/Core/TerrainLightingFramePump.cs:32)
Kern.World.Lighting.LightingTerrainExchangeState.ProcessLatestFrame (Kern.Core.Interfaces.WorldLighting.ITerrainLightingExchange exchange, System.Func`2[T,TResult] processFrame) (at Assets/Scripts/World/Lighting/Core/LightingTerrainExchangeState.cs:45)
Kern.World.Lighting.LightingEngine.LateUpdate () (at Assets/Scripts/World/Lighting/Core/LightingEngine.cs:386)
UnityEngine.StackTraceUtility:ExtractStringFromExceptionInternal(Object, String&, String&) (at /Users/bokken/build/output/unity/unity/Runtime/Export/Scripting/StackTrace.cs:50)

InvalidOperationException: World-entity material 'Shared Sprite Material (WorldEntityAtlas)' (shader='Kern/World Entity', passes=1, passNames=['<Unnamed Pass 0>']) is missing the LightingMaterialField pass.
Kern.Game.WorldEntityLightingEmitter.RenderField (UnityEngine.Rendering.CommandBuffer commandBuffer) (at Assets/Scripts/Game/Rendering/WorldEntityLightingEmitter.cs:116)
Kern.Game.WorldEntityLightingEmitter.RenderMaterialEmissionFields (UnityEngine.Rendering.CommandBuffer commandBuffer, Kern.Core.Interfaces.WorldLighting.LightingMaterialEmissionContext& context) (at Assets/Scripts/Game/Rendering/WorldEntityLightingEmitter.cs:72)
Kern.Game.WorldEntityBatchRenderer.RenderMaterialEmissionFields (UnityEngine.Rendering.CommandBuffer commandBuffer, Kern.Core.Interfaces.WorldLighting.LightingMaterialEmissionContext& context) (at Assets/Scripts/Game/Rendering/WorldEntityBatchRenderer.cs:407)
Kern.Game.WorldEntityBatchRenderer.Kern.Core.Interfaces.WorldLighting.ILightingGeometryContributor.RenderMaterialEmissionFields (UnityEngine.Rendering.CommandBuffer commandBuffer, Kern.Core.Interfaces.WorldLighting.LightingMaterialEmissionContext& context) (at <4ba44365926549de8cb78b28aaf5ae7e>:0)
Kern.World.Lighting.LightingGeometryRegistry.RenderMaterialEmissionFields (UnityEngine.Rendering.CommandBuffer commandBuffer, UnityEngine.RenderTexture materialField, UnityEngine.RenderTexture emissionField, UnityEngine.Vector4 worldRect, System.Boolean clearFields) (at Assets/Scripts/World/Lighting/Geometry/LightingGeometryRegistry.cs:121)
Kern.World.Lighting.GeometryLightingSolver.RecordMaterialField (UnityEngine.Rendering.CommandBuffer commandBuffer, Kern.Core.Interfaces.WorldLighting.ILightingGeometryContributor terrainGeometry, Kern.World.Lighting.LightingGeometryRegistry geometryRegistry, UnityEngine.Vector4 worldRect) (at Assets/Scripts/World/Lighting/Solvers/GeometryLightingSolver.cs:33)
Kern.World.Lighting.LightingFrameExecutor.Record (UnityEngine.Rendering.CommandBuffer commandBuffer, Kern.World.Lighting.LightingFrameRequest request, Kern.Core.Interfaces.WorldLighting.ILightingGeometryContributor terrainGeometry, UnityEngine.RenderTexture emissionField, UnityEngine.RenderTexture staticDirectTexture) (at Assets/Scripts/World/Lighting/Core/LightingFrameExecutor.cs:134)
Kern.World.Lighting.LightingUpdateCoordinator.RecordLightingFrame (UnityEngine.Rendering.CommandBuffer commandBuffer, UnityEngine.Vector4 worldRect, System.Single cellSize, System.Int32 dynamicLightCount, System.Boolean rebuildFields, System.Boolean dynamicLightsChanged, System.Boolean staticRadianceChanged, System.Boolean reuseStaticAtlas, UnityEngine.Vector2Int regionDelta, System.Collections.Generic.IReadOnlyList`1[T] dirtyRegions, System.Boolean allowStaticDependencyMask, System.Boolean dynamicRadianceChanged, Kern.World.Lighting.Quality.LightingQualityMode qualityMode, Kern.World.Lighting.LightingEngine+DebugView debugView, Kern.Core.Interfaces.WorldLighting.ILightingGeometryContributor terrainGeometry) (at Assets/Scripts/World/Lighting/Core/LightingUpdateCoordinator.cs:392)
Kern.World.Lighting.LightingUpdateCoordinator.Update (System.Int32 visibleMinX, System.Int32 visibleMinY, System.Int32 visibleWidth, System.Int32 visibleHeight, UnityEngine.Camera camera, Kern.Core.Interfaces.WorldLighting.ILightingGeometryContributor terrainGeometry, Kern.Rendering.GraphicsQualitySettings qualitySettings, Kern.World.Lighting.Quality.LightingQualityMode qualityMode, Kern.World.Lighting.LightingEngine+DebugView debugView, System.Boolean bypassLightingCompute, System.Boolean ambientOcclusionOnly) (at Assets/Scripts/World/Lighting/Core/LightingUpdateCoordinator.cs:273)
Kern.World.Lighting.LightingEngine.UpdateLightingCoordinator (Kern.Core.Interfaces.WorldLighting.TerrainLightingFrameSnapshot frame) (at Assets/Scripts/World/Lighting/Core/LightingEngine.cs:439)
Kern.World.Lighting.LightingEngine.ProcessTerrainFrame (Kern.Core.Interfaces.WorldLighting.TerrainLightingFrameSnapshot frame) (at Assets/Scripts/World/Lighting/Core/LightingEngine.cs:422)
Kern.World.Lighting.TerrainLightingFramePump.ProcessLatest (Kern.Core.Interfaces.WorldLighting.ITerrainLightingExchange exchange, System.Func`2[T,TResult] processFrame) (at Assets/Scripts/World/Lighting/Core/TerrainLightingFramePump.cs:32)
Kern.World.Lighting.LightingTerrainExchangeState.ProcessLatestFrame (Kern.Core.Interfaces.WorldLighting.ITerrainLightingExchange exchange, System.Func`2[T,TResult] processFrame) (at Assets/Scripts/World/Lighting/Core/LightingTerrainExchangeState.cs:45)
Kern.World.Lighting.LightingEngine.LateUpdate () (at Assets/Scripts/World/Lighting/Core/LightingEngine.cs:386)
UnityEngine.StackTraceUtility:ExtractStringFromExceptionInternal(Object, String&, String&) (at /Users/bokken/build/output/unity/unity/Runtime/Export/Scripting/StackTrace.cs:50)

InvalidOperationException: World-entity material 'Shared Sprite Material (WorldEntityAtlas)' (shader='Kern/World Entity', passes=1, passNames=['<Unnamed Pass 0>']) is missing the LightingMaterialField pass.
Kern.Game.WorldEntityLightingEmitter.RenderField (UnityEngine.Rendering.CommandBuffer commandBuffer) (at Assets/Scripts/Game/Rendering/WorldEntityLightingEmitter.cs:116)
Kern.Game.WorldEntityLightingEmitter.RenderMaterialEmissionFields (UnityEngine.Rendering.CommandBuffer commandBuffer, Kern.Core.Interfaces.WorldLighting.LightingMaterialEmissionContext& context) (at Assets/Scripts/Game/Rendering/WorldEntityLightingEmitter.cs:72)
Kern.Game.WorldEntityBatchRenderer.RenderMaterialEmissionFields (UnityEngine.Rendering.CommandBuffer commandBuffer, Kern.Core.Interfaces.WorldLighting.LightingMaterialEmissionContext& context) (at Assets/Scripts/Game/Rendering/WorldEntityBatchRenderer.cs:407)
Kern.Game.WorldEntityBatchRenderer.Kern.Core.Interfaces.WorldLighting.ILightingGeometryContributor.RenderMaterialEmissionFields (UnityEngine.Rendering.CommandBuffer commandBuffer, Kern.Core.Interfaces.WorldLighting.LightingMaterialEmissionContext& context) (at <4ba44365926549de8cb78b28aaf5ae7e>:0)
Kern.World.Lighting.LightingGeometryRegistry.RenderMaterialEmissionFields (UnityEngine.Rendering.CommandBuffer commandBuffer, UnityEngine.RenderTexture materialField, UnityEngine.RenderTexture emissionField, UnityEngine.Vector4 worldRect, System.Boolean clearFields) (at Assets/Scripts/World/Lighting/Geometry/LightingGeometryRegistry.cs:121)
Kern.World.Lighting.GeometryLightingSolver.RecordMaterialField (UnityEngine.Rendering.CommandBuffer commandBuffer, Kern.Core.Interfaces.WorldLighting.ILightingGeometryContributor terrainGeometry, Kern.World.Lighting.LightingGeometryRegistry geometryRegistry, UnityEngine.Vector4 worldRect) (at Assets/Scripts/World/Lighting/Solvers/GeometryLightingSolver.cs:33)
Kern.World.Lighting.LightingFrameExecutor.Record (UnityEngine.Rendering.CommandBuffer commandBuffer, Kern.World.Lighting.LightingFrameRequest request, Kern.Core.Interfaces.WorldLighting.ILightingGeometryContributor terrainGeometry, UnityEngine.RenderTexture emissionField, UnityEngine.RenderTexture staticDirectTexture) (at Assets/Scripts/World/Lighting/Core/LightingFrameExecutor.cs:134)
Kern.World.Lighting.LightingUpdateCoordinator.RecordLightingFrame (UnityEngine.Rendering.CommandBuffer commandBuffer, UnityEngine.Vector4 worldRect, System.Single cellSize, System.Int32 dynamicLightCount, System.Boolean rebuildFields, System.Boolean dynamicLightsChanged, System.Boolean staticRadianceChanged, System.Boolean reuseStaticAtlas, UnityEngine.Vector2Int regionDelta, System.Collections.Generic.IReadOnlyList`1[T] dirtyRegions, System.Boolean allowStaticDependencyMask, System.Boolean dynamicRadianceChanged, Kern.World.Lighting.Quality.LightingQualityMode qualityMode, Kern.World.Lighting.LightingEngine+DebugView debugView, Kern.Core.Interfaces.WorldLighting.ILightingGeometryContributor terrainGeometry) (at Assets/Scripts/World/Lighting/Core/LightingUpdateCoordinator.cs:392)
Kern.World.Lighting.LightingUpdateCoordinator.Update (System.Int32 visibleMinX, System.Int32 visibleMinY, System.Int32 visibleWidth, System.Int32 visibleHeight, UnityEngine.Camera camera, Kern.Core.Interfaces.WorldLighting.ILightingGeometryContributor terrainGeometry, Kern.Rendering.GraphicsQualitySettings qualitySettings, Kern.World.Lighting.Quality.LightingQualityMode qualityMode, Kern.World.Lighting.LightingEngine+DebugView debugView, System.Boolean bypassLightingCompute, System.Boolean ambientOcclusionOnly) (at Assets/Scripts/World/Lighting/Core/LightingUpdateCoordinator.cs:273)
Kern.World.Lighting.LightingEngine.UpdateLightingCoordinator (Kern.Core.Interfaces.WorldLighting.TerrainLightingFrameSnapshot frame) (at Assets/Scripts/World/Lighting/Core/LightingEngine.cs:439)
Kern.World.Lighting.LightingEngine.ProcessTerrainFrame (Kern.Core.Interfaces.WorldLighting.TerrainLightingFrameSnapshot frame) (at Assets/Scripts/World/Lighting/Core/LightingEngine.cs:422)
Kern.World.Lighting.TerrainLightingFramePump.ProcessLatest (Kern.Core.Interfaces.WorldLighting.ITerrainLightingExchange exchange, System.Func`2[T,TResult] processFrame) (at Assets/Scripts/World/Lighting/Core/TerrainLightingFramePump.cs:32)
Kern.World.Lighting.LightingTerrainExchangeState.ProcessLatestFrame (Kern.Core.Interfaces.WorldLighting.ITerrainLightingExchange exchange, System.Func`2[T,TResult] processFrame) (at Assets/Scripts/World/Lighting/Core/LightingTerrainExchangeState.cs:45)
Kern.World.Lighting.LightingEngine.LateUpdate () (at Assets/Scripts/World/Lighting/Core/LightingEngine.cs:386)
UnityEngine.StackTraceUtility:ExtractStringFromExceptionInternal(Object, String&, String&) (at /Users/bokken/build/output/unity/unity/Runtime/Export/Scripting/StackTrace.cs:50)

InvalidOperationException: World-entity material 'Shared Sprite Material (WorldEntityAtlas)' (shader='Kern/World Entity', passes=1, passNames=['<Unnamed Pass 0>']) is missing the LightingMaterialField pass.
Kern.Game.WorldEntityLightingEmitter.RenderField (UnityEngine.Rendering.CommandBuffer commandBuffer) (at Assets/Scripts/Game/Rendering/WorldEntityLightingEmitter.cs:116)
Kern.Game.WorldEntityLightingEmitter.RenderMaterialEmissionFields (UnityEngine.Rendering.CommandBuffer commandBuffer, Kern.Core.Interfaces.WorldLighting.LightingMaterialEmissionContext& context) (at Assets/Scripts/Game/Rendering/WorldEntityLightingEmitter.cs:72)
Kern.Game.WorldEntityBatchRenderer.RenderMaterialEmissionFields (UnityEngine.Rendering.CommandBuffer commandBuffer, Kern.Core.Interfaces.WorldLighting.LightingMaterialEmissionContext& context) (at Assets/Scripts/Game/Rendering/WorldEntityBatchRenderer.cs:407)
Kern.Game.WorldEntityBatchRenderer.Kern.Core.Interfaces.WorldLighting.ILightingGeometryContributor.RenderMaterialEmissionFields (UnityEngine.Rendering.CommandBuffer commandBuffer, Kern.Core.Interfaces.WorldLighting.LightingMaterialEmissionContext& context) (at <4ba44365926549de8cb78b28aaf5ae7e>:0)
Kern.World.Lighting.LightingGeometryRegistry.RenderMaterialEmissionFields (UnityEngine.Rendering.CommandBuffer commandBuffer, UnityEngine.RenderTexture materialField, UnityEngine.RenderTexture emissionField, UnityEngine.Vector4 worldRect, System.Boolean clearFields) (at Assets/Scripts/World/Lighting/Geometry/LightingGeometryRegistry.cs:121)
Kern.World.Lighting.GeometryLightingSolver.RecordMaterialField (UnityEngine.Rendering.CommandBuffer commandBuffer, Kern.Core.Interfaces.WorldLighting.ILightingGeometryContributor terrainGeometry, Kern.World.Lighting.LightingGeometryRegistry geometryRegistry, UnityEngine.Vector4 worldRect) (at Assets/Scripts/World/Lighting/Solvers/GeometryLightingSolver.cs:33)
Kern.World.Lighting.LightingFrameExecutor.Record (UnityEngine.Rendering.CommandBuffer commandBuffer, Kern.World.Lighting.LightingFrameRequest request, Kern.Core.Interfaces.WorldLighting.ILightingGeometryContributor terrainGeometry, UnityEngine.RenderTexture emissionField, UnityEngine.RenderTexture staticDirectTexture) (at Assets/Scripts/World/Lighting/Core/LightingFrameExecutor.cs:134)
Kern.World.Lighting.LightingUpdateCoordinator.RecordLightingFrame (UnityEngine.Rendering.CommandBuffer commandBuffer, UnityEngine.Vector4 worldRect, System.Single cellSize, System.Int32 dynamicLightCount, System.Boolean rebuildFields, System.Boolean dynamicLightsChanged, System.Boolean staticRadianceChanged, System.Boolean reuseStaticAtlas, UnityEngine.Vector2Int regionDelta, System.Collections.Generic.IReadOnlyList`1[T] dirtyRegions, System.Boolean allowStaticDependencyMask, System.Boolean dynamicRadianceChanged, Kern.World.Lighting.Quality.LightingQualityMode qualityMode, Kern.World.Lighting.LightingEngine+DebugView debugView, Kern.Core.Interfaces.WorldLighting.ILightingGeometryContributor terrainGeometry) (at Assets/Scripts/World/Lighting/Core/LightingUpdateCoordinator.cs:392)
Kern.World.Lighting.LightingUpdateCoordinator.Update (System.Int32 visibleMinX, System.Int32 visibleMinY, System.Int32 visibleWidth, System.Int32 visibleHeight, UnityEngine.Camera camera, Kern.Core.Interfaces.WorldLighting.ILightingGeometryContributor terrainGeometry, Kern.Rendering.GraphicsQualitySettings qualitySettings, Kern.World.Lighting.Quality.LightingQualityMode qualityMode, Kern.World.Lighting.LightingEngine+DebugView debugView, System.Boolean bypassLightingCompute, System.Boolean ambientOcclusionOnly) (at Assets/Scripts/World/Lighting/Core/LightingUpdateCoordinator.cs:273)
Kern.World.Lighting.LightingEngine.UpdateLightingCoordinator (Kern.Core.Interfaces.WorldLighting.TerrainLightingFrameSnapshot frame) (at Assets/Scripts/World/Lighting/Core/LightingEngine.cs:439)
Kern.World.Lighting.LightingEngine.ProcessTerrainFrame (Kern.Core.Interfaces.WorldLighting.TerrainLightingFrameSnapshot frame) (at Assets/Scripts/World/Lighting/Core/LightingEngine.cs:422)
Kern.World.Lighting.TerrainLightingFramePump.ProcessLatest (Kern.Core.Interfaces.WorldLighting.ITerrainLightingExchange exchange, System.Func`2[T,TResult] processFrame) (at Assets/Scripts/World/Lighting/Core/TerrainLightingFramePump.cs:32)
Kern.World.Lighting.LightingTerrainExchangeState.ProcessLatestFrame (Kern.Core.Interfaces.WorldLighting.ITerrainLightingExchange exchange, System.Func`2[T,TResult] processFrame) (at Assets/Scripts/World/Lighting/Core/LightingTerrainExchangeState.cs:45)
Kern.World.Lighting.LightingEngine.LateUpdate () (at Assets/Scripts/World/Lighting/Core/LightingEngine.cs:386)
UnityEngine.StackTraceUtility:ExtractStringFromExceptionInternal(Object, String&, String&) (at /Users/bokken/build/output/unity/unity/Runtime/Export/Scripting/StackTrace.cs:50)

InvalidOperationException: World-entity material 'Shared Sprite Material (WorldEntityAtlas)' (shader='Kern/World Entity', passes=1, passNames=['<Unnamed Pass 0>']) is missing the LightingMaterialField pass.
Kern.Game.WorldEntityLightingEmitter.RenderField (UnityEngine.Rendering.CommandBuffer commandBuffer) (at Assets/Scripts/Game/Rendering/WorldEntityLightingEmitter.cs:116)
Kern.Game.WorldEntityLightingEmitter.RenderMaterialEmissionFields (UnityEngine.Rendering.CommandBuffer commandBuffer, Kern.Core.Interfaces.WorldLighting.LightingMaterialEmissionContext& context) (at Assets/Scripts/Game/Rendering/WorldEntityLightingEmitter.cs:72)
Kern.Game.WorldEntityBatchRenderer.RenderMaterialEmissionFields (UnityEngine.Rendering.CommandBuffer commandBuffer, Kern.Core.Interfaces.WorldLighting.LightingMaterialEmissionContext& context) (at Assets/Scripts/Game/Rendering/WorldEntityBatchRenderer.cs:407)
Kern.Game.WorldEntityBatchRenderer.Kern.Core.Interfaces.WorldLighting.ILightingGeometryContributor.RenderMaterialEmissionFields (UnityEngine.Rendering.CommandBuffer commandBuffer, Kern.Core.Interfaces.WorldLighting.LightingMaterialEmissionContext& context) (at <4ba44365926549de8cb78b28aaf5ae7e>:0)
Kern.World.Lighting.LightingGeometryRegistry.RenderMaterialEmissionFields (UnityEngine.Rendering.CommandBuffer commandBuffer, UnityEngine.RenderTexture materialField, UnityEngine.RenderTexture emissionField, UnityEngine.Vector4 worldRect, System.Boolean clearFields) (at Assets/Scripts/World/Lighting/Geometry/LightingGeometryRegistry.cs:121)
Kern.World.Lighting.GeometryLightingSolver.RecordMaterialField (UnityEngine.Rendering.CommandBuffer commandBuffer, Kern.Core.Interfaces.WorldLighting.ILightingGeometryContributor terrainGeometry, Kern.World.Lighting.LightingGeometryRegistry geometryRegistry, UnityEngine.Vector4 worldRect) (at Assets/Scripts/World/Lighting/Solvers/GeometryLightingSolver.cs:33)
Kern.World.Lighting.LightingFrameExecutor.Record (UnityEngine.Rendering.CommandBuffer commandBuffer, Kern.World.Lighting.LightingFrameRequest request, Kern.Core.Interfaces.WorldLighting.ILightingGeometryContributor terrainGeometry, UnityEngine.RenderTexture emissionField, UnityEngine.RenderTexture staticDirectTexture) (at Assets/Scripts/World/Lighting/Core/LightingFrameExecutor.cs:134)
Kern.World.Lighting.LightingUpdateCoordinator.RecordLightingFrame (UnityEngine.Rendering.CommandBuffer commandBuffer, UnityEngine.Vector4 worldRect, System.Single cellSize, System.Int32 dynamicLightCount, System.Boolean rebuildFields, System.Boolean dynamicLightsChanged, System.Boolean staticRadianceChanged, System.Boolean reuseStaticAtlas, UnityEngine.Vector2Int regionDelta, System.Collections.Generic.IReadOnlyList`1[T] dirtyRegions, System.Boolean allowStaticDependencyMask, System.Boolean dynamicRadianceChanged, Kern.World.Lighting.Quality.LightingQualityMode qualityMode, Kern.World.Lighting.LightingEngine+DebugView debugView, Kern.Core.Interfaces.WorldLighting.ILightingGeometryContributor terrainGeometry) (at Assets/Scripts/World/Lighting/Core/LightingUpdateCoordinator.cs:392)
Kern.World.Lighting.LightingUpdateCoordinator.Update (System.Int32 visibleMinX, System.Int32 visibleMinY, System.Int32 visibleWidth, System.Int32 visibleHeight, UnityEngine.Camera camera, Kern.Core.Interfaces.WorldLighting.ILightingGeometryContributor terrainGeometry, Kern.Rendering.GraphicsQualitySettings qualitySettings, Kern.World.Lighting.Quality.LightingQualityMode qualityMode, Kern.World.Lighting.LightingEngine+DebugView debugView, System.Boolean bypassLightingCompute, System.Boolean ambientOcclusionOnly) (at Assets/Scripts/World/Lighting/Core/LightingUpdateCoordinator.cs:273)
Kern.World.Lighting.LightingEngine.UpdateLightingCoordinator (Kern.Core.Interfaces.WorldLighting.TerrainLightingFrameSnapshot frame) (at Assets/Scripts/World/Lighting/Core/LightingEngine.cs:439)
Kern.World.Lighting.LightingEngine.ProcessTerrainFrame (Kern.Core.Interfaces.WorldLighting.TerrainLightingFrameSnapshot frame) (at Assets/Scripts/World/Lighting/Core/LightingEngine.cs:422)
Kern.World.Lighting.TerrainLightingFramePump.ProcessLatest (Kern.Core.Interfaces.WorldLighting.ITerrainLightingExchange exchange, System.Func`2[T,TResult] processFrame) (at Assets/Scripts/World/Lighting/Core/TerrainLightingFramePump.cs:32)
Kern.World.Lighting.LightingTerrainExchangeState.ProcessLatestFrame (Kern.Core.Interfaces.WorldLighting.ITerrainLightingExchange exchange, System.Func`2[T,TResult] processFrame) (at Assets/Scripts/World/Lighting/Core/LightingTerrainExchangeState.cs:45)
Kern.World.Lighting.LightingEngine.LateUpdate () (at Assets/Scripts/World/Lighting/Core/LightingEngine.cs:386)
UnityEngine.StackTraceUtility:ExtractStringFromExceptionInternal(Object, String&, String&) (at /Users/bokken/build/output/unity/unity/Runtime/Export/Scripting/StackTrace.cs:50)

InvalidOperationException: World-entity material 'Shared Sprite Material (WorldEntityAtlas)' (shader='Kern/World Entity', passes=1, passNames=['<Unnamed Pass 0>']) is missing the LightingMaterialField pass.
Kern.Game.WorldEntityLightingEmitter.RenderField (UnityEngine.Rendering.CommandBuffer commandBuffer) (at Assets/Scripts/Game/Rendering/WorldEntityLightingEmitter.cs:116)
Kern.Game.WorldEntityLightingEmitter.RenderMaterialEmissionFields (UnityEngine.Rendering.CommandBuffer commandBuffer, Kern.Core.Interfaces.WorldLighting.LightingMaterialEmissionContext& context) (at Assets/Scripts/Game/Rendering/WorldEntityLightingEmitter.cs:72)
Kern.Game.WorldEntityBatchRenderer.RenderMaterialEmissionFields (UnityEngine.Rendering.CommandBuffer commandBuffer, Kern.Core.Interfaces.WorldLighting.LightingMaterialEmissionContext& context) (at Assets/Scripts/Game/Rendering/WorldEntityBatchRenderer.cs:407)
Kern.Game.WorldEntityBatchRenderer.Kern.Core.Interfaces.WorldLighting.ILightingGeometryContributor.RenderMaterialEmissionFields (UnityEngine.Rendering.CommandBuffer commandBuffer, Kern.Core.Interfaces.WorldLighting.LightingMaterialEmissionContext& context) (at <4ba44365926549de8cb78b28aaf5ae7e>:0)
Kern.World.Lighting.LightingGeometryRegistry.RenderMaterialEmissionFields (UnityEngine.Rendering.CommandBuffer commandBuffer, UnityEngine.RenderTexture materialField, UnityEngine.RenderTexture emissionField, UnityEngine.Vector4 worldRect, System.Boolean clearFields) (at Assets/Scripts/World/Lighting/Geometry/LightingGeometryRegistry.cs:121)
Kern.World.Lighting.GeometryLightingSolver.RecordMaterialField (UnityEngine.Rendering.CommandBuffer commandBuffer, Kern.Core.Interfaces.WorldLighting.ILightingGeometryContributor terrainGeometry, Kern.World.Lighting.LightingGeometryRegistry geometryRegistry, UnityEngine.Vector4 worldRect) (at Assets/Scripts/World/Lighting/Solvers/GeometryLightingSolver.cs:33)
Kern.World.Lighting.LightingFrameExecutor.Record (UnityEngine.Rendering.CommandBuffer commandBuffer, Kern.World.Lighting.LightingFrameRequest request, Kern.Core.Interfaces.WorldLighting.ILightingGeometryContributor terrainGeometry, UnityEngine.RenderTexture emissionField, UnityEngine.RenderTexture staticDirectTexture) (at Assets/Scripts/World/Lighting/Core/LightingFrameExecutor.cs:134)
Kern.World.Lighting.LightingUpdateCoordinator.RecordLightingFrame (UnityEngine.Rendering.CommandBuffer commandBuffer, UnityEngine.Vector4 worldRect, System.Single cellSize, System.Int32 dynamicLightCount, System.Boolean rebuildFields, System.Boolean dynamicLightsChanged, System.Boolean staticRadianceChanged, System.Boolean reuseStaticAtlas, UnityEngine.Vector2Int regionDelta, System.Collections.Generic.IReadOnlyList`1[T] dirtyRegions, System.Boolean allowStaticDependencyMask, System.Boolean dynamicRadianceChanged, Kern.World.Lighting.Quality.LightingQualityMode qualityMode, Kern.World.Lighting.LightingEngine+DebugView debugView, Kern.Core.Interfaces.WorldLighting.ILightingGeometryContributor terrainGeometry) (at Assets/Scripts/World/Lighting/Core/LightingUpdateCoordinator.cs:392)
Kern.World.Lighting.LightingUpdateCoordinator.Update (System.Int32 visibleMinX, System.Int32 visibleMinY, System.Int32 visibleWidth, System.Int32 visibleHeight, UnityEngine.Camera camera, Kern.Core.Interfaces.WorldLighting.ILightingGeometryContributor terrainGeometry, Kern.Rendering.GraphicsQualitySettings qualitySettings, Kern.World.Lighting.Quality.LightingQualityMode qualityMode, Kern.World.Lighting.LightingEngine+DebugView debugView, System.Boolean bypassLightingCompute, System.Boolean ambientOcclusionOnly) (at Assets/Scripts/World/Lighting/Core/LightingUpdateCoordinator.cs:273)
Kern.World.Lighting.LightingEngine.UpdateLightingCoordinator (Kern.Core.Interfaces.WorldLighting.TerrainLightingFrameSnapshot frame) (at Assets/Scripts/World/Lighting/Core/LightingEngine.cs:439)
Kern.World.Lighting.LightingEngine.ProcessTerrainFrame (Kern.Core.Interfaces.WorldLighting.TerrainLightingFrameSnapshot frame) (at Assets/Scripts/World/Lighting/Core/LightingEngine.cs:422)
Kern.World.Lighting.TerrainLightingFramePump.ProcessLatest (Kern.Core.Interfaces.WorldLighting.ITerrainLightingExchange exchange, System.Func`2[T,TResult] processFrame) (at Assets/Scripts/World/Lighting/Core/TerrainLightingFramePump.cs:32)
Kern.World.Lighting.LightingTerrainExchangeState.ProcessLatestFrame (Kern.Core.Interfaces.WorldLighting.ITerrainLightingExchange exchange, System.Func`2[T,TResult] processFrame) (at Assets/Scripts/World/Lighting/Core/LightingTerrainExchangeState.cs:45)
Kern.World.Lighting.LightingEngine.LateUpdate () (at Assets/Scripts/World/Lighting/Core/LightingEngine.cs:386)
UnityEngine.StackTraceUtility:ExtractStringFromExceptionInternal(Object, String&, String&) (at /Users/bokken/build/output/unity/unity/Runtime/Export/Scripting/StackTrace.cs:50)

InvalidOperationException: World-entity material 'Shared Sprite Material (WorldEntityAtlas)' (shader='Kern/World Entity', passes=1, passNames=['<Unnamed Pass 0>']) is missing the LightingMaterialField pass.
Kern.Game.WorldEntityLightingEmitter.RenderField (UnityEngine.Rendering.CommandBuffer commandBuffer) (at Assets/Scripts/Game/Rendering/WorldEntityLightingEmitter.cs:116)
Kern.Game.WorldEntityLightingEmitter.RenderMaterialEmissionFields (UnityEngine.Rendering.CommandBuffer commandBuffer, Kern.Core.Interfaces.WorldLighting.LightingMaterialEmissionContext& context) (at Assets/Scripts/Game/Rendering/WorldEntityLightingEmitter.cs:72)
Kern.Game.WorldEntityBatchRenderer.RenderMaterialEmissionFields (UnityEngine.Rendering.CommandBuffer commandBuffer, Kern.Core.Interfaces.WorldLighting.LightingMaterialEmissionContext& context) (at Assets/Scripts/Game/Rendering/WorldEntityBatchRenderer.cs:407)
Kern.Game.WorldEntityBatchRenderer.Kern.Core.Interfaces.WorldLighting.ILightingGeometryContributor.RenderMaterialEmissionFields (UnityEngine.Rendering.CommandBuffer commandBuffer, Kern.Core.Interfaces.WorldLighting.LightingMaterialEmissionContext& context) (at <4ba44365926549de8cb78b28aaf5ae7e>:0)
Kern.World.Lighting.LightingGeometryRegistry.RenderMaterialEmissionFields (UnityEngine.Rendering.CommandBuffer commandBuffer, UnityEngine.RenderTexture materialField, UnityEngine.RenderTexture emissionField, UnityEngine.Vector4 worldRect, System.Boolean clearFields) (at Assets/Scripts/World/Lighting/Geometry/LightingGeometryRegistry.cs:121)
Kern.World.Lighting.GeometryLightingSolver.RecordMaterialField (UnityEngine.Rendering.CommandBuffer commandBuffer, Kern.Core.Interfaces.WorldLighting.ILightingGeometryContributor terrainGeometry, Kern.World.Lighting.LightingGeometryRegistry geometryRegistry, UnityEngine.Vector4 worldRect) (at Assets/Scripts/World/Lighting/Solvers/GeometryLightingSolver.cs:33)
Kern.World.Lighting.LightingFrameExecutor.Record (UnityEngine.Rendering.CommandBuffer commandBuffer, Kern.World.Lighting.LightingFrameRequest request, Kern.Core.Interfaces.WorldLighting.ILightingGeometryContributor terrainGeometry, UnityEngine.RenderTexture emissionField, UnityEngine.RenderTexture staticDirectTexture) (at Assets/Scripts/World/Lighting/Core/LightingFrameExecutor.cs:134)
Kern.World.Lighting.LightingUpdateCoordinator.RecordLightingFrame (UnityEngine.Rendering.CommandBuffer commandBuffer, UnityEngine.Vector4 worldRect, System.Single cellSize, System.Int32 dynamicLightCount, System.Boolean rebuildFields, System.Boolean dynamicLightsChanged, System.Boolean staticRadianceChanged, System.Boolean reuseStaticAtlas, UnityEngine.Vector2Int regionDelta, System.Collections.Generic.IReadOnlyList`1[T] dirtyRegions, System.Boolean allowStaticDependencyMask, System.Boolean dynamicRadianceChanged, Kern.World.Lighting.Quality.LightingQualityMode qualityMode, Kern.World.Lighting.LightingEngine+DebugView debugView, Kern.Core.Interfaces.WorldLighting.ILightingGeometryContributor terrainGeometry) (at Assets/Scripts/World/Lighting/Core/LightingUpdateCoordinator.cs:392)
Kern.World.Lighting.LightingUpdateCoordinator.Update (System.Int32 visibleMinX, System.Int32 visibleMinY, System.Int32 visibleWidth, System.Int32 visibleHeight, UnityEngine.Camera camera, Kern.Core.Interfaces.WorldLighting.ILightingGeometryContributor terrainGeometry, Kern.Rendering.GraphicsQualitySettings qualitySettings, Kern.World.Lighting.Quality.LightingQualityMode qualityMode, Kern.World.Lighting.LightingEngine+DebugView debugView, System.Boolean bypassLightingCompute, System.Boolean ambientOcclusionOnly) (at Assets/Scripts/World/Lighting/Core/LightingUpdateCoordinator.cs:273)
Kern.World.Lighting.LightingEngine.UpdateLightingCoordinator (Kern.Core.Interfaces.WorldLighting.TerrainLightingFrameSnapshot frame) (at Assets/Scripts/World/Lighting/Core/LightingEngine.cs:439)
Kern.World.Lighting.LightingEngine.ProcessTerrainFrame (Kern.Core.Interfaces.WorldLighting.TerrainLightingFrameSnapshot frame) (at Assets/Scripts/World/Lighting/Core/LightingEngine.cs:422)
Kern.World.Lighting.TerrainLightingFramePump.ProcessLatest (Kern.Core.Interfaces.WorldLighting.ITerrainLightingExchange exchange, System.Func`2[T,TResult] processFrame) (at Assets/Scripts/World/Lighting/Core/TerrainLightingFramePump.cs:32)
Kern.World.Lighting.LightingTerrainExchangeState.ProcessLatestFrame (Kern.Core.Interfaces.WorldLighting.ITerrainLightingExchange exchange, System.Func`2[T,TResult] processFrame) (at Assets/Scripts/World/Lighting/Core/LightingTerrainExchangeState.cs:45)
Kern.World.Lighting.LightingEngine.LateUpdate () (at Assets/Scripts/World/Lighting/Core/LightingEngine.cs:386)
UnityEngine.StackTraceUtility:ExtractStringFromExceptionInternal(Object, String&, String&) (at /Users/bokken/build/output/unity/unity/Runtime/Export/Scripting/StackTrace.cs:50)

InvalidOperationException: World-entity material 'Shared Sprite Material (WorldEntityAtlas)' (shader='Kern/World Entity', passes=1, passNames=['<Unnamed Pass 0>']) is missing the LightingMaterialField pass.
Kern.Game.WorldEntityLightingEmitter.RenderField (UnityEngine.Rendering.CommandBuffer commandBuffer) (at Assets/Scripts/Game/Rendering/WorldEntityLightingEmitter.cs:116)
Kern.Game.WorldEntityLightingEmitter.RenderMaterialEmissionFields (UnityEngine.Rendering.CommandBuffer commandBuffer, Kern.Core.Interfaces.WorldLighting.LightingMaterialEmissionContext& context) (at Assets/Scripts/Game/Rendering/WorldEntityLightingEmitter.cs:72)
Kern.Game.WorldEntityBatchRenderer.RenderMaterialEmissionFields (UnityEngine.Rendering.CommandBuffer commandBuffer, Kern.Core.Interfaces.WorldLighting.LightingMaterialEmissionContext& context) (at Assets/Scripts/Game/Rendering/WorldEntityBatchRenderer.cs:407)
Kern.Game.WorldEntityBatchRenderer.Kern.Core.Interfaces.WorldLighting.ILightingGeometryContributor.RenderMaterialEmissionFields (UnityEngine.Rendering.CommandBuffer commandBuffer, Kern.Core.Interfaces.WorldLighting.LightingMaterialEmissionContext& context) (at <4ba44365926549de8cb78b28aaf5ae7e>:0)
Kern.World.Lighting.LightingGeometryRegistry.RenderMaterialEmissionFields (UnityEngine.Rendering.CommandBuffer commandBuffer, UnityEngine.RenderTexture materialField, UnityEngine.RenderTexture emissionField, UnityEngine.Vector4 worldRect, System.Boolean clearFields) (at Assets/Scripts/World/Lighting/Geometry/LightingGeometryRegistry.cs:121)
Kern.World.Lighting.GeometryLightingSolver.RecordMaterialField (UnityEngine.Rendering.CommandBuffer commandBuffer, Kern.Core.Interfaces.WorldLighting.ILightingGeometryContributor terrainGeometry, Kern.World.Lighting.LightingGeometryRegistry geometryRegistry, UnityEngine.Vector4 worldRect) (at Assets/Scripts/World/Lighting/Solvers/GeometryLightingSolver.cs:33)
Kern.World.Lighting.LightingFrameExecutor.Record (UnityEngine.Rendering.CommandBuffer commandBuffer, Kern.World.Lighting.LightingFrameRequest request, Kern.Core.Interfaces.WorldLighting.ILightingGeometryContributor terrainGeometry, UnityEngine.RenderTexture emissionField, UnityEngine.RenderTexture staticDirectTexture) (at Assets/Scripts/World/Lighting/Core/LightingFrameExecutor.cs:134)
Kern.World.Lighting.LightingUpdateCoordinator.RecordLightingFrame (UnityEngine.Rendering.CommandBuffer commandBuffer, UnityEngine.Vector4 worldRect, System.Single cellSize, System.Int32 dynamicLightCount, System.Boolean rebuildFields, System.Boolean dynamicLightsChanged, System.Boolean staticRadianceChanged, System.Boolean reuseStaticAtlas, UnityEngine.Vector2Int regionDelta, System.Collections.Generic.IReadOnlyList`1[T] dirtyRegions, System.Boolean allowStaticDependencyMask, System.Boolean dynamicRadianceChanged, Kern.World.Lighting.Quality.LightingQualityMode qualityMode, Kern.World.Lighting.LightingEngine+DebugView debugView, Kern.Core.Interfaces.WorldLighting.ILightingGeometryContributor terrainGeometry) (at Assets/Scripts/World/Lighting/Core/LightingUpdateCoordinator.cs:392)
Kern.World.Lighting.LightingUpdateCoordinator.Update (System.Int32 visibleMinX, System.Int32 visibleMinY, System.Int32 visibleWidth, System.Int32 visibleHeight, UnityEngine.Camera camera, Kern.Core.Interfaces.WorldLighting.ILightingGeometryContributor terrainGeometry, Kern.Rendering.GraphicsQualitySettings qualitySettings, Kern.World.Lighting.Quality.LightingQualityMode qualityMode, Kern.World.Lighting.LightingEngine+DebugView debugView, System.Boolean bypassLightingCompute, System.Boolean ambientOcclusionOnly) (at Assets/Scripts/World/Lighting/Core/LightingUpdateCoordinator.cs:273)
Kern.World.Lighting.LightingEngine.UpdateLightingCoordinator (Kern.Core.Interfaces.WorldLighting.TerrainLightingFrameSnapshot frame) (at Assets/Scripts/World/Lighting/Core/LightingEngine.cs:439)
Kern.World.Lighting.LightingEngine.ProcessTerrainFrame (Kern.Core.Interfaces.WorldLighting.TerrainLightingFrameSnapshot frame) (at Assets/Scripts/World/Lighting/Core/LightingEngine.cs:422)
Kern.World.Lighting.TerrainLightingFramePump.ProcessLatest (Kern.Core.Interfaces.WorldLighting.ITerrainLightingExchange exchange, System.Func`2[T,TResult] processFrame) (at Assets/Scripts/World/Lighting/Core/TerrainLightingFramePump.cs:32)
Kern.World.Lighting.LightingTerrainExchangeState.ProcessLatestFrame (Kern.Core.Interfaces.WorldLighting.ITerrainLightingExchange exchange, System.Func`2[T,TResult] processFrame) (at Assets/Scripts/World/Lighting/Core/LightingTerrainExchangeState.cs:45)
Kern.World.Lighting.LightingEngine.LateUpdate () (at Assets/Scripts/World/Lighting/Core/LightingEngine.cs:386)
UnityEngine.StackTraceUtility:ExtractStringFromExceptionInternal(Object, String&, String&) (at /Users/bokken/build/output/unity/unity/Runtime/Export/Scripting/StackTrace.cs:50)

InvalidOperationException: World-entity material 'Shared Sprite Material (WorldEntityAtlas)' (shader='Kern/World Entity', passes=1, passNames=['<Unnamed Pass 0>']) is missing the LightingMaterialField pass.
Kern.Game.WorldEntityLightingEmitter.RenderField (UnityEngine.Rendering.CommandBuffer commandBuffer) (at Assets/Scripts/Game/Rendering/WorldEntityLightingEmitter.cs:116)
Kern.Game.WorldEntityLightingEmitter.RenderMaterialEmissionFields (UnityEngine.Rendering.CommandBuffer commandBuffer, Kern.Core.Interfaces.WorldLighting.LightingMaterialEmissionContext& context) (at Assets/Scripts/Game/Rendering/WorldEntityLightingEmitter.cs:72)
Kern.Game.WorldEntityBatchRenderer.RenderMaterialEmissionFields (UnityEngine.Rendering.CommandBuffer commandBuffer, Kern.Core.Interfaces.WorldLighting.LightingMaterialEmissionContext& context) (at Assets/Scripts/Game/Rendering/WorldEntityBatchRenderer.cs:407)
Kern.Game.WorldEntityBatchRenderer.Kern.Core.Interfaces.WorldLighting.ILightingGeometryContributor.RenderMaterialEmissionFields (UnityEngine.Rendering.CommandBuffer commandBuffer, Kern.Core.Interfaces.WorldLighting.LightingMaterialEmissionContext& context) (at <4ba44365926549de8cb78b28aaf5ae7e>:0)
Kern.World.Lighting.LightingGeometryRegistry.RenderMaterialEmissionFields (UnityEngine.Rendering.CommandBuffer commandBuffer, UnityEngine.RenderTexture materialField, UnityEngine.RenderTexture emissionField, UnityEngine.Vector4 worldRect, System.Boolean clearFields) (at Assets/Scripts/World/Lighting/Geometry/LightingGeometryRegistry.cs:121)
Kern.World.Lighting.GeometryLightingSolver.RecordMaterialField (UnityEngine.Rendering.CommandBuffer commandBuffer, Kern.Core.Interfaces.WorldLighting.ILightingGeometryContributor terrainGeometry, Kern.World.Lighting.LightingGeometryRegistry geometryRegistry, UnityEngine.Vector4 worldRect) (at Assets/Scripts/World/Lighting/Solvers/GeometryLightingSolver.cs:33)
Kern.World.Lighting.LightingFrameExecutor.Record (UnityEngine.Rendering.CommandBuffer commandBuffer, Kern.World.Lighting.LightingFrameRequest request, Kern.Core.Interfaces.WorldLighting.ILightingGeometryContributor terrainGeometry, UnityEngine.RenderTexture emissionField, UnityEngine.RenderTexture staticDirectTexture) (at Assets/Scripts/World/Lighting/Core/LightingFrameExecutor.cs:134)
Kern.World.Lighting.LightingUpdateCoordinator.RecordLightingFrame (UnityEngine.Rendering.CommandBuffer commandBuffer, UnityEngine.Vector4 worldRect, System.Single cellSize, System.Int32 dynamicLightCount, System.Boolean rebuildFields, System.Boolean dynamicLightsChanged, System.Boolean staticRadianceChanged, System.Boolean reuseStaticAtlas, UnityEngine.Vector2Int regionDelta, System.Collections.Generic.IReadOnlyList`1[T] dirtyRegions, System.Boolean allowStaticDependencyMask, System.Boolean dynamicRadianceChanged, Kern.World.Lighting.Quality.LightingQualityMode qualityMode, Kern.World.Lighting.LightingEngine+DebugView debugView, Kern.Core.Interfaces.WorldLighting.ILightingGeometryContributor terrainGeometry) (at Assets/Scripts/World/Lighting/Core/LightingUpdateCoordinator.cs:392)
Kern.World.Lighting.LightingUpdateCoordinator.Update (System.Int32 visibleMinX, System.Int32 visibleMinY, System.Int32 visibleWidth, System.Int32 visibleHeight, UnityEngine.Camera camera, Kern.Core.Interfaces.WorldLighting.ILightingGeometryContributor terrainGeometry, Kern.Rendering.GraphicsQualitySettings qualitySettings, Kern.World.Lighting.Quality.LightingQualityMode qualityMode, Kern.World.Lighting.LightingEngine+DebugView debugView, System.Boolean bypassLightingCompute, System.Boolean ambientOcclusionOnly) (at Assets/Scripts/World/Lighting/Core/LightingUpdateCoordinator.cs:273)
Kern.World.Lighting.LightingEngine.UpdateLightingCoordinator (Kern.Core.Interfaces.WorldLighting.TerrainLightingFrameSnapshot frame) (at Assets/Scripts/World/Lighting/Core/LightingEngine.cs:439)
Kern.World.Lighting.LightingEngine.ProcessTerrainFrame (Kern.Core.Interfaces.WorldLighting.TerrainLightingFrameSnapshot frame) (at Assets/Scripts/World/Lighting/Core/LightingEngine.cs:422)
Kern.World.Lighting.TerrainLightingFramePump.ProcessLatest (Kern.Core.Interfaces.WorldLighting.ITerrainLightingExchange exchange, System.Func`2[T,TResult] processFrame) (at Assets/Scripts/World/Lighting/Core/TerrainLightingFramePump.cs:32)
Kern.World.Lighting.LightingTerrainExchangeState.ProcessLatestFrame (Kern.Core.Interfaces.WorldLighting.ITerrainLightingExchange exchange, System.Func`2[T,TResult] processFrame) (at Assets/Scripts/World/Lighting/Core/LightingTerrainExchangeState.cs:45)
Kern.World.Lighting.LightingEngine.LateUpdate () (at Assets/Scripts/World/Lighting/Core/LightingEngine.cs:386)
UnityEngine.StackTraceUtility:ExtractStringFromExceptionInternal(Object, String&, String&) (at /Users/bokken/build/output/unity/unity/Runtime/Export/Scripting/StackTrace.cs:50)

InvalidOperationException: World-entity material 'Shared Sprite Material (WorldEntityAtlas)' (shader='Kern/World Entity', passes=1, passNames=['<Unnamed Pass 0>']) is missing the LightingMaterialField pass.
Kern.Game.WorldEntityLightingEmitter.RenderField (UnityEngine.Rendering.CommandBuffer commandBuffer) (at Assets/Scripts/Game/Rendering/WorldEntityLightingEmitter.cs:116)
Kern.Game.WorldEntityLightingEmitter.RenderMaterialEmissionFields (UnityEngine.Rendering.CommandBuffer commandBuffer, Kern.Core.Interfaces.WorldLighting.LightingMaterialEmissionContext& context) (at Assets/Scripts/Game/Rendering/WorldEntityLightingEmitter.cs:72)
Kern.Game.WorldEntityBatchRenderer.RenderMaterialEmissionFields (UnityEngine.Rendering.CommandBuffer commandBuffer, Kern.Core.Interfaces.WorldLighting.LightingMaterialEmissionContext& context) (at Assets/Scripts/Game/Rendering/WorldEntityBatchRenderer.cs:407)
Kern.Game.WorldEntityBatchRenderer.Kern.Core.Interfaces.WorldLighting.ILightingGeometryContributor.RenderMaterialEmissionFields (UnityEngine.Rendering.CommandBuffer commandBuffer, Kern.Core.Interfaces.WorldLighting.LightingMaterialEmissionContext& context) (at <4ba44365926549de8cb78b28aaf5ae7e>:0)
Kern.World.Lighting.LightingGeometryRegistry.RenderMaterialEmissionFields (UnityEngine.Rendering.CommandBuffer commandBuffer, UnityEngine.RenderTexture materialField, UnityEngine.RenderTexture emissionField, UnityEngine.Vector4 worldRect, System.Boolean clearFields) (at Assets/Scripts/World/Lighting/Geometry/LightingGeometryRegistry.cs:121)
Kern.World.Lighting.GeometryLightingSolver.RecordMaterialField (UnityEngine.Rendering.CommandBuffer commandBuffer, Kern.Core.Interfaces.WorldLighting.ILightingGeometryContributor terrainGeometry, Kern.World.Lighting.LightingGeometryRegistry geometryRegistry, UnityEngine.Vector4 worldRect) (at Assets/Scripts/World/Lighting/Solvers/GeometryLightingSolver.cs:33)
Kern.World.Lighting.LightingFrameExecutor.Record (UnityEngine.Rendering.CommandBuffer commandBuffer, Kern.World.Lighting.LightingFrameRequest request, Kern.Core.Interfaces.WorldLighting.ILightingGeometryContributor terrainGeometry, UnityEngine.RenderTexture emissionField, UnityEngine.RenderTexture staticDirectTexture) (at Assets/Scripts/World/Lighting/Core/LightingFrameExecutor.cs:134)
Kern.World.Lighting.LightingUpdateCoordinator.RecordLightingFrame (UnityEngine.Rendering.CommandBuffer commandBuffer, UnityEngine.Vector4 worldRect, System.Single cellSize, System.Int32 dynamicLightCount, System.Boolean rebuildFields, System.Boolean dynamicLightsChanged, System.Boolean staticRadianceChanged, System.Boolean reuseStaticAtlas, UnityEngine.Vector2Int regionDelta, System.Collections.Generic.IReadOnlyList`1[T] dirtyRegions, System.Boolean allowStaticDependencyMask, System.Boolean dynamicRadianceChanged, Kern.World.Lighting.Quality.LightingQualityMode qualityMode, Kern.World.Lighting.LightingEngine+DebugView debugView, Kern.Core.Interfaces.WorldLighting.ILightingGeometryContributor terrainGeometry) (at Assets/Scripts/World/Lighting/Core/LightingUpdateCoordinator.cs:392)
Kern.World.Lighting.LightingUpdateCoordinator.Update (System.Int32 visibleMinX, System.Int32 visibleMinY, System.Int32 visibleWidth, System.Int32 visibleHeight, UnityEngine.Camera camera, Kern.Core.Interfaces.WorldLighting.ILightingGeometryContributor terrainGeometry, Kern.Rendering.GraphicsQualitySettings qualitySettings, Kern.World.Lighting.Quality.LightingQualityMode qualityMode, Kern.World.Lighting.LightingEngine+DebugView debugView, System.Boolean bypassLightingCompute, System.Boolean ambientOcclusionOnly) (at Assets/Scripts/World/Lighting/Core/LightingUpdateCoordinator.cs:273)
Kern.World.Lighting.LightingEngine.UpdateLightingCoordinator (Kern.Core.Interfaces.WorldLighting.TerrainLightingFrameSnapshot frame) (at Assets/Scripts/World/Lighting/Core/LightingEngine.cs:439)
Kern.World.Lighting.LightingEngine.ProcessTerrainFrame (Kern.Core.Interfaces.WorldLighting.TerrainLightingFrameSnapshot frame) (at Assets/Scripts/World/Lighting/Core/LightingEngine.cs:422)
Kern.World.Lighting.TerrainLightingFramePump.ProcessLatest (Kern.Core.Interfaces.WorldLighting.ITerrainLightingExchange exchange, System.Func`2[T,TResult] processFrame) (at Assets/Scripts/World/Lighting/Core/TerrainLightingFramePump.cs:32)
Kern.World.Lighting.LightingTerrainExchangeState.ProcessLatestFrame (Kern.Core.Interfaces.WorldLighting.ITerrainLightingExchange exchange, System.Func`2[T,TResult] processFrame) (at Assets/Scripts/World/Lighting/Core/LightingTerrainExchangeState.cs:45)
Kern.World.Lighting.LightingEngine.LateUpdate () (at Assets/Scripts/World/Lighting/Core/LightingEngine.cs:386)
UnityEngine.StackTraceUtility:ExtractStringFromExceptionInternal(Object, String&, String&) (at /Users/bokken/build/output/unity/unity/Runtime/Export/Scripting/StackTrace.cs:50)

InvalidOperationException: World-entity material 'Shared Sprite Material (WorldEntityAtlas)' (shader='Kern/World Entity', passes=1, passNames=['<Unnamed Pass 0>']) is missing the LightingMaterialField pass.
Kern.Game.WorldEntityLightingEmitter.RenderField (UnityEngine.Rendering.CommandBuffer commandBuffer) (at Assets/Scripts/Game/Rendering/WorldEntityLightingEmitter.cs:116)
Kern.Game.WorldEntityLightingEmitter.RenderMaterialEmissionFields (UnityEngine.Rendering.CommandBuffer commandBuffer, Kern.Core.Interfaces.WorldLighting.LightingMaterialEmissionContext& context) (at Assets/Scripts/Game/Rendering/WorldEntityLightingEmitter.cs:72)
Kern.Game.WorldEntityBatchRenderer.RenderMaterialEmissionFields (UnityEngine.Rendering.CommandBuffer commandBuffer, Kern.Core.Interfaces.WorldLighting.LightingMaterialEmissionContext& context) (at Assets/Scripts/Game/Rendering/WorldEntityBatchRenderer.cs:407)
Kern.Game.WorldEntityBatchRenderer.Kern.Core.Interfaces.WorldLighting.ILightingGeometryContributor.RenderMaterialEmissionFields (UnityEngine.Rendering.CommandBuffer commandBuffer, Kern.Core.Interfaces.WorldLighting.LightingMaterialEmissionContext& context) (at <4ba44365926549de8cb78b28aaf5ae7e>:0)
Kern.World.Lighting.LightingGeometryRegistry.RenderMaterialEmissionFields (UnityEngine.Rendering.CommandBuffer commandBuffer, UnityEngine.RenderTexture materialField, UnityEngine.RenderTexture emissionField, UnityEngine.Vector4 worldRect, System.Boolean clearFields) (at Assets/Scripts/World/Lighting/Geometry/LightingGeometryRegistry.cs:121)
Kern.World.Lighting.GeometryLightingSolver.RecordMaterialField (UnityEngine.Rendering.CommandBuffer commandBuffer, Kern.Core.Interfaces.WorldLighting.ILightingGeometryContributor terrainGeometry, Kern.World.Lighting.LightingGeometryRegistry geometryRegistry, UnityEngine.Vector4 worldRect) (at Assets/Scripts/World/Lighting/Solvers/GeometryLightingSolver.cs:33)
Kern.World.Lighting.LightingFrameExecutor.Record (UnityEngine.Rendering.CommandBuffer commandBuffer, Kern.World.Lighting.LightingFrameRequest request, Kern.Core.Interfaces.WorldLighting.ILightingGeometryContributor terrainGeometry, UnityEngine.RenderTexture emissionField, UnityEngine.RenderTexture staticDirectTexture) (at Assets/Scripts/World/Lighting/Core/LightingFrameExecutor.cs:134)
Kern.World.Lighting.LightingUpdateCoordinator.RecordLightingFrame (UnityEngine.Rendering.CommandBuffer commandBuffer, UnityEngine.Vector4 worldRect, System.Single cellSize, System.Int32 dynamicLightCount, System.Boolean rebuildFields, System.Boolean dynamicLightsChanged, System.Boolean staticRadianceChanged, System.Boolean reuseStaticAtlas, UnityEngine.Vector2Int regionDelta, System.Collections.Generic.IReadOnlyList`1[T] dirtyRegions, System.Boolean allowStaticDependencyMask, System.Boolean dynamicRadianceChanged, Kern.World.Lighting.Quality.LightingQualityMode qualityMode, Kern.World.Lighting.LightingEngine+DebugView debugView, Kern.Core.Interfaces.WorldLighting.ILightingGeometryContributor terrainGeometry) (at Assets/Scripts/World/Lighting/Core/LightingUpdateCoordinator.cs:392)
Kern.World.Lighting.LightingUpdateCoordinator.Update (System.Int32 visibleMinX, System.Int32 visibleMinY, System.Int32 visibleWidth, System.Int32 visibleHeight, UnityEngine.Camera camera, Kern.Core.Interfaces.WorldLighting.ILightingGeometryContributor terrainGeometry, Kern.Rendering.GraphicsQualitySettings qualitySettings, Kern.World.Lighting.Quality.LightingQualityMode qualityMode, Kern.World.Lighting.LightingEngine+DebugView debugView, System.Boolean bypassLightingCompute, System.Boolean ambientOcclusionOnly) (at Assets/Scripts/World/Lighting/Core/LightingUpdateCoordinator.cs:273)
Kern.World.Lighting.LightingEngine.UpdateLightingCoordinator (Kern.Core.Interfaces.WorldLighting.TerrainLightingFrameSnapshot frame) (at Assets/Scripts/World/Lighting/Core/LightingEngine.cs:439)
Kern.World.Lighting.LightingEngine.ProcessTerrainFrame (Kern.Core.Interfaces.WorldLighting.TerrainLightingFrameSnapshot frame) (at Assets/Scripts/World/Lighting/Core/LightingEngine.cs:422)
Kern.World.Lighting.TerrainLightingFramePump.ProcessLatest (Kern.Core.Interfaces.WorldLighting.ITerrainLightingExchange exchange, System.Func`2[T,TResult] processFrame) (at Assets/Scripts/World/Lighting/Core/TerrainLightingFramePump.cs:32)
Kern.World.Lighting.LightingTerrainExchangeState.ProcessLatestFrame (Kern.Core.Interfaces.WorldLighting.ITerrainLightingExchange exchange, System.Func`2[T,TResult] processFrame) (at Assets/Scripts/World/Lighting/Core/LightingTerrainExchangeState.cs:45)
Kern.World.Lighting.LightingEngine.LateUpdate () (at Assets/Scripts/World/Lighting/Core/LightingEngine.cs:386)
UnityEngine.StackTraceUtility:ExtractStringFromExceptionInternal(Object, String&, String&) (at /Users/bokken/build/output/unity/unity/Runtime/Export/Scripting/StackTrace.cs:50)

InvalidOperationException: World-entity material 'Shared Sprite Material (WorldEntityAtlas)' (shader='Kern/World Entity', passes=1, passNames=['<Unnamed Pass 0>']) is missing the LightingMaterialField pass.
Kern.Game.WorldEntityLightingEmitter.RenderField (UnityEngine.Rendering.CommandBuffer commandBuffer) (at Assets/Scripts/Game/Rendering/WorldEntityLightingEmitter.cs:116)
Kern.Game.WorldEntityLightingEmitter.RenderMaterialEmissionFields (UnityEngine.Rendering.CommandBuffer commandBuffer, Kern.Core.Interfaces.WorldLighting.LightingMaterialEmissionContext& context) (at Assets/Scripts/Game/Rendering/WorldEntityLightingEmitter.cs:72)
Kern.Game.WorldEntityBatchRenderer.RenderMaterialEmissionFields (UnityEngine.Rendering.CommandBuffer commandBuffer, Kern.Core.Interfaces.WorldLighting.LightingMaterialEmissionContext& context) (at Assets/Scripts/Game/Rendering/WorldEntityBatchRenderer.cs:407)
Kern.Game.WorldEntityBatchRenderer.Kern.Core.Interfaces.WorldLighting.ILightingGeometryContributor.RenderMaterialEmissionFields (UnityEngine.Rendering.CommandBuffer commandBuffer, Kern.Core.Interfaces.WorldLighting.LightingMaterialEmissionContext& context) (at <4ba44365926549de8cb78b28aaf5ae7e>:0)
Kern.World.Lighting.LightingGeometryRegistry.RenderMaterialEmissionFields (UnityEngine.Rendering.CommandBuffer commandBuffer, UnityEngine.RenderTexture materialField, UnityEngine.RenderTexture emissionField, UnityEngine.Vector4 worldRect, System.Boolean clearFields) (at Assets/Scripts/World/Lighting/Geometry/LightingGeometryRegistry.cs:121)
Kern.World.Lighting.GeometryLightingSolver.RecordMaterialField (UnityEngine.Rendering.CommandBuffer commandBuffer, Kern.Core.Interfaces.WorldLighting.ILightingGeometryContributor terrainGeometry, Kern.World.Lighting.LightingGeometryRegistry geometryRegistry, UnityEngine.Vector4 worldRect) (at Assets/Scripts/World/Lighting/Solvers/GeometryLightingSolver.cs:33)
Kern.World.Lighting.LightingFrameExecutor.Record (UnityEngine.Rendering.CommandBuffer commandBuffer, Kern.World.Lighting.LightingFrameRequest request, Kern.Core.Interfaces.WorldLighting.ILightingGeometryContributor terrainGeometry, UnityEngine.RenderTexture emissionField, UnityEngine.RenderTexture staticDirectTexture) (at Assets/Scripts/World/Lighting/Core/LightingFrameExecutor.cs:134)
Kern.World.Lighting.LightingUpdateCoordinator.RecordLightingFrame (UnityEngine.Rendering.CommandBuffer commandBuffer, UnityEngine.Vector4 worldRect, System.Single cellSize, System.Int32 dynamicLightCount, System.Boolean rebuildFields, System.Boolean dynamicLightsChanged, System.Boolean staticRadianceChanged, System.Boolean reuseStaticAtlas, UnityEngine.Vector2Int regionDelta, System.Collections.Generic.IReadOnlyList`1[T] dirtyRegions, System.Boolean allowStaticDependencyMask, System.Boolean dynamicRadianceChanged, Kern.World.Lighting.Quality.LightingQualityMode qualityMode, Kern.World.Lighting.LightingEngine+DebugView debugView, Kern.Core.Interfaces.WorldLighting.ILightingGeometryContributor terrainGeometry) (at Assets/Scripts/World/Lighting/Core/LightingUpdateCoordinator.cs:392)
Kern.World.Lighting.LightingUpdateCoordinator.Update (System.Int32 visibleMinX, System.Int32 visibleMinY, System.Int32 visibleWidth, System.Int32 visibleHeight, UnityEngine.Camera camera, Kern.Core.Interfaces.WorldLighting.ILightingGeometryContributor terrainGeometry, Kern.Rendering.GraphicsQualitySettings qualitySettings, Kern.World.Lighting.Quality.LightingQualityMode qualityMode, Kern.World.Lighting.LightingEngine+DebugView debugView, System.Boolean bypassLightingCompute, System.Boolean ambientOcclusionOnly) (at Assets/Scripts/World/Lighting/Core/LightingUpdateCoordinator.cs:273)
Kern.World.Lighting.LightingEngine.UpdateLightingCoordinator (Kern.Core.Interfaces.WorldLighting.TerrainLightingFrameSnapshot frame) (at Assets/Scripts/World/Lighting/Core/LightingEngine.cs:439)
Kern.World.Lighting.LightingEngine.ProcessTerrainFrame (Kern.Core.Interfaces.WorldLighting.TerrainLightingFrameSnapshot frame) (at Assets/Scripts/World/Lighting/Core/LightingEngine.cs:422)
Kern.World.Lighting.TerrainLightingFramePump.ProcessLatest (Kern.Core.Interfaces.WorldLighting.ITerrainLightingExchange exchange, System.Func`2[T,TResult] processFrame) (at Assets/Scripts/World/Lighting/Core/TerrainLightingFramePump.cs:32)
Kern.World.Lighting.LightingTerrainExchangeState.ProcessLatestFrame (Kern.Core.Interfaces.WorldLighting.ITerrainLightingExchange exchange, System.Func`2[T,TResult] processFrame) (at Assets/Scripts/World/Lighting/Core/LightingTerrainExchangeState.cs:45)
Kern.World.Lighting.LightingEngine.LateUpdate () (at Assets/Scripts/World/Lighting/Core/LightingEngine.cs:386)
UnityEngine.StackTraceUtility:ExtractStringFromExceptionInternal(Object, String&, String&) (at /Users/bokken/build/output/unity/unity/Runtime/Export/Scripting/StackTrace.cs:50)

InvalidOperationException: World-entity material 'Shared Sprite Material (WorldEntityAtlas)' (shader='Kern/World Entity', passes=1, passNames=['<Unnamed Pass 0>']) is missing the LightingMaterialField pass.
Kern.Game.WorldEntityLightingEmitter.RenderField (UnityEngine.Rendering.CommandBuffer commandBuffer) (at Assets/Scripts/Game/Rendering/WorldEntityLightingEmitter.cs:116)
Kern.Game.WorldEntityLightingEmitter.RenderMaterialEmissionFields (UnityEngine.Rendering.CommandBuffer commandBuffer, Kern.Core.Interfaces.WorldLighting.LightingMaterialEmissionContext& context) (at Assets/Scripts/Game/Rendering/WorldEntityLightingEmitter.cs:72)
Kern.Game.WorldEntityBatchRenderer.RenderMaterialEmissionFields (UnityEngine.Rendering.CommandBuffer commandBuffer, Kern.Core.Interfaces.WorldLighting.LightingMaterialEmissionContext& context) (at Assets/Scripts/Game/Rendering/WorldEntityBatchRenderer.cs:407)
Kern.Game.WorldEntityBatchRenderer.Kern.Core.Interfaces.WorldLighting.ILightingGeometryContributor.RenderMaterialEmissionFields (UnityEngine.Rendering.CommandBuffer commandBuffer, Kern.Core.Interfaces.WorldLighting.LightingMaterialEmissionContext& context) (at <4ba44365926549de8cb78b28aaf5ae7e>:0)
Kern.World.Lighting.LightingGeometryRegistry.RenderMaterialEmissionFields (UnityEngine.Rendering.CommandBuffer commandBuffer, UnityEngine.RenderTexture materialField, UnityEngine.RenderTexture emissionField, UnityEngine.Vector4 worldRect, System.Boolean clearFields) (at Assets/Scripts/World/Lighting/Geometry/LightingGeometryRegistry.cs:121)
Kern.World.Lighting.GeometryLightingSolver.RecordMaterialField (UnityEngine.Rendering.CommandBuffer commandBuffer, Kern.Core.Interfaces.WorldLighting.ILightingGeometryContributor terrainGeometry, Kern.World.Lighting.LightingGeometryRegistry geometryRegistry, UnityEngine.Vector4 worldRect) (at Assets/Scripts/World/Lighting/Solvers/GeometryLightingSolver.cs:33)
Kern.World.Lighting.LightingFrameExecutor.Record (UnityEngine.Rendering.CommandBuffer commandBuffer, Kern.World.Lighting.LightingFrameRequest request, Kern.Core.Interfaces.WorldLighting.ILightingGeometryContributor terrainGeometry, UnityEngine.RenderTexture emissionField, UnityEngine.RenderTexture staticDirectTexture) (at Assets/Scripts/World/Lighting/Core/LightingFrameExecutor.cs:134)
Kern.World.Lighting.LightingUpdateCoordinator.RecordLightingFrame (UnityEngine.Rendering.CommandBuffer commandBuffer, UnityEngine.Vector4 worldRect, System.Single cellSize, System.Int32 dynamicLightCount, System.Boolean rebuildFields, System.Boolean dynamicLightsChanged, System.Boolean staticRadianceChanged, System.Boolean reuseStaticAtlas, UnityEngine.Vector2Int regionDelta, System.Collections.Generic.IReadOnlyList`1[T] dirtyRegions, System.Boolean allowStaticDependencyMask, System.Boolean dynamicRadianceChanged, Kern.World.Lighting.Quality.LightingQualityMode qualityMode, Kern.World.Lighting.LightingEngine+DebugView debugView, Kern.Core.Interfaces.WorldLighting.ILightingGeometryContributor terrainGeometry) (at Assets/Scripts/World/Lighting/Core/LightingUpdateCoordinator.cs:392)
Kern.World.Lighting.LightingUpdateCoordinator.Update (System.Int32 visibleMinX, System.Int32 visibleMinY, System.Int32 visibleWidth, System.Int32 visibleHeight, UnityEngine.Camera camera, Kern.Core.Interfaces.WorldLighting.ILightingGeometryContributor terrainGeometry, Kern.Rendering.GraphicsQualitySettings qualitySettings, Kern.World.Lighting.Quality.LightingQualityMode qualityMode, Kern.World.Lighting.LightingEngine+DebugView debugView, System.Boolean bypassLightingCompute, System.Boolean ambientOcclusionOnly) (at Assets/Scripts/World/Lighting/Core/LightingUpdateCoordinator.cs:273)
Kern.World.Lighting.LightingEngine.UpdateLightingCoordinator (Kern.Core.Interfaces.WorldLighting.TerrainLightingFrameSnapshot frame) (at Assets/Scripts/World/Lighting/Core/LightingEngine.cs:439)
Kern.World.Lighting.LightingEngine.ProcessTerrainFrame (Kern.Core.Interfaces.WorldLighting.TerrainLightingFrameSnapshot frame) (at Assets/Scripts/World/Lighting/Core/LightingEngine.cs:422)
Kern.World.Lighting.TerrainLightingFramePump.ProcessLatest (Kern.Core.Interfaces.WorldLighting.ITerrainLightingExchange exchange, System.Func`2[T,TResult] processFrame) (at Assets/Scripts/World/Lighting/Core/TerrainLightingFramePump.cs:32)
Kern.World.Lighting.LightingTerrainExchangeState.ProcessLatestFrame (Kern.Core.Interfaces.WorldLighting.ITerrainLightingExchange exchange, System.Func`2[T,TResult] processFrame) (at Assets/Scripts/World/Lighting/Core/LightingTerrainExchangeState.cs:45)
Kern.World.Lighting.LightingEngine.LateUpdate () (at Assets/Scripts/World/Lighting/Core/LightingEngine.cs:386)
UnityEngine.StackTraceUtility:ExtractStringFromExceptionInternal(Object, String&, String&) (at /Users/bokken/build/output/unity/unity/Runtime/Export/Scripting/StackTrace.cs:50)

InvalidOperationException: World-entity material 'Shared Sprite Material (WorldEntityAtlas)' (shader='Kern/World Entity', passes=1, passNames=['<Unnamed Pass 0>']) is missing the LightingMaterialField pass.
Kern.Game.WorldEntityLightingEmitter.RenderField (UnityEngine.Rendering.CommandBuffer commandBuffer) (at Assets/Scripts/Game/Rendering/WorldEntityLightingEmitter.cs:116)
Kern.Game.WorldEntityLightingEmitter.RenderMaterialEmissionFields (UnityEngine.Rendering.CommandBuffer commandBuffer, Kern.Core.Interfaces.WorldLighting.LightingMaterialEmissionContext& context) (at Assets/Scripts/Game/Rendering/WorldEntityLightingEmitter.cs:72)
Kern.Game.WorldEntityBatchRenderer.RenderMaterialEmissionFields (UnityEngine.Rendering.CommandBuffer commandBuffer, Kern.Core.Interfaces.WorldLighting.LightingMaterialEmissionContext& context) (at Assets/Scripts/Game/Rendering/WorldEntityBatchRenderer.cs:407)
Kern.Game.WorldEntityBatchRenderer.Kern.Core.Interfaces.WorldLighting.ILightingGeometryContributor.RenderMaterialEmissionFields (UnityEngine.Rendering.CommandBuffer commandBuffer, Kern.Core.Interfaces.WorldLighting.LightingMaterialEmissionContext& context) (at <4ba44365926549de8cb78b28aaf5ae7e>:0)
Kern.World.Lighting.LightingGeometryRegistry.RenderMaterialEmissionFields (UnityEngine.Rendering.CommandBuffer commandBuffer, UnityEngine.RenderTexture materialField, UnityEngine.RenderTexture emissionField, UnityEngine.Vector4 worldRect, System.Boolean clearFields) (at Assets/Scripts/World/Lighting/Geometry/LightingGeometryRegistry.cs:121)
Kern.World.Lighting.GeometryLightingSolver.RecordMaterialField (UnityEngine.Rendering.CommandBuffer commandBuffer, Kern.Core.Interfaces.WorldLighting.ILightingGeometryContributor terrainGeometry, Kern.World.Lighting.LightingGeometryRegistry geometryRegistry, UnityEngine.Vector4 worldRect) (at Assets/Scripts/World/Lighting/Solvers/GeometryLightingSolver.cs:33)
Kern.World.Lighting.LightingFrameExecutor.Record (UnityEngine.Rendering.CommandBuffer commandBuffer, Kern.World.Lighting.LightingFrameRequest request, Kern.Core.Interfaces.WorldLighting.ILightingGeometryContributor terrainGeometry, UnityEngine.RenderTexture emissionField, UnityEngine.RenderTexture staticDirectTexture) (at Assets/Scripts/World/Lighting/Core/LightingFrameExecutor.cs:134)
Kern.World.Lighting.LightingUpdateCoordinator.RecordLightingFrame (UnityEngine.Rendering.CommandBuffer commandBuffer, UnityEngine.Vector4 worldRect, System.Single cellSize, System.Int32 dynamicLightCount, System.Boolean rebuildFields, System.Boolean dynamicLightsChanged, System.Boolean staticRadianceChanged, System.Boolean reuseStaticAtlas, UnityEngine.Vector2Int regionDelta, System.Collections.Generic.IReadOnlyList`1[T] dirtyRegions, System.Boolean allowStaticDependencyMask, System.Boolean dynamicRadianceChanged, Kern.World.Lighting.Quality.LightingQualityMode qualityMode, Kern.World.Lighting.LightingEngine+DebugView debugView, Kern.Core.Interfaces.WorldLighting.ILightingGeometryContributor terrainGeometry) (at Assets/Scripts/World/Lighting/Core/LightingUpdateCoordinator.cs:392)
Kern.World.Lighting.LightingUpdateCoordinator.Update (System.Int32 visibleMinX, System.Int32 visibleMinY, System.Int32 visibleWidth, System.Int32 visibleHeight, UnityEngine.Camera camera, Kern.Core.Interfaces.WorldLighting.ILightingGeometryContributor terrainGeometry, Kern.Rendering.GraphicsQualitySettings qualitySettings, Kern.World.Lighting.Quality.LightingQualityMode qualityMode, Kern.World.Lighting.LightingEngine+DebugView debugView, System.Boolean bypassLightingCompute, System.Boolean ambientOcclusionOnly) (at Assets/Scripts/World/Lighting/Core/LightingUpdateCoordinator.cs:273)
Kern.World.Lighting.LightingEngine.UpdateLightingCoordinator (Kern.Core.Interfaces.WorldLighting.TerrainLightingFrameSnapshot frame) (at Assets/Scripts/World/Lighting/Core/LightingEngine.cs:439)
Kern.World.Lighting.LightingEngine.ProcessTerrainFrame (Kern.Core.Interfaces.WorldLighting.TerrainLightingFrameSnapshot frame) (at Assets/Scripts/World/Lighting/Core/LightingEngine.cs:422)
Kern.World.Lighting.TerrainLightingFramePump.ProcessLatest (Kern.Core.Interfaces.WorldLighting.ITerrainLightingExchange exchange, System.Func`2[T,TResult] processFrame) (at Assets/Scripts/World/Lighting/Core/TerrainLightingFramePump.cs:32)
Kern.World.Lighting.LightingTerrainExchangeState.ProcessLatestFrame (Kern.Core.Interfaces.WorldLighting.ITerrainLightingExchange exchange, System.Func`2[T,TResult] processFrame) (at Assets/Scripts/World/Lighting/Core/LightingTerrainExchangeState.cs:45)
Kern.World.Lighting.LightingEngine.LateUpdate () (at Assets/Scripts/World/Lighting/Core/LightingEngine.cs:386)
UnityEngine.StackTraceUtility:ExtractStringFromExceptionInternal(Object, String&, String&) (at /Users/bokken/build/output/unity/unity/Runtime/Export/Scripting/StackTrace.cs:50)

InvalidOperationException: World-entity material 'Shared Sprite Material (WorldEntityAtlas)' (shader='Kern/World Entity', passes=1, passNames=['<Unnamed Pass 0>']) is missing the LightingMaterialField pass.
Kern.Game.WorldEntityLightingEmitter.RenderField (UnityEngine.Rendering.CommandBuffer commandBuffer) (at Assets/Scripts/Game/Rendering/WorldEntityLightingEmitter.cs:116)
Kern.Game.WorldEntityLightingEmitter.RenderMaterialEmissionFields (UnityEngine.Rendering.CommandBuffer commandBuffer, Kern.Core.Interfaces.WorldLighting.LightingMaterialEmissionContext& context) (at Assets/Scripts/Game/Rendering/WorldEntityLightingEmitter.cs:72)
Kern.Game.WorldEntityBatchRenderer.RenderMaterialEmissionFields (UnityEngine.Rendering.CommandBuffer commandBuffer, Kern.Core.Interfaces.WorldLighting.LightingMaterialEmissionContext& context) (at Assets/Scripts/Game/Rendering/WorldEntityBatchRenderer.cs:407)
Kern.Game.WorldEntityBatchRenderer.Kern.Core.Interfaces.WorldLighting.ILightingGeometryContributor.RenderMaterialEmissionFields (UnityEngine.Rendering.CommandBuffer commandBuffer, Kern.Core.Interfaces.WorldLighting.LightingMaterialEmissionContext& context) (at <4ba44365926549de8cb78b28aaf5ae7e>:0)
Kern.World.Lighting.LightingGeometryRegistry.RenderMaterialEmissionFields (UnityEngine.Rendering.CommandBuffer commandBuffer, UnityEngine.RenderTexture materialField, UnityEngine.RenderTexture emissionField, UnityEngine.Vector4 worldRect, System.Boolean clearFields) (at Assets/Scripts/World/Lighting/Geometry/LightingGeometryRegistry.cs:121)
Kern.World.Lighting.GeometryLightingSolver.RecordMaterialField (UnityEngine.Rendering.CommandBuffer commandBuffer, Kern.Core.Interfaces.WorldLighting.ILightingGeometryContributor terrainGeometry, Kern.World.Lighting.LightingGeometryRegistry geometryRegistry, UnityEngine.Vector4 worldRect) (at Assets/Scripts/World/Lighting/Solvers/GeometryLightingSolver.cs:33)
Kern.World.Lighting.LightingFrameExecutor.Record (UnityEngine.Rendering.CommandBuffer commandBuffer, Kern.World.Lighting.LightingFrameRequest request, Kern.Core.Interfaces.WorldLighting.ILightingGeometryContributor terrainGeometry, UnityEngine.RenderTexture emissionField, UnityEngine.RenderTexture staticDirectTexture) (at Assets/Scripts/World/Lighting/Core/LightingFrameExecutor.cs:134)
Kern.World.Lighting.LightingUpdateCoordinator.RecordLightingFrame (UnityEngine.Rendering.CommandBuffer commandBuffer, UnityEngine.Vector4 worldRect, System.Single cellSize, System.Int32 dynamicLightCount, System.Boolean rebuildFields, System.Boolean dynamicLightsChanged, System.Boolean staticRadianceChanged, System.Boolean reuseStaticAtlas, UnityEngine.Vector2Int regionDelta, System.Collections.Generic.IReadOnlyList`1[T] dirtyRegions, System.Boolean allowStaticDependencyMask, System.Boolean dynamicRadianceChanged, Kern.World.Lighting.Quality.LightingQualityMode qualityMode, Kern.World.Lighting.LightingEngine+DebugView debugView, Kern.Core.Interfaces.WorldLighting.ILightingGeometryContributor terrainGeometry) (at Assets/Scripts/World/Lighting/Core/LightingUpdateCoordinator.cs:392)
Kern.World.Lighting.LightingUpdateCoordinator.Update (System.Int32 visibleMinX, System.Int32 visibleMinY, System.Int32 visibleWidth, System.Int32 visibleHeight, UnityEngine.Camera camera, Kern.Core.Interfaces.WorldLighting.ILightingGeometryContributor terrainGeometry, Kern.Rendering.GraphicsQualitySettings qualitySettings, Kern.World.Lighting.Quality.LightingQualityMode qualityMode, Kern.World.Lighting.LightingEngine+DebugView debugView, System.Boolean bypassLightingCompute, System.Boolean ambientOcclusionOnly) (at Assets/Scripts/World/Lighting/Core/LightingUpdateCoordinator.cs:273)
Kern.World.Lighting.LightingEngine.UpdateLightingCoordinator (Kern.Core.Interfaces.WorldLighting.TerrainLightingFrameSnapshot frame) (at Assets/Scripts/World/Lighting/Core/LightingEngine.cs:439)
Kern.World.Lighting.LightingEngine.ProcessTerrainFrame (Kern.Core.Interfaces.WorldLighting.TerrainLightingFrameSnapshot frame) (at Assets/Scripts/World/Lighting/Core/LightingEngine.cs:422)
Kern.World.Lighting.TerrainLightingFramePump.ProcessLatest (Kern.Core.Interfaces.WorldLighting.ITerrainLightingExchange exchange, System.Func`2[T,TResult] processFrame) (at Assets/Scripts/World/Lighting/Core/TerrainLightingFramePump.cs:32)
Kern.World.Lighting.LightingTerrainExchangeState.ProcessLatestFrame (Kern.Core.Interfaces.WorldLighting.ITerrainLightingExchange exchange, System.Func`2[T,TResult] processFrame) (at Assets/Scripts/World/Lighting/Core/LightingTerrainExchangeState.cs:45)
Kern.World.Lighting.LightingEngine.LateUpdate () (at Assets/Scripts/World/Lighting/Core/LightingEngine.cs:386)
UnityEngine.StackTraceUtility:ExtractStringFromExceptionInternal(Object, String&, String&) (at /Users/bokken/build/output/unity/unity/Runtime/Export/Scripting/StackTrace.cs:50)

InvalidOperationException: World-entity material 'Shared Sprite Material (WorldEntityAtlas)' (shader='Kern/World Entity', passes=1, passNames=['<Unnamed Pass 0>']) is missing the LightingMaterialField pass.
Kern.Game.WorldEntityLightingEmitter.RenderField (UnityEngine.Rendering.CommandBuffer commandBuffer) (at Assets/Scripts/Game/Rendering/WorldEntityLightingEmitter.cs:116)
Kern.Game.WorldEntityLightingEmitter.RenderMaterialEmissionFields (UnityEngine.Rendering.CommandBuffer commandBuffer, Kern.Core.Interfaces.WorldLighting.LightingMaterialEmissionContext& context) (at Assets/Scripts/Game/Rendering/WorldEntityLightingEmitter.cs:72)
Kern.Game.WorldEntityBatchRenderer.RenderMaterialEmissionFields (UnityEngine.Rendering.CommandBuffer commandBuffer, Kern.Core.Interfaces.WorldLighting.LightingMaterialEmissionContext& context) (at Assets/Scripts/Game/Rendering/WorldEntityBatchRenderer.cs:407)
Kern.Game.WorldEntityBatchRenderer.Kern.Core.Interfaces.WorldLighting.ILightingGeometryContributor.RenderMaterialEmissionFields (UnityEngine.Rendering.CommandBuffer commandBuffer, Kern.Core.Interfaces.WorldLighting.LightingMaterialEmissionContext& context) (at <4ba44365926549de8cb78b28aaf5ae7e>:0)
Kern.World.Lighting.LightingGeometryRegistry.RenderMaterialEmissionFields (UnityEngine.Rendering.CommandBuffer commandBuffer, UnityEngine.RenderTexture materialField, UnityEngine.RenderTexture emissionField, UnityEngine.Vector4 worldRect, System.Boolean clearFields) (at Assets/Scripts/World/Lighting/Geometry/LightingGeometryRegistry.cs:121)
Kern.World.Lighting.GeometryLightingSolver.RecordMaterialField (UnityEngine.Rendering.CommandBuffer commandBuffer, Kern.Core.Interfaces.WorldLighting.ILightingGeometryContributor terrainGeometry, Kern.World.Lighting.LightingGeometryRegistry geometryRegistry, UnityEngine.Vector4 worldRect) (at Assets/Scripts/World/Lighting/Solvers/GeometryLightingSolver.cs:33)
Kern.World.Lighting.LightingFrameExecutor.Record (UnityEngine.Rendering.CommandBuffer commandBuffer, Kern.World.Lighting.LightingFrameRequest request, Kern.Core.Interfaces.WorldLighting.ILightingGeometryContributor terrainGeometry, UnityEngine.RenderTexture emissionField, UnityEngine.RenderTexture staticDirectTexture) (at Assets/Scripts/World/Lighting/Core/LightingFrameExecutor.cs:134)
Kern.World.Lighting.LightingUpdateCoordinator.RecordLightingFrame (UnityEngine.Rendering.CommandBuffer commandBuffer, UnityEngine.Vector4 worldRect, System.Single cellSize, System.Int32 dynamicLightCount, System.Boolean rebuildFields, System.Boolean dynamicLightsChanged, System.Boolean staticRadianceChanged, System.Boolean reuseStaticAtlas, UnityEngine.Vector2Int regionDelta, System.Collections.Generic.IReadOnlyList`1[T] dirtyRegions, System.Boolean allowStaticDependencyMask, System.Boolean dynamicRadianceChanged, Kern.World.Lighting.Quality.LightingQualityMode qualityMode, Kern.World.Lighting.LightingEngine+DebugView debugView, Kern.Core.Interfaces.WorldLighting.ILightingGeometryContributor terrainGeometry) (at Assets/Scripts/World/Lighting/Core/LightingUpdateCoordinator.cs:392)
Kern.World.Lighting.LightingUpdateCoordinator.Update (System.Int32 visibleMinX, System.Int32 visibleMinY, System.Int32 visibleWidth, System.Int32 visibleHeight, UnityEngine.Camera camera, Kern.Core.Interfaces.WorldLighting.ILightingGeometryContributor terrainGeometry, Kern.Rendering.GraphicsQualitySettings qualitySettings, Kern.World.Lighting.Quality.LightingQualityMode qualityMode, Kern.World.Lighting.LightingEngine+DebugView debugView, System.Boolean bypassLightingCompute, System.Boolean ambientOcclusionOnly) (at Assets/Scripts/World/Lighting/Core/LightingUpdateCoordinator.cs:273)
Kern.World.Lighting.LightingEngine.UpdateLightingCoordinator (Kern.Core.Interfaces.WorldLighting.TerrainLightingFrameSnapshot frame) (at Assets/Scripts/World/Lighting/Core/LightingEngine.cs:439)
Kern.World.Lighting.LightingEngine.ProcessTerrainFrame (Kern.Core.Interfaces.WorldLighting.TerrainLightingFrameSnapshot frame) (at Assets/Scripts/World/Lighting/Core/LightingEngine.cs:422)
Kern.World.Lighting.TerrainLightingFramePump.ProcessLatest (Kern.Core.Interfaces.WorldLighting.ITerrainLightingExchange exchange, System.Func`2[T,TResult] processFrame) (at Assets/Scripts/World/Lighting/Core/TerrainLightingFramePump.cs:32)
Kern.World.Lighting.LightingTerrainExchangeState.ProcessLatestFrame (Kern.Core.Interfaces.WorldLighting.ITerrainLightingExchange exchange, System.Func`2[T,TResult] processFrame) (at Assets/Scripts/World/Lighting/Core/LightingTerrainExchangeState.cs:45)
Kern.World.Lighting.LightingEngine.LateUpdate () (at Assets/Scripts/World/Lighting/Core/LightingEngine.cs:386)
UnityEngine.StackTraceUtility:ExtractStringFromExceptionInternal(Object, String&, String&) (at /Users/bokken/build/output/unity/unity/Runtime/Export/Scripting/StackTrace.cs:50)

InvalidOperationException: World-entity material 'Shared Sprite Material (WorldEntityAtlas)' (shader='Kern/World Entity', passes=1, passNames=['<Unnamed Pass 0>']) is missing the LightingMaterialField pass.
Kern.Game.WorldEntityLightingEmitter.RenderField (UnityEngine.Rendering.CommandBuffer commandBuffer) (at Assets/Scripts/Game/Rendering/WorldEntityLightingEmitter.cs:116)
Kern.Game.WorldEntityLightingEmitter.RenderMaterialEmissionFields (UnityEngine.Rendering.CommandBuffer commandBuffer, Kern.Core.Interfaces.WorldLighting.LightingMaterialEmissionContext& context) (at Assets/Scripts/Game/Rendering/WorldEntityLightingEmitter.cs:72)
Kern.Game.WorldEntityBatchRenderer.RenderMaterialEmissionFields (UnityEngine.Rendering.CommandBuffer commandBuffer, Kern.Core.Interfaces.WorldLighting.LightingMaterialEmissionContext& context) (at Assets/Scripts/Game/Rendering/WorldEntityBatchRenderer.cs:407)
Kern.Game.WorldEntityBatchRenderer.Kern.Core.Interfaces.WorldLighting.ILightingGeometryContributor.RenderMaterialEmissionFields (UnityEngine.Rendering.CommandBuffer commandBuffer, Kern.Core.Interfaces.WorldLighting.LightingMaterialEmissionContext& context) (at <4ba44365926549de8cb78b28aaf5ae7e>:0)
Kern.World.Lighting.LightingGeometryRegistry.RenderMaterialEmissionFields (UnityEngine.Rendering.CommandBuffer commandBuffer, UnityEngine.RenderTexture materialField, UnityEngine.RenderTexture emissionField, UnityEngine.Vector4 worldRect, System.Boolean clearFields) (at Assets/Scripts/World/Lighting/Geometry/LightingGeometryRegistry.cs:121)
Kern.World.Lighting.GeometryLightingSolver.RecordMaterialField (UnityEngine.Rendering.CommandBuffer commandBuffer, Kern.Core.Interfaces.WorldLighting.ILightingGeometryContributor terrainGeometry, Kern.World.Lighting.LightingGeometryRegistry geometryRegistry, UnityEngine.Vector4 worldRect) (at Assets/Scripts/World/Lighting/Solvers/GeometryLightingSolver.cs:33)
Kern.World.Lighting.LightingFrameExecutor.Record (UnityEngine.Rendering.CommandBuffer commandBuffer, Kern.World.Lighting.LightingFrameRequest request, Kern.Core.Interfaces.WorldLighting.ILightingGeometryContributor terrainGeometry, UnityEngine.RenderTexture emissionField, UnityEngine.RenderTexture staticDirectTexture) (at Assets/Scripts/World/Lighting/Core/LightingFrameExecutor.cs:134)
Kern.World.Lighting.LightingUpdateCoordinator.RecordLightingFrame (UnityEngine.Rendering.CommandBuffer commandBuffer, UnityEngine.Vector4 worldRect, System.Single cellSize, System.Int32 dynamicLightCount, System.Boolean rebuildFields, System.Boolean dynamicLightsChanged, System.Boolean staticRadianceChanged, System.Boolean reuseStaticAtlas, UnityEngine.Vector2Int regionDelta, System.Collections.Generic.IReadOnlyList`1[T] dirtyRegions, System.Boolean allowStaticDependencyMask, System.Boolean dynamicRadianceChanged, Kern.World.Lighting.Quality.LightingQualityMode qualityMode, Kern.World.Lighting.LightingEngine+DebugView debugView, Kern.Core.Interfaces.WorldLighting.ILightingGeometryContributor terrainGeometry) (at Assets/Scripts/World/Lighting/Core/LightingUpdateCoordinator.cs:392)
Kern.World.Lighting.LightingUpdateCoordinator.Update (System.Int32 visibleMinX, System.Int32 visibleMinY, System.Int32 visibleWidth, System.Int32 visibleHeight, UnityEngine.Camera camera, Kern.Core.Interfaces.WorldLighting.ILightingGeometryContributor terrainGeometry, Kern.Rendering.GraphicsQualitySettings qualitySettings, Kern.World.Lighting.Quality.LightingQualityMode qualityMode, Kern.World.Lighting.LightingEngine+DebugView debugView, System.Boolean bypassLightingCompute, System.Boolean ambientOcclusionOnly) (at Assets/Scripts/World/Lighting/Core/LightingUpdateCoordinator.cs:273)
Kern.World.Lighting.LightingEngine.UpdateLightingCoordinator (Kern.Core.Interfaces.WorldLighting.TerrainLightingFrameSnapshot frame) (at Assets/Scripts/World/Lighting/Core/LightingEngine.cs:439)
Kern.World.Lighting.LightingEngine.ProcessTerrainFrame (Kern.Core.Interfaces.WorldLighting.TerrainLightingFrameSnapshot frame) (at Assets/Scripts/World/Lighting/Core/LightingEngine.cs:422)
Kern.World.Lighting.TerrainLightingFramePump.ProcessLatest (Kern.Core.Interfaces.WorldLighting.ITerrainLightingExchange exchange, System.Func`2[T,TResult] processFrame) (at Assets/Scripts/World/Lighting/Core/TerrainLightingFramePump.cs:32)
Kern.World.Lighting.LightingTerrainExchangeState.ProcessLatestFrame (Kern.Core.Interfaces.WorldLighting.ITerrainLightingExchange exchange, System.Func`2[T,TResult] processFrame) (at Assets/Scripts/World/Lighting/Core/LightingTerrainExchangeState.cs:45)
Kern.World.Lighting.LightingEngine.LateUpdate () (at Assets/Scripts/World/Lighting/Core/LightingEngine.cs:386)
UnityEngine.StackTraceUtility:ExtractStringFromExceptionInternal(Object, String&, String&) (at /Users/bokken/build/output/unity/unity/Runtime/Export/Scripting/StackTrace.cs:50)

InvalidOperationException: World-entity material 'Shared Sprite Material (WorldEntityAtlas)' (shader='Kern/World Entity', passes=1, passNames=['<Unnamed Pass 0>']) is missing the LightingMaterialField pass.
Kern.Game.WorldEntityLightingEmitter.RenderField (UnityEngine.Rendering.CommandBuffer commandBuffer) (at Assets/Scripts/Game/Rendering/WorldEntityLightingEmitter.cs:116)
Kern.Game.WorldEntityLightingEmitter.RenderMaterialEmissionFields (UnityEngine.Rendering.CommandBuffer commandBuffer, Kern.Core.Interfaces.WorldLighting.LightingMaterialEmissionContext& context) (at Assets/Scripts/Game/Rendering/WorldEntityLightingEmitter.cs:72)
Kern.Game.WorldEntityBatchRenderer.RenderMaterialEmissionFields (UnityEngine.Rendering.CommandBuffer commandBuffer, Kern.Core.Interfaces.WorldLighting.LightingMaterialEmissionContext& context) (at Assets/Scripts/Game/Rendering/WorldEntityBatchRenderer.cs:407)
Kern.Game.WorldEntityBatchRenderer.Kern.Core.Interfaces.WorldLighting.ILightingGeometryContributor.RenderMaterialEmissionFields (UnityEngine.Rendering.CommandBuffer commandBuffer, Kern.Core.Interfaces.WorldLighting.LightingMaterialEmissionContext& context) (at <4ba44365926549de8cb78b28aaf5ae7e>:0)
Kern.World.Lighting.LightingGeometryRegistry.RenderMaterialEmissionFields (UnityEngine.Rendering.CommandBuffer commandBuffer, UnityEngine.RenderTexture materialField, UnityEngine.RenderTexture emissionField, UnityEngine.Vector4 worldRect, System.Boolean clearFields) (at Assets/Scripts/World/Lighting/Geometry/LightingGeometryRegistry.cs:121)
Kern.World.Lighting.GeometryLightingSolver.RecordMaterialField (UnityEngine.Rendering.CommandBuffer commandBuffer, Kern.Core.Interfaces.WorldLighting.ILightingGeometryContributor terrainGeometry, Kern.World.Lighting.LightingGeometryRegistry geometryRegistry, UnityEngine.Vector4 worldRect) (at Assets/Scripts/World/Lighting/Solvers/GeometryLightingSolver.cs:33)
Kern.World.Lighting.LightingFrameExecutor.Record (UnityEngine.Rendering.CommandBuffer commandBuffer, Kern.World.Lighting.LightingFrameRequest request, Kern.Core.Interfaces.WorldLighting.ILightingGeometryContributor terrainGeometry, UnityEngine.RenderTexture emissionField, UnityEngine.RenderTexture staticDirectTexture) (at Assets/Scripts/World/Lighting/Core/LightingFrameExecutor.cs:134)
Kern.World.Lighting.LightingUpdateCoordinator.RecordLightingFrame (UnityEngine.Rendering.CommandBuffer commandBuffer, UnityEngine.Vector4 worldRect, System.Single cellSize, System.Int32 dynamicLightCount, System.Boolean rebuildFields, System.Boolean dynamicLightsChanged, System.Boolean staticRadianceChanged, System.Boolean reuseStaticAtlas, UnityEngine.Vector2Int regionDelta, System.Collections.Generic.IReadOnlyList`1[T] dirtyRegions, System.Boolean allowStaticDependencyMask, System.Boolean dynamicRadianceChanged, Kern.World.Lighting.Quality.LightingQualityMode qualityMode, Kern.World.Lighting.LightingEngine+DebugView debugView, Kern.Core.Interfaces.WorldLighting.ILightingGeometryContributor terrainGeometry) (at Assets/Scripts/World/Lighting/Core/LightingUpdateCoordinator.cs:392)
Kern.World.Lighting.LightingUpdateCoordinator.Update (System.Int32 visibleMinX, System.Int32 visibleMinY, System.Int32 visibleWidth, System.Int32 visibleHeight, UnityEngine.Camera camera, Kern.Core.Interfaces.WorldLighting.ILightingGeometryContributor terrainGeometry, Kern.Rendering.GraphicsQualitySettings qualitySettings, Kern.World.Lighting.Quality.LightingQualityMode qualityMode, Kern.World.Lighting.LightingEngine+DebugView debugView, System.Boolean bypassLightingCompute, System.Boolean ambientOcclusionOnly) (at Assets/Scripts/World/Lighting/Core/LightingUpdateCoordinator.cs:273)
Kern.World.Lighting.LightingEngine.UpdateLightingCoordinator (Kern.Core.Interfaces.WorldLighting.TerrainLightingFrameSnapshot frame) (at Assets/Scripts/World/Lighting/Core/LightingEngine.cs:439)
Kern.World.Lighting.LightingEngine.ProcessTerrainFrame (Kern.Core.Interfaces.WorldLighting.TerrainLightingFrameSnapshot frame) (at Assets/Scripts/World/Lighting/Core/LightingEngine.cs:422)
Kern.World.Lighting.TerrainLightingFramePump.ProcessLatest (Kern.Core.Interfaces.WorldLighting.ITerrainLightingExchange exchange, System.Func`2[T,TResult] processFrame) (at Assets/Scripts/World/Lighting/Core/TerrainLightingFramePump.cs:32)
Kern.World.Lighting.LightingTerrainExchangeState.ProcessLatestFrame (Kern.Core.Interfaces.WorldLighting.ITerrainLightingExchange exchange, System.Func`2[T,TResult] processFrame) (at Assets/Scripts/World/Lighting/Core/LightingTerrainExchangeState.cs:45)
Kern.World.Lighting.LightingEngine.LateUpdate () (at Assets/Scripts/World/Lighting/Core/LightingEngine.cs:386)
UnityEngine.StackTraceUtility:ExtractStringFromExceptionInternal(Object, String&, String&) (at /Users/bokken/build/output/unity/unity/Runtime/Export/Scripting/StackTrace.cs:50)

InvalidOperationException: World-entity material 'Shared Sprite Material (WorldEntityAtlas)' (shader='Kern/World Entity', passes=1, passNames=['<Unnamed Pass 0>']) is missing the LightingMaterialField pass.
Kern.Game.WorldEntityLightingEmitter.RenderField (UnityEngine.Rendering.CommandBuffer commandBuffer) (at Assets/Scripts/Game/Rendering/WorldEntityLightingEmitter.cs:116)
Kern.Game.WorldEntityLightingEmitter.RenderMaterialEmissionFields (UnityEngine.Rendering.CommandBuffer commandBuffer, Kern.Core.Interfaces.WorldLighting.LightingMaterialEmissionContext& context) (at Assets/Scripts/Game/Rendering/WorldEntityLightingEmitter.cs:72)
Kern.Game.WorldEntityBatchRenderer.RenderMaterialEmissionFields (UnityEngine.Rendering.CommandBuffer commandBuffer, Kern.Core.Interfaces.WorldLighting.LightingMaterialEmissionContext& context) (at Assets/Scripts/Game/Rendering/WorldEntityBatchRenderer.cs:407)
Kern.Game.WorldEntityBatchRenderer.Kern.Core.Interfaces.WorldLighting.ILightingGeometryContributor.RenderMaterialEmissionFields (UnityEngine.Rendering.CommandBuffer commandBuffer, Kern.Core.Interfaces.WorldLighting.LightingMaterialEmissionContext& context) (at <4ba44365926549de8cb78b28aaf5ae7e>:0)
Kern.World.Lighting.LightingGeometryRegistry.RenderMaterialEmissionFields (UnityEngine.Rendering.CommandBuffer commandBuffer, UnityEngine.RenderTexture materialField, UnityEngine.RenderTexture emissionField, UnityEngine.Vector4 worldRect, System.Boolean clearFields) (at Assets/Scripts/World/Lighting/Geometry/LightingGeometryRegistry.cs:121)
Kern.World.Lighting.GeometryLightingSolver.RecordMaterialField (UnityEngine.Rendering.CommandBuffer commandBuffer, Kern.Core.Interfaces.WorldLighting.ILightingGeometryContributor terrainGeometry, Kern.World.Lighting.LightingGeometryRegistry geometryRegistry, UnityEngine.Vector4 worldRect) (at Assets/Scripts/World/Lighting/Solvers/GeometryLightingSolver.cs:33)
Kern.World.Lighting.LightingFrameExecutor.Record (UnityEngine.Rendering.CommandBuffer commandBuffer, Kern.World.Lighting.LightingFrameRequest request, Kern.Core.Interfaces.WorldLighting.ILightingGeometryContributor terrainGeometry, UnityEngine.RenderTexture emissionField, UnityEngine.RenderTexture staticDirectTexture) (at Assets/Scripts/World/Lighting/Core/LightingFrameExecutor.cs:134)
Kern.World.Lighting.LightingUpdateCoordinator.RecordLightingFrame (UnityEngine.Rendering.CommandBuffer commandBuffer, UnityEngine.Vector4 worldRect, System.Single cellSize, System.Int32 dynamicLightCount, System.Boolean rebuildFields, System.Boolean dynamicLightsChanged, System.Boolean staticRadianceChanged, System.Boolean reuseStaticAtlas, UnityEngine.Vector2Int regionDelta, System.Collections.Generic.IReadOnlyList`1[T] dirtyRegions, System.Boolean allowStaticDependencyMask, System.Boolean dynamicRadianceChanged, Kern.World.Lighting.Quality.LightingQualityMode qualityMode, Kern.World.Lighting.LightingEngine+DebugView debugView, Kern.Core.Interfaces.WorldLighting.ILightingGeometryContributor terrainGeometry) (at Assets/Scripts/World/Lighting/Core/LightingUpdateCoordinator.cs:392)
Kern.World.Lighting.LightingUpdateCoordinator.Update (System.Int32 visibleMinX, System.Int32 visibleMinY, System.Int32 visibleWidth, System.Int32 visibleHeight, UnityEngine.Camera camera, Kern.Core.Interfaces.WorldLighting.ILightingGeometryContributor terrainGeometry, Kern.Rendering.GraphicsQualitySettings qualitySettings, Kern.World.Lighting.Quality.LightingQualityMode qualityMode, Kern.World.Lighting.LightingEngine+DebugView debugView, System.Boolean bypassLightingCompute, System.Boolean ambientOcclusionOnly) (at Assets/Scripts/World/Lighting/Core/LightingUpdateCoordinator.cs:273)
Kern.World.Lighting.LightingEngine.UpdateLightingCoordinator (Kern.Core.Interfaces.WorldLighting.TerrainLightingFrameSnapshot frame) (at Assets/Scripts/World/Lighting/Core/LightingEngine.cs:439)
Kern.World.Lighting.LightingEngine.ProcessTerrainFrame (Kern.Core.Interfaces.WorldLighting.TerrainLightingFrameSnapshot frame) (at Assets/Scripts/World/Lighting/Core/LightingEngine.cs:422)
Kern.World.Lighting.TerrainLightingFramePump.ProcessLatest (Kern.Core.Interfaces.WorldLighting.ITerrainLightingExchange exchange, System.Func`2[T,TResult] processFrame) (at Assets/Scripts/World/Lighting/Core/TerrainLightingFramePump.cs:32)
Kern.World.Lighting.LightingTerrainExchangeState.ProcessLatestFrame (Kern.Core.Interfaces.WorldLighting.ITerrainLightingExchange exchange, System.Func`2[T,TResult] processFrame) (at Assets/Scripts/World/Lighting/Core/LightingTerrainExchangeState.cs:45)
Kern.World.Lighting.LightingEngine.LateUpdate () (at Assets/Scripts/World/Lighting/Core/LightingEngine.cs:386)
UnityEngine.StackTraceUtility:ExtractStringFromExceptionInternal(Object, String&, String&) (at /Users/bokken/build/output/unity/unity/Runtime/Export/Scripting/StackTrace.cs:50)

InvalidOperationException: World-entity material 'Shared Sprite Material (WorldEntityAtlas)' (shader='Kern/World Entity', passes=1, passNames=['<Unnamed Pass 0>']) is missing the LightingMaterialField pass.
Kern.Game.WorldEntityLightingEmitter.RenderField (UnityEngine.Rendering.CommandBuffer commandBuffer) (at Assets/Scripts/Game/Rendering/WorldEntityLightingEmitter.cs:116)
Kern.Game.WorldEntityLightingEmitter.RenderMaterialEmissionFields (UnityEngine.Rendering.CommandBuffer commandBuffer, Kern.Core.Interfaces.WorldLighting.LightingMaterialEmissionContext& context) (at Assets/Scripts/Game/Rendering/WorldEntityLightingEmitter.cs:72)
Kern.Game.WorldEntityBatchRenderer.RenderMaterialEmissionFields (UnityEngine.Rendering.CommandBuffer commandBuffer, Kern.Core.Interfaces.WorldLighting.LightingMaterialEmissionContext& context) (at Assets/Scripts/Game/Rendering/WorldEntityBatchRenderer.cs:407)
Kern.Game.WorldEntityBatchRenderer.Kern.Core.Interfaces.WorldLighting.ILightingGeometryContributor.RenderMaterialEmissionFields (UnityEngine.Rendering.CommandBuffer commandBuffer, Kern.Core.Interfaces.WorldLighting.LightingMaterialEmissionContext& context) (at <4ba44365926549de8cb78b28aaf5ae7e>:0)
Kern.World.Lighting.LightingGeometryRegistry.RenderMaterialEmissionFields (UnityEngine.Rendering.CommandBuffer commandBuffer, UnityEngine.RenderTexture materialField, UnityEngine.RenderTexture emissionField, UnityEngine.Vector4 worldRect, System.Boolean clearFields) (at Assets/Scripts/World/Lighting/Geometry/LightingGeometryRegistry.cs:121)
Kern.World.Lighting.GeometryLightingSolver.RecordMaterialField (UnityEngine.Rendering.CommandBuffer commandBuffer, Kern.Core.Interfaces.WorldLighting.ILightingGeometryContributor terrainGeometry, Kern.World.Lighting.LightingGeometryRegistry geometryRegistry, UnityEngine.Vector4 worldRect) (at Assets/Scripts/World/Lighting/Solvers/GeometryLightingSolver.cs:33)
Kern.World.Lighting.LightingFrameExecutor.Record (UnityEngine.Rendering.CommandBuffer commandBuffer, Kern.World.Lighting.LightingFrameRequest request, Kern.Core.Interfaces.WorldLighting.ILightingGeometryContributor terrainGeometry, UnityEngine.RenderTexture emissionField, UnityEngine.RenderTexture staticDirectTexture) (at Assets/Scripts/World/Lighting/Core/LightingFrameExecutor.cs:134)
Kern.World.Lighting.LightingUpdateCoordinator.RecordLightingFrame (UnityEngine.Rendering.CommandBuffer commandBuffer, UnityEngine.Vector4 worldRect, System.Single cellSize, System.Int32 dynamicLightCount, System.Boolean rebuildFields, System.Boolean dynamicLightsChanged, System.Boolean staticRadianceChanged, System.Boolean reuseStaticAtlas, UnityEngine.Vector2Int regionDelta, System.Collections.Generic.IReadOnlyList`1[T] dirtyRegions, System.Boolean allowStaticDependencyMask, System.Boolean dynamicRadianceChanged, Kern.World.Lighting.Quality.LightingQualityMode qualityMode, Kern.World.Lighting.LightingEngine+DebugView debugView, Kern.Core.Interfaces.WorldLighting.ILightingGeometryContributor terrainGeometry) (at Assets/Scripts/World/Lighting/Core/LightingUpdateCoordinator.cs:392)
Kern.World.Lighting.LightingUpdateCoordinator.Update (System.Int32 visibleMinX, System.Int32 visibleMinY, System.Int32 visibleWidth, System.Int32 visibleHeight, UnityEngine.Camera camera, Kern.Core.Interfaces.WorldLighting.ILightingGeometryContributor terrainGeometry, Kern.Rendering.GraphicsQualitySettings qualitySettings, Kern.World.Lighting.Quality.LightingQualityMode qualityMode, Kern.World.Lighting.LightingEngine+DebugView debugView, System.Boolean bypassLightingCompute, System.Boolean ambientOcclusionOnly) (at Assets/Scripts/World/Lighting/Core/LightingUpdateCoordinator.cs:273)
Kern.World.Lighting.LightingEngine.UpdateLightingCoordinator (Kern.Core.Interfaces.WorldLighting.TerrainLightingFrameSnapshot frame) (at Assets/Scripts/World/Lighting/Core/LightingEngine.cs:439)
Kern.World.Lighting.LightingEngine.ProcessTerrainFrame (Kern.Core.Interfaces.WorldLighting.TerrainLightingFrameSnapshot frame) (at Assets/Scripts/World/Lighting/Core/LightingEngine.cs:422)
Kern.World.Lighting.TerrainLightingFramePump.ProcessLatest (Kern.Core.Interfaces.WorldLighting.ITerrainLightingExchange exchange, System.Func`2[T,TResult] processFrame) (at Assets/Scripts/World/Lighting/Core/TerrainLightingFramePump.cs:32)
Kern.World.Lighting.LightingTerrainExchangeState.ProcessLatestFrame (Kern.Core.Interfaces.WorldLighting.ITerrainLightingExchange exchange, System.Func`2[T,TResult] processFrame) (at Assets/Scripts/World/Lighting/Core/LightingTerrainExchangeState.cs:45)
Kern.World.Lighting.LightingEngine.LateUpdate () (at Assets/Scripts/World/Lighting/Core/LightingEngine.cs:386)
UnityEngine.StackTraceUtility:ExtractStringFromExceptionInternal(Object, String&, String&) (at /Users/bokken/build/output/unity/unity/Runtime/Export/Scripting/StackTrace.cs:50)

InvalidOperationException: World-entity material 'Shared Sprite Material (WorldEntityAtlas)' (shader='Kern/World Entity', passes=1, passNames=['<Unnamed Pass 0>']) is missing the LightingMaterialField pass.
Kern.Game.WorldEntityLightingEmitter.RenderField (UnityEngine.Rendering.CommandBuffer commandBuffer) (at Assets/Scripts/Game/Rendering/WorldEntityLightingEmitter.cs:116)
Kern.Game.WorldEntityLightingEmitter.RenderMaterialEmissionFields (UnityEngine.Rendering.CommandBuffer commandBuffer, Kern.Core.Interfaces.WorldLighting.LightingMaterialEmissionContext& context) (at Assets/Scripts/Game/Rendering/WorldEntityLightingEmitter.cs:72)
Kern.Game.WorldEntityBatchRenderer.RenderMaterialEmissionFields (UnityEngine.Rendering.CommandBuffer commandBuffer, Kern.Core.Interfaces.WorldLighting.LightingMaterialEmissionContext& context) (at Assets/Scripts/Game/Rendering/WorldEntityBatchRenderer.cs:407)
Kern.Game.WorldEntityBatchRenderer.Kern.Core.Interfaces.WorldLighting.ILightingGeometryContributor.RenderMaterialEmissionFields (UnityEngine.Rendering.CommandBuffer commandBuffer, Kern.Core.Interfaces.WorldLighting.LightingMaterialEmissionContext& context) (at <4ba44365926549de8cb78b28aaf5ae7e>:0)
Kern.World.Lighting.LightingGeometryRegistry.RenderMaterialEmissionFields (UnityEngine.Rendering.CommandBuffer commandBuffer, UnityEngine.RenderTexture materialField, UnityEngine.RenderTexture emissionField, UnityEngine.Vector4 worldRect, System.Boolean clearFields) (at Assets/Scripts/World/Lighting/Geometry/LightingGeometryRegistry.cs:121)
Kern.World.Lighting.GeometryLightingSolver.RecordMaterialField (UnityEngine.Rendering.CommandBuffer commandBuffer, Kern.Core.Interfaces.WorldLighting.ILightingGeometryContributor terrainGeometry, Kern.World.Lighting.LightingGeometryRegistry geometryRegistry, UnityEngine.Vector4 worldRect) (at Assets/Scripts/World/Lighting/Solvers/GeometryLightingSolver.cs:33)
Kern.World.Lighting.LightingFrameExecutor.Record (UnityEngine.Rendering.CommandBuffer commandBuffer, Kern.World.Lighting.LightingFrameRequest request, Kern.Core.Interfaces.WorldLighting.ILightingGeometryContributor terrainGeometry, UnityEngine.RenderTexture emissionField, UnityEngine.RenderTexture staticDirectTexture) (at Assets/Scripts/World/Lighting/Core/LightingFrameExecutor.cs:134)
Kern.World.Lighting.LightingUpdateCoordinator.RecordLightingFrame (UnityEngine.Rendering.CommandBuffer commandBuffer, UnityEngine.Vector4 worldRect, System.Single cellSize, System.Int32 dynamicLightCount, System.Boolean rebuildFields, System.Boolean dynamicLightsChanged, System.Boolean staticRadianceChanged, System.Boolean reuseStaticAtlas, UnityEngine.Vector2Int regionDelta, System.Collections.Generic.IReadOnlyList`1[T] dirtyRegions, System.Boolean allowStaticDependencyMask, System.Boolean dynamicRadianceChanged, Kern.World.Lighting.Quality.LightingQualityMode qualityMode, Kern.World.Lighting.LightingEngine+DebugView debugView, Kern.Core.Interfaces.WorldLighting.ILightingGeometryContributor terrainGeometry) (at Assets/Scripts/World/Lighting/Core/LightingUpdateCoordinator.cs:392)
Kern.World.Lighting.LightingUpdateCoordinator.Update (System.Int32 visibleMinX, System.Int32 visibleMinY, System.Int32 visibleWidth, System.Int32 visibleHeight, UnityEngine.Camera camera, Kern.Core.Interfaces.WorldLighting.ILightingGeometryContributor terrainGeometry, Kern.Rendering.GraphicsQualitySettings qualitySettings, Kern.World.Lighting.Quality.LightingQualityMode qualityMode, Kern.World.Lighting.LightingEngine+DebugView debugView, System.Boolean bypassLightingCompute, System.Boolean ambientOcclusionOnly) (at Assets/Scripts/World/Lighting/Core/LightingUpdateCoordinator.cs:273)
Kern.World.Lighting.LightingEngine.UpdateLightingCoordinator (Kern.Core.Interfaces.WorldLighting.TerrainLightingFrameSnapshot frame) (at Assets/Scripts/World/Lighting/Core/LightingEngine.cs:439)
Kern.World.Lighting.LightingEngine.ProcessTerrainFrame (Kern.Core.Interfaces.WorldLighting.TerrainLightingFrameSnapshot frame) (at Assets/Scripts/World/Lighting/Core/LightingEngine.cs:422)
Kern.World.Lighting.TerrainLightingFramePump.ProcessLatest (Kern.Core.Interfaces.WorldLighting.ITerrainLightingExchange exchange, System.Func`2[T,TResult] processFrame) (at Assets/Scripts/World/Lighting/Core/TerrainLightingFramePump.cs:32)
Kern.World.Lighting.LightingTerrainExchangeState.ProcessLatestFrame (Kern.Core.Interfaces.WorldLighting.ITerrainLightingExchange exchange, System.Func`2[T,TResult] processFrame) (at Assets/Scripts/World/Lighting/Core/LightingTerrainExchangeState.cs:45)
Kern.World.Lighting.LightingEngine.LateUpdate () (at Assets/Scripts/World/Lighting/Core/LightingEngine.cs:386)
UnityEngine.StackTraceUtility:ExtractStringFromExceptionInternal(Object, String&, String&) (at /Users/bokken/build/output/unity/unity/Runtime/Export/Scripting/StackTrace.cs:50)

InvalidOperationException: World-entity material 'Shared Sprite Material (WorldEntityAtlas)' (shader='Kern/World Entity', passes=1, passNames=['<Unnamed Pass 0>']) is missing the LightingMaterialField pass.
Kern.Game.WorldEntityLightingEmitter.RenderField (UnityEngine.Rendering.CommandBuffer commandBuffer) (at Assets/Scripts/Game/Rendering/WorldEntityLightingEmitter.cs:116)
Kern.Game.WorldEntityLightingEmitter.RenderMaterialEmissionFields (UnityEngine.Rendering.CommandBuffer commandBuffer, Kern.Core.Interfaces.WorldLighting.LightingMaterialEmissionContext& context) (at Assets/Scripts/Game/Rendering/WorldEntityLightingEmitter.cs:72)
Kern.Game.WorldEntityBatchRenderer.RenderMaterialEmissionFields (UnityEngine.Rendering.CommandBuffer commandBuffer, Kern.Core.Interfaces.WorldLighting.LightingMaterialEmissionContext& context) (at Assets/Scripts/Game/Rendering/WorldEntityBatchRenderer.cs:407)
Kern.Game.WorldEntityBatchRenderer.Kern.Core.Interfaces.WorldLighting.ILightingGeometryContributor.RenderMaterialEmissionFields (UnityEngine.Rendering.CommandBuffer commandBuffer, Kern.Core.Interfaces.WorldLighting.LightingMaterialEmissionContext& context) (at <4ba44365926549de8cb78b28aaf5ae7e>:0)
Kern.World.Lighting.LightingGeometryRegistry.RenderMaterialEmissionFields (UnityEngine.Rendering.CommandBuffer commandBuffer, UnityEngine.RenderTexture materialField, UnityEngine.RenderTexture emissionField, UnityEngine.Vector4 worldRect, System.Boolean clearFields) (at Assets/Scripts/World/Lighting/Geometry/LightingGeometryRegistry.cs:121)
Kern.World.Lighting.GeometryLightingSolver.RecordMaterialField (UnityEngine.Rendering.CommandBuffer commandBuffer, Kern.Core.Interfaces.WorldLighting.ILightingGeometryContributor terrainGeometry, Kern.World.Lighting.LightingGeometryRegistry geometryRegistry, UnityEngine.Vector4 worldRect) (at Assets/Scripts/World/Lighting/Solvers/GeometryLightingSolver.cs:33)
Kern.World.Lighting.LightingFrameExecutor.Record (UnityEngine.Rendering.CommandBuffer commandBuffer, Kern.World.Lighting.LightingFrameRequest request, Kern.Core.Interfaces.WorldLighting.ILightingGeometryContributor terrainGeometry, UnityEngine.RenderTexture emissionField, UnityEngine.RenderTexture staticDirectTexture) (at Assets/Scripts/World/Lighting/Core/LightingFrameExecutor.cs:134)
Kern.World.Lighting.LightingUpdateCoordinator.RecordLightingFrame (UnityEngine.Rendering.CommandBuffer commandBuffer, UnityEngine.Vector4 worldRect, System.Single cellSize, System.Int32 dynamicLightCount, System.Boolean rebuildFields, System.Boolean dynamicLightsChanged, System.Boolean staticRadianceChanged, System.Boolean reuseStaticAtlas, UnityEngine.Vector2Int regionDelta, System.Collections.Generic.IReadOnlyList`1[T] dirtyRegions, System.Boolean allowStaticDependencyMask, System.Boolean dynamicRadianceChanged, Kern.World.Lighting.Quality.LightingQualityMode qualityMode, Kern.World.Lighting.LightingEngine+DebugView debugView, Kern.Core.Interfaces.WorldLighting.ILightingGeometryContributor terrainGeometry) (at Assets/Scripts/World/Lighting/Core/LightingUpdateCoordinator.cs:392)
Kern.World.Lighting.LightingUpdateCoordinator.Update (System.Int32 visibleMinX, System.Int32 visibleMinY, System.Int32 visibleWidth, System.Int32 visibleHeight, UnityEngine.Camera camera, Kern.Core.Interfaces.WorldLighting.ILightingGeometryContributor terrainGeometry, Kern.Rendering.GraphicsQualitySettings qualitySettings, Kern.World.Lighting.Quality.LightingQualityMode qualityMode, Kern.World.Lighting.LightingEngine+DebugView debugView, System.Boolean bypassLightingCompute, System.Boolean ambientOcclusionOnly) (at Assets/Scripts/World/Lighting/Core/LightingUpdateCoordinator.cs:273)
Kern.World.Lighting.LightingEngine.UpdateLightingCoordinator (Kern.Core.Interfaces.WorldLighting.TerrainLightingFrameSnapshot frame) (at Assets/Scripts/World/Lighting/Core/LightingEngine.cs:439)
Kern.World.Lighting.LightingEngine.ProcessTerrainFrame (Kern.Core.Interfaces.WorldLighting.TerrainLightingFrameSnapshot frame) (at Assets/Scripts/World/Lighting/Core/LightingEngine.cs:422)
Kern.World.Lighting.TerrainLightingFramePump.ProcessLatest (Kern.Core.Interfaces.WorldLighting.ITerrainLightingExchange exchange, System.Func`2[T,TResult] processFrame) (at Assets/Scripts/World/Lighting/Core/TerrainLightingFramePump.cs:32)
Kern.World.Lighting.LightingTerrainExchangeState.ProcessLatestFrame (Kern.Core.Interfaces.WorldLighting.ITerrainLightingExchange exchange, System.Func`2[T,TResult] processFrame) (at Assets/Scripts/World/Lighting/Core/LightingTerrainExchangeState.cs:45)
Kern.World.Lighting.LightingEngine.LateUpdate () (at Assets/Scripts/World/Lighting/Core/LightingEngine.cs:386)
UnityEngine.StackTraceUtility:ExtractStringFromExceptionInternal(Object, String&, String&) (at /Users/bokken/build/output/unity/unity/Runtime/Export/Scripting/StackTrace.cs:50)

InvalidOperationException: World-entity material 'Shared Sprite Material (WorldEntityAtlas)' (shader='Kern/World Entity', passes=1, passNames=['<Unnamed Pass 0>']) is missing the LightingMaterialField pass.
Kern.Game.WorldEntityLightingEmitter.RenderField (UnityEngine.Rendering.CommandBuffer commandBuffer) (at Assets/Scripts/Game/Rendering/WorldEntityLightingEmitter.cs:116)
Kern.Game.WorldEntityLightingEmitter.RenderMaterialEmissionFields (UnityEngine.Rendering.CommandBuffer commandBuffer, Kern.Core.Interfaces.WorldLighting.LightingMaterialEmissionContext& context) (at Assets/Scripts/Game/Rendering/WorldEntityLightingEmitter.cs:72)
Kern.Game.WorldEntityBatchRenderer.RenderMaterialEmissionFields (UnityEngine.Rendering.CommandBuffer commandBuffer, Kern.Core.Interfaces.WorldLighting.LightingMaterialEmissionContext& context) (at Assets/Scripts/Game/Rendering/WorldEntityBatchRenderer.cs:407)
Kern.Game.WorldEntityBatchRenderer.Kern.Core.Interfaces.WorldLighting.ILightingGeometryContributor.RenderMaterialEmissionFields (UnityEngine.Rendering.CommandBuffer commandBuffer, Kern.Core.Interfaces.WorldLighting.LightingMaterialEmissionContext& context) (at <4ba44365926549de8cb78b28aaf5ae7e>:0)
Kern.World.Lighting.LightingGeometryRegistry.RenderMaterialEmissionFields (UnityEngine.Rendering.CommandBuffer commandBuffer, UnityEngine.RenderTexture materialField, UnityEngine.RenderTexture emissionField, UnityEngine.Vector4 worldRect, System.Boolean clearFields) (at Assets/Scripts/World/Lighting/Geometry/LightingGeometryRegistry.cs:121)
Kern.World.Lighting.GeometryLightingSolver.RecordMaterialField (UnityEngine.Rendering.CommandBuffer commandBuffer, Kern.Core.Interfaces.WorldLighting.ILightingGeometryContributor terrainGeometry, Kern.World.Lighting.LightingGeometryRegistry geometryRegistry, UnityEngine.Vector4 worldRect) (at Assets/Scripts/World/Lighting/Solvers/GeometryLightingSolver.cs:33)
Kern.World.Lighting.LightingFrameExecutor.Record (UnityEngine.Rendering.CommandBuffer commandBuffer, Kern.World.Lighting.LightingFrameRequest request, Kern.Core.Interfaces.WorldLighting.ILightingGeometryContributor terrainGeometry, UnityEngine.RenderTexture emissionField, UnityEngine.RenderTexture staticDirectTexture) (at Assets/Scripts/World/Lighting/Core/LightingFrameExecutor.cs:134)
Kern.World.Lighting.LightingUpdateCoordinator.RecordLightingFrame (UnityEngine.Rendering.CommandBuffer commandBuffer, UnityEngine.Vector4 worldRect, System.Single cellSize, System.Int32 dynamicLightCount, System.Boolean rebuildFields, System.Boolean dynamicLightsChanged, System.Boolean staticRadianceChanged, System.Boolean reuseStaticAtlas, UnityEngine.Vector2Int regionDelta, System.Collections.Generic.IReadOnlyList`1[T] dirtyRegions, System.Boolean allowStaticDependencyMask, System.Boolean dynamicRadianceChanged, Kern.World.Lighting.Quality.LightingQualityMode qualityMode, Kern.World.Lighting.LightingEngine+DebugView debugView, Kern.Core.Interfaces.WorldLighting.ILightingGeometryContributor terrainGeometry) (at Assets/Scripts/World/Lighting/Core/LightingUpdateCoordinator.cs:392)
Kern.World.Lighting.LightingUpdateCoordinator.Update (System.Int32 visibleMinX, System.Int32 visibleMinY, System.Int32 visibleWidth, System.Int32 visibleHeight, UnityEngine.Camera camera, Kern.Core.Interfaces.WorldLighting.ILightingGeometryContributor terrainGeometry, Kern.Rendering.GraphicsQualitySettings qualitySettings, Kern.World.Lighting.Quality.LightingQualityMode qualityMode, Kern.World.Lighting.LightingEngine+DebugView debugView, System.Boolean bypassLightingCompute, System.Boolean ambientOcclusionOnly) (at Assets/Scripts/World/Lighting/Core/LightingUpdateCoordinator.cs:273)
Kern.World.Lighting.LightingEngine.UpdateLightingCoordinator (Kern.Core.Interfaces.WorldLighting.TerrainLightingFrameSnapshot frame) (at Assets/Scripts/World/Lighting/Core/LightingEngine.cs:439)
Kern.World.Lighting.LightingEngine.ProcessTerrainFrame (Kern.Core.Interfaces.WorldLighting.TerrainLightingFrameSnapshot frame) (at Assets/Scripts/World/Lighting/Core/LightingEngine.cs:422)
Kern.World.Lighting.TerrainLightingFramePump.ProcessLatest (Kern.Core.Interfaces.WorldLighting.ITerrainLightingExchange exchange, System.Func`2[T,TResult] processFrame) (at Assets/Scripts/World/Lighting/Core/TerrainLightingFramePump.cs:32)
Kern.World.Lighting.LightingTerrainExchangeState.ProcessLatestFrame (Kern.Core.Interfaces.WorldLighting.ITerrainLightingExchange exchange, System.Func`2[T,TResult] processFrame) (at Assets/Scripts/World/Lighting/Core/LightingTerrainExchangeState.cs:45)
Kern.World.Lighting.LightingEngine.LateUpdate () (at Assets/Scripts/World/Lighting/Core/LightingEngine.cs:386)
UnityEngine.StackTraceUtility:ExtractStringFromExceptionInternal(Object, String&, String&) (at /Users/bokken/build/output/unity/unity/Runtime/Export/Scripting/StackTrace.cs:50)

InvalidOperationException: World-entity material 'Shared Sprite Material (WorldEntityAtlas)' (shader='Kern/World Entity', passes=1, passNames=['<Unnamed Pass 0>']) is missing the LightingMaterialField pass.
Kern.Game.WorldEntityLightingEmitter.RenderField (UnityEngine.Rendering.CommandBuffer commandBuffer) (at Assets/Scripts/Game/Rendering/WorldEntityLightingEmitter.cs:116)
Kern.Game.WorldEntityLightingEmitter.RenderMaterialEmissionFields (UnityEngine.Rendering.CommandBuffer commandBuffer, Kern.Core.Interfaces.WorldLighting.LightingMaterialEmissionContext& context) (at Assets/Scripts/Game/Rendering/WorldEntityLightingEmitter.cs:72)
Kern.Game.WorldEntityBatchRenderer.RenderMaterialEmissionFields (UnityEngine.Rendering.CommandBuffer commandBuffer, Kern.Core.Interfaces.WorldLighting.LightingMaterialEmissionContext& context) (at Assets/Scripts/Game/Rendering/WorldEntityBatchRenderer.cs:407)
Kern.Game.WorldEntityBatchRenderer.Kern.Core.Interfaces.WorldLighting.ILightingGeometryContributor.RenderMaterialEmissionFields (UnityEngine.Rendering.CommandBuffer commandBuffer, Kern.Core.Interfaces.WorldLighting.LightingMaterialEmissionContext& context) (at <4ba44365926549de8cb78b28aaf5ae7e>:0)
Kern.World.Lighting.LightingGeometryRegistry.RenderMaterialEmissionFields (UnityEngine.Rendering.CommandBuffer commandBuffer, UnityEngine.RenderTexture materialField, UnityEngine.RenderTexture emissionField, UnityEngine.Vector4 worldRect, System.Boolean clearFields) (at Assets/Scripts/World/Lighting/Geometry/LightingGeometryRegistry.cs:121)
Kern.World.Lighting.GeometryLightingSolver.RecordMaterialField (UnityEngine.Rendering.CommandBuffer commandBuffer, Kern.Core.Interfaces.WorldLighting.ILightingGeometryContributor terrainGeometry, Kern.World.Lighting.LightingGeometryRegistry geometryRegistry, UnityEngine.Vector4 worldRect) (at Assets/Scripts/World/Lighting/Solvers/GeometryLightingSolver.cs:33)
Kern.World.Lighting.LightingFrameExecutor.Record (UnityEngine.Rendering.CommandBuffer commandBuffer, Kern.World.Lighting.LightingFrameRequest request, Kern.Core.Interfaces.WorldLighting.ILightingGeometryContributor terrainGeometry, UnityEngine.RenderTexture emissionField, UnityEngine.RenderTexture staticDirectTexture) (at Assets/Scripts/World/Lighting/Core/LightingFrameExecutor.cs:134)
Kern.World.Lighting.LightingUpdateCoordinator.RecordLightingFrame (UnityEngine.Rendering.CommandBuffer commandBuffer, UnityEngine.Vector4 worldRect, System.Single cellSize, System.Int32 dynamicLightCount, System.Boolean rebuildFields, System.Boolean dynamicLightsChanged, System.Boolean staticRadianceChanged, System.Boolean reuseStaticAtlas, UnityEngine.Vector2Int regionDelta, System.Collections.Generic.IReadOnlyList`1[T] dirtyRegions, System.Boolean allowStaticDependencyMask, System.Boolean dynamicRadianceChanged, Kern.World.Lighting.Quality.LightingQualityMode qualityMode, Kern.World.Lighting.LightingEngine+DebugView debugView, Kern.Core.Interfaces.WorldLighting.ILightingGeometryContributor terrainGeometry) (at Assets/Scripts/World/Lighting/Core/LightingUpdateCoordinator.cs:392)
Kern.World.Lighting.LightingUpdateCoordinator.Update (System.Int32 visibleMinX, System.Int32 visibleMinY, System.Int32 visibleWidth, System.Int32 visibleHeight, UnityEngine.Camera camera, Kern.Core.Interfaces.WorldLighting.ILightingGeometryContributor terrainGeometry, Kern.Rendering.GraphicsQualitySettings qualitySettings, Kern.World.Lighting.Quality.LightingQualityMode qualityMode, Kern.World.Lighting.LightingEngine+DebugView debugView, System.Boolean bypassLightingCompute, System.Boolean ambientOcclusionOnly) (at Assets/Scripts/World/Lighting/Core/LightingUpdateCoordinator.cs:273)
Kern.World.Lighting.LightingEngine.UpdateLightingCoordinator (Kern.Core.Interfaces.WorldLighting.TerrainLightingFrameSnapshot frame) (at Assets/Scripts/World/Lighting/Core/LightingEngine.cs:439)
Kern.World.Lighting.LightingEngine.ProcessTerrainFrame (Kern.Core.Interfaces.WorldLighting.TerrainLightingFrameSnapshot frame) (at Assets/Scripts/World/Lighting/Core/LightingEngine.cs:422)
Kern.World.Lighting.TerrainLightingFramePump.ProcessLatest (Kern.Core.Interfaces.WorldLighting.ITerrainLightingExchange exchange, System.Func`2[T,TResult] processFrame) (at Assets/Scripts/World/Lighting/Core/TerrainLightingFramePump.cs:32)
Kern.World.Lighting.LightingTerrainExchangeState.ProcessLatestFrame (Kern.Core.Interfaces.WorldLighting.ITerrainLightingExchange exchange, System.Func`2[T,TResult] processFrame) (at Assets/Scripts/World/Lighting/Core/LightingTerrainExchangeState.cs:45)
Kern.World.Lighting.LightingEngine.LateUpdate () (at Assets/Scripts/World/Lighting/Core/LightingEngine.cs:386)
UnityEngine.StackTraceUtility:ExtractStringFromExceptionInternal(Object, String&, String&) (at /Users/bokken/build/output/unity/unity/Runtime/Export/Scripting/StackTrace.cs:50)

InvalidOperationException: World-entity material 'Shared Sprite Material (WorldEntityAtlas)' (shader='Kern/World Entity', passes=1, passNames=['<Unnamed Pass 0>']) is missing the LightingMaterialField pass.
Kern.Game.WorldEntityLightingEmitter.RenderField (UnityEngine.Rendering.CommandBuffer commandBuffer) (at Assets/Scripts/Game/Rendering/WorldEntityLightingEmitter.cs:116)
Kern.Game.WorldEntityLightingEmitter.RenderMaterialEmissionFields (UnityEngine.Rendering.CommandBuffer commandBuffer, Kern.Core.Interfaces.WorldLighting.LightingMaterialEmissionContext& context) (at Assets/Scripts/Game/Rendering/WorldEntityLightingEmitter.cs:72)
Kern.Game.WorldEntityBatchRenderer.RenderMaterialEmissionFields (UnityEngine.Rendering.CommandBuffer commandBuffer, Kern.Core.Interfaces.WorldLighting.LightingMaterialEmissionContext& context) (at Assets/Scripts/Game/Rendering/WorldEntityBatchRenderer.cs:407)
Kern.Game.WorldEntityBatchRenderer.Kern.Core.Interfaces.WorldLighting.ILightingGeometryContributor.RenderMaterialEmissionFields (UnityEngine.Rendering.CommandBuffer commandBuffer, Kern.Core.Interfaces.WorldLighting.LightingMaterialEmissionContext& context) (at <4ba44365926549de8cb78b28aaf5ae7e>:0)
Kern.World.Lighting.LightingGeometryRegistry.RenderMaterialEmissionFields (UnityEngine.Rendering.CommandBuffer commandBuffer, UnityEngine.RenderTexture materialField, UnityEngine.RenderTexture emissionField, UnityEngine.Vector4 worldRect, System.Boolean clearFields) (at Assets/Scripts/World/Lighting/Geometry/LightingGeometryRegistry.cs:121)
Kern.World.Lighting.GeometryLightingSolver.RecordMaterialField (UnityEngine.Rendering.CommandBuffer commandBuffer, Kern.Core.Interfaces.WorldLighting.ILightingGeometryContributor terrainGeometry, Kern.World.Lighting.LightingGeometryRegistry geometryRegistry, UnityEngine.Vector4 worldRect) (at Assets/Scripts/World/Lighting/Solvers/GeometryLightingSolver.cs:33)
Kern.World.Lighting.LightingFrameExecutor.Record (UnityEngine.Rendering.CommandBuffer commandBuffer, Kern.World.Lighting.LightingFrameRequest request, Kern.Core.Interfaces.WorldLighting.ILightingGeometryContributor terrainGeometry, UnityEngine.RenderTexture emissionField, UnityEngine.RenderTexture staticDirectTexture) (at Assets/Scripts/World/Lighting/Core/LightingFrameExecutor.cs:134)
Kern.World.Lighting.LightingUpdateCoordinator.RecordLightingFrame (UnityEngine.Rendering.CommandBuffer commandBuffer, UnityEngine.Vector4 worldRect, System.Single cellSize, System.Int32 dynamicLightCount, System.Boolean rebuildFields, System.Boolean dynamicLightsChanged, System.Boolean staticRadianceChanged, System.Boolean reuseStaticAtlas, UnityEngine.Vector2Int regionDelta, System.Collections.Generic.IReadOnlyList`1[T] dirtyRegions, System.Boolean allowStaticDependencyMask, System.Boolean dynamicRadianceChanged, Kern.World.Lighting.Quality.LightingQualityMode qualityMode, Kern.World.Lighting.LightingEngine+DebugView debugView, Kern.Core.Interfaces.WorldLighting.ILightingGeometryContributor terrainGeometry) (at Assets/Scripts/World/Lighting/Core/LightingUpdateCoordinator.cs:392)
Kern.World.Lighting.LightingUpdateCoordinator.Update (System.Int32 visibleMinX, System.Int32 visibleMinY, System.Int32 visibleWidth, System.Int32 visibleHeight, UnityEngine.Camera camera, Kern.Core.Interfaces.WorldLighting.ILightingGeometryContributor terrainGeometry, Kern.Rendering.GraphicsQualitySettings qualitySettings, Kern.World.Lighting.Quality.LightingQualityMode qualityMode, Kern.World.Lighting.LightingEngine+DebugView debugView, System.Boolean bypassLightingCompute, System.Boolean ambientOcclusionOnly) (at Assets/Scripts/World/Lighting/Core/LightingUpdateCoordinator.cs:273)
Kern.World.Lighting.LightingEngine.UpdateLightingCoordinator (Kern.Core.Interfaces.WorldLighting.TerrainLightingFrameSnapshot frame) (at Assets/Scripts/World/Lighting/Core/LightingEngine.cs:439)
Kern.World.Lighting.LightingEngine.ProcessTerrainFrame (Kern.Core.Interfaces.WorldLighting.TerrainLightingFrameSnapshot frame) (at Assets/Scripts/World/Lighting/Core/LightingEngine.cs:422)
Kern.World.Lighting.TerrainLightingFramePump.ProcessLatest (Kern.Core.Interfaces.WorldLighting.ITerrainLightingExchange exchange, System.Func`2[T,TResult] processFrame) (at Assets/Scripts/World/Lighting/Core/TerrainLightingFramePump.cs:32)
Kern.World.Lighting.LightingTerrainExchangeState.ProcessLatestFrame (Kern.Core.Interfaces.WorldLighting.ITerrainLightingExchange exchange, System.Func`2[T,TResult] processFrame) (at Assets/Scripts/World/Lighting/Core/LightingTerrainExchangeState.cs:45)
Kern.World.Lighting.LightingEngine.LateUpdate () (at Assets/Scripts/World/Lighting/Core/LightingEngine.cs:386)
UnityEngine.StackTraceUtility:ExtractStringFromExceptionInternal(Object, String&, String&) (at /Users/bokken/build/output/unity/unity/Runtime/Export/Scripting/StackTrace.cs:50)

InvalidOperationException: World-entity material 'Shared Sprite Material (WorldEntityAtlas)' (shader='Kern/World Entity', passes=1, passNames=['<Unnamed Pass 0>']) is missing the LightingMaterialField pass.
Kern.Game.WorldEntityLightingEmitter.RenderField (UnityEngine.Rendering.CommandBuffer commandBuffer) (at Assets/Scripts/Game/Rendering/WorldEntityLightingEmitter.cs:116)
Kern.Game.WorldEntityLightingEmitter.RenderMaterialEmissionFields (UnityEngine.Rendering.CommandBuffer commandBuffer, Kern.Core.Interfaces.WorldLighting.LightingMaterialEmissionContext& context) (at Assets/Scripts/Game/Rendering/WorldEntityLightingEmitter.cs:72)
Kern.Game.WorldEntityBatchRenderer.RenderMaterialEmissionFields (UnityEngine.Rendering.CommandBuffer commandBuffer, Kern.Core.Interfaces.WorldLighting.LightingMaterialEmissionContext& context) (at Assets/Scripts/Game/Rendering/WorldEntityBatchRenderer.cs:407)
Kern.Game.WorldEntityBatchRenderer.Kern.Core.Interfaces.WorldLighting.ILightingGeometryContributor.RenderMaterialEmissionFields (UnityEngine.Rendering.CommandBuffer commandBuffer, Kern.Core.Interfaces.WorldLighting.LightingMaterialEmissionContext& context) (at <4ba44365926549de8cb78b28aaf5ae7e>:0)
Kern.World.Lighting.LightingGeometryRegistry.RenderMaterialEmissionFields (UnityEngine.Rendering.CommandBuffer commandBuffer, UnityEngine.RenderTexture materialField, UnityEngine.RenderTexture emissionField, UnityEngine.Vector4 worldRect, System.Boolean clearFields) (at Assets/Scripts/World/Lighting/Geometry/LightingGeometryRegistry.cs:121)
Kern.World.Lighting.GeometryLightingSolver.RecordMaterialField (UnityEngine.Rendering.CommandBuffer commandBuffer, Kern.Core.Interfaces.WorldLighting.ILightingGeometryContributor terrainGeometry, Kern.World.Lighting.LightingGeometryRegistry geometryRegistry, UnityEngine.Vector4 worldRect) (at Assets/Scripts/World/Lighting/Solvers/GeometryLightingSolver.cs:33)
Kern.World.Lighting.LightingFrameExecutor.Record (UnityEngine.Rendering.CommandBuffer commandBuffer, Kern.World.Lighting.LightingFrameRequest request, Kern.Core.Interfaces.WorldLighting.ILightingGeometryContributor terrainGeometry, UnityEngine.RenderTexture emissionField, UnityEngine.RenderTexture staticDirectTexture) (at Assets/Scripts/World/Lighting/Core/LightingFrameExecutor.cs:134)
Kern.World.Lighting.LightingUpdateCoordinator.RecordLightingFrame (UnityEngine.Rendering.CommandBuffer commandBuffer, UnityEngine.Vector4 worldRect, System.Single cellSize, System.Int32 dynamicLightCount, System.Boolean rebuildFields, System.Boolean dynamicLightsChanged, System.Boolean staticRadianceChanged, System.Boolean reuseStaticAtlas, UnityEngine.Vector2Int regionDelta, System.Collections.Generic.IReadOnlyList`1[T] dirtyRegions, System.Boolean allowStaticDependencyMask, System.Boolean dynamicRadianceChanged, Kern.World.Lighting.Quality.LightingQualityMode qualityMode, Kern.World.Lighting.LightingEngine+DebugView debugView, Kern.Core.Interfaces.WorldLighting.ILightingGeometryContributor terrainGeometry) (at Assets/Scripts/World/Lighting/Core/LightingUpdateCoordinator.cs:392)
Kern.World.Lighting.LightingUpdateCoordinator.Update (System.Int32 visibleMinX, System.Int32 visibleMinY, System.Int32 visibleWidth, System.Int32 visibleHeight, UnityEngine.Camera camera, Kern.Core.Interfaces.WorldLighting.ILightingGeometryContributor terrainGeometry, Kern.Rendering.GraphicsQualitySettings qualitySettings, Kern.World.Lighting.Quality.LightingQualityMode qualityMode, Kern.World.Lighting.LightingEngine+DebugView debugView, System.Boolean bypassLightingCompute, System.Boolean ambientOcclusionOnly) (at Assets/Scripts/World/Lighting/Core/LightingUpdateCoordinator.cs:273)
Kern.World.Lighting.LightingEngine.UpdateLightingCoordinator (Kern.Core.Interfaces.WorldLighting.TerrainLightingFrameSnapshot frame) (at Assets/Scripts/World/Lighting/Core/LightingEngine.cs:439)
Kern.World.Lighting.LightingEngine.ProcessTerrainFrame (Kern.Core.Interfaces.WorldLighting.TerrainLightingFrameSnapshot frame) (at Assets/Scripts/World/Lighting/Core/LightingEngine.cs:422)
Kern.World.Lighting.TerrainLightingFramePump.ProcessLatest (Kern.Core.Interfaces.WorldLighting.ITerrainLightingExchange exchange, System.Func`2[T,TResult] processFrame) (at Assets/Scripts/World/Lighting/Core/TerrainLightingFramePump.cs:32)
Kern.World.Lighting.LightingTerrainExchangeState.ProcessLatestFrame (Kern.Core.Interfaces.WorldLighting.ITerrainLightingExchange exchange, System.Func`2[T,TResult] processFrame) (at Assets/Scripts/World/Lighting/Core/LightingTerrainExchangeState.cs:45)
Kern.World.Lighting.LightingEngine.LateUpdate () (at Assets/Scripts/World/Lighting/Core/LightingEngine.cs:386)
UnityEngine.StackTraceUtility:ExtractStringFromExceptionInternal(Object, String&, String&) (at /Users/bokken/build/output/unity/unity/Runtime/Export/Scripting/StackTrace.cs:50)

InvalidOperationException: World-entity material 'Shared Sprite Material (WorldEntityAtlas)' (shader='Kern/World Entity', passes=1, passNames=['<Unnamed Pass 0>']) is missing the LightingMaterialField pass.
Kern.Game.WorldEntityLightingEmitter.RenderField (UnityEngine.Rendering.CommandBuffer commandBuffer) (at Assets/Scripts/Game/Rendering/WorldEntityLightingEmitter.cs:116)
Kern.Game.WorldEntityLightingEmitter.RenderMaterialEmissionFields (UnityEngine.Rendering.CommandBuffer commandBuffer, Kern.Core.Interfaces.WorldLighting.LightingMaterialEmissionContext& context) (at Assets/Scripts/Game/Rendering/WorldEntityLightingEmitter.cs:72)
Kern.Game.WorldEntityBatchRenderer.RenderMaterialEmissionFields (UnityEngine.Rendering.CommandBuffer commandBuffer, Kern.Core.Interfaces.WorldLighting.LightingMaterialEmissionContext& context) (at Assets/Scripts/Game/Rendering/WorldEntityBatchRenderer.cs:407)
Kern.Game.WorldEntityBatchRenderer.Kern.Core.Interfaces.WorldLighting.ILightingGeometryContributor.RenderMaterialEmissionFields (UnityEngine.Rendering.CommandBuffer commandBuffer, Kern.Core.Interfaces.WorldLighting.LightingMaterialEmissionContext& context) (at <4ba44365926549de8cb78b28aaf5ae7e>:0)
Kern.World.Lighting.LightingGeometryRegistry.RenderMaterialEmissionFields (UnityEngine.Rendering.CommandBuffer commandBuffer, UnityEngine.RenderTexture materialField, UnityEngine.RenderTexture emissionField, UnityEngine.Vector4 worldRect, System.Boolean clearFields) (at Assets/Scripts/World/Lighting/Geometry/LightingGeometryRegistry.cs:121)
Kern.World.Lighting.GeometryLightingSolver.RecordMaterialField (UnityEngine.Rendering.CommandBuffer commandBuffer, Kern.Core.Interfaces.WorldLighting.ILightingGeometryContributor terrainGeometry, Kern.World.Lighting.LightingGeometryRegistry geometryRegistry, UnityEngine.Vector4 worldRect) (at Assets/Scripts/World/Lighting/Solvers/GeometryLightingSolver.cs:33)
Kern.World.Lighting.LightingFrameExecutor.Record (UnityEngine.Rendering.CommandBuffer commandBuffer, Kern.World.Lighting.LightingFrameRequest request, Kern.Core.Interfaces.WorldLighting.ILightingGeometryContributor terrainGeometry, UnityEngine.RenderTexture emissionField, UnityEngine.RenderTexture staticDirectTexture) (at Assets/Scripts/World/Lighting/Core/LightingFrameExecutor.cs:134)
Kern.World.Lighting.LightingUpdateCoordinator.RecordLightingFrame (UnityEngine.Rendering.CommandBuffer commandBuffer, UnityEngine.Vector4 worldRect, System.Single cellSize, System.Int32 dynamicLightCount, System.Boolean rebuildFields, System.Boolean dynamicLightsChanged, System.Boolean staticRadianceChanged, System.Boolean reuseStaticAtlas, UnityEngine.Vector2Int regionDelta, System.Collections.Generic.IReadOnlyList`1[T] dirtyRegions, System.Boolean allowStaticDependencyMask, System.Boolean dynamicRadianceChanged, Kern.World.Lighting.Quality.LightingQualityMode qualityMode, Kern.World.Lighting.LightingEngine+DebugView debugView, Kern.Core.Interfaces.WorldLighting.ILightingGeometryContributor terrainGeometry) (at Assets/Scripts/World/Lighting/Core/LightingUpdateCoordinator.cs:392)
Kern.World.Lighting.LightingUpdateCoordinator.Update (System.Int32 visibleMinX, System.Int32 visibleMinY, System.Int32 visibleWidth, System.Int32 visibleHeight, UnityEngine.Camera camera, Kern.Core.Interfaces.WorldLighting.ILightingGeometryContributor terrainGeometry, Kern.Rendering.GraphicsQualitySettings qualitySettings, Kern.World.Lighting.Quality.LightingQualityMode qualityMode, Kern.World.Lighting.LightingEngine+DebugView debugView, System.Boolean bypassLightingCompute, System.Boolean ambientOcclusionOnly) (at Assets/Scripts/World/Lighting/Core/LightingUpdateCoordinator.cs:273)
Kern.World.Lighting.LightingEngine.UpdateLightingCoordinator (Kern.Core.Interfaces.WorldLighting.TerrainLightingFrameSnapshot frame) (at Assets/Scripts/World/Lighting/Core/LightingEngine.cs:439)
Kern.World.Lighting.LightingEngine.ProcessTerrainFrame (Kern.Core.Interfaces.WorldLighting.TerrainLightingFrameSnapshot frame) (at Assets/Scripts/World/Lighting/Core/LightingEngine.cs:422)
Kern.World.Lighting.TerrainLightingFramePump.ProcessLatest (Kern.Core.Interfaces.WorldLighting.ITerrainLightingExchange exchange, System.Func`2[T,TResult] processFrame) (at Assets/Scripts/World/Lighting/Core/TerrainLightingFramePump.cs:32)
Kern.World.Lighting.LightingTerrainExchangeState.ProcessLatestFrame (Kern.Core.Interfaces.WorldLighting.ITerrainLightingExchange exchange, System.Func`2[T,TResult] processFrame) (at Assets/Scripts/World/Lighting/Core/LightingTerrainExchangeState.cs:45)
Kern.World.Lighting.LightingEngine.LateUpdate () (at Assets/Scripts/World/Lighting/Core/LightingEngine.cs:386)
UnityEngine.StackTraceUtility:ExtractStringFromExceptionInternal(Object, String&, String&) (at /Users/bokken/build/output/unity/unity/Runtime/Export/Scripting/StackTrace.cs:50)

InvalidOperationException: World-entity material 'Shared Sprite Material (WorldEntityAtlas)' (shader='Kern/World Entity', passes=1, passNames=['<Unnamed Pass 0>']) is missing the LightingMaterialField pass.
Kern.Game.WorldEntityLightingEmitter.RenderField (UnityEngine.Rendering.CommandBuffer commandBuffer) (at Assets/Scripts/Game/Rendering/WorldEntityLightingEmitter.cs:116)
Kern.Game.WorldEntityLightingEmitter.RenderMaterialEmissionFields (UnityEngine.Rendering.CommandBuffer commandBuffer, Kern.Core.Interfaces.WorldLighting.LightingMaterialEmissionContext& context) (at Assets/Scripts/Game/Rendering/WorldEntityLightingEmitter.cs:72)
Kern.Game.WorldEntityBatchRenderer.RenderMaterialEmissionFields (UnityEngine.Rendering.CommandBuffer commandBuffer, Kern.Core.Interfaces.WorldLighting.LightingMaterialEmissionContext& context) (at Assets/Scripts/Game/Rendering/WorldEntityBatchRenderer.cs:407)
Kern.Game.WorldEntityBatchRenderer.Kern.Core.Interfaces.WorldLighting.ILightingGeometryContributor.RenderMaterialEmissionFields (UnityEngine.Rendering.CommandBuffer commandBuffer, Kern.Core.Interfaces.WorldLighting.LightingMaterialEmissionContext& context) (at <4ba44365926549de8cb78b28aaf5ae7e>:0)
Kern.World.Lighting.LightingGeometryRegistry.RenderMaterialEmissionFields (UnityEngine.Rendering.CommandBuffer commandBuffer, UnityEngine.RenderTexture materialField, UnityEngine.RenderTexture emissionField, UnityEngine.Vector4 worldRect, System.Boolean clearFields) (at Assets/Scripts/World/Lighting/Geometry/LightingGeometryRegistry.cs:121)
Kern.World.Lighting.GeometryLightingSolver.RecordMaterialField (UnityEngine.Rendering.CommandBuffer commandBuffer, Kern.Core.Interfaces.WorldLighting.ILightingGeometryContributor terrainGeometry, Kern.World.Lighting.LightingGeometryRegistry geometryRegistry, UnityEngine.Vector4 worldRect) (at Assets/Scripts/World/Lighting/Solvers/GeometryLightingSolver.cs:33)
Kern.World.Lighting.LightingFrameExecutor.Record (UnityEngine.Rendering.CommandBuffer commandBuffer, Kern.World.Lighting.LightingFrameRequest request, Kern.Core.Interfaces.WorldLighting.ILightingGeometryContributor terrainGeometry, UnityEngine.RenderTexture emissionField, UnityEngine.RenderTexture staticDirectTexture) (at Assets/Scripts/World/Lighting/Core/LightingFrameExecutor.cs:134)
Kern.World.Lighting.LightingUpdateCoordinator.RecordLightingFrame (UnityEngine.Rendering.CommandBuffer commandBuffer, UnityEngine.Vector4 worldRect, System.Single cellSize, System.Int32 dynamicLightCount, System.Boolean rebuildFields, System.Boolean dynamicLightsChanged, System.Boolean staticRadianceChanged, System.Boolean reuseStaticAtlas, UnityEngine.Vector2Int regionDelta, System.Collections.Generic.IReadOnlyList`1[T] dirtyRegions, System.Boolean allowStaticDependencyMask, System.Boolean dynamicRadianceChanged, Kern.World.Lighting.Quality.LightingQualityMode qualityMode, Kern.World.Lighting.LightingEngine+DebugView debugView, Kern.Core.Interfaces.WorldLighting.ILightingGeometryContributor terrainGeometry) (at Assets/Scripts/World/Lighting/Core/LightingUpdateCoordinator.cs:392)
Kern.World.Lighting.LightingUpdateCoordinator.Update (System.Int32 visibleMinX, System.Int32 visibleMinY, System.Int32 visibleWidth, System.Int32 visibleHeight, UnityEngine.Camera camera, Kern.Core.Interfaces.WorldLighting.ILightingGeometryContributor terrainGeometry, Kern.Rendering.GraphicsQualitySettings qualitySettings, Kern.World.Lighting.Quality.LightingQualityMode qualityMode, Kern.World.Lighting.LightingEngine+DebugView debugView, System.Boolean bypassLightingCompute, System.Boolean ambientOcclusionOnly) (at Assets/Scripts/World/Lighting/Core/LightingUpdateCoordinator.cs:273)
Kern.World.Lighting.LightingEngine.UpdateLightingCoordinator (Kern.Core.Interfaces.WorldLighting.TerrainLightingFrameSnapshot frame) (at Assets/Scripts/World/Lighting/Core/LightingEngine.cs:439)
Kern.World.Lighting.LightingEngine.ProcessTerrainFrame (Kern.Core.Interfaces.WorldLighting.TerrainLightingFrameSnapshot frame) (at Assets/Scripts/World/Lighting/Core/LightingEngine.cs:422)
Kern.World.Lighting.TerrainLightingFramePump.ProcessLatest (Kern.Core.Interfaces.WorldLighting.ITerrainLightingExchange exchange, System.Func`2[T,TResult] processFrame) (at Assets/Scripts/World/Lighting/Core/TerrainLightingFramePump.cs:32)
Kern.World.Lighting.LightingTerrainExchangeState.ProcessLatestFrame (Kern.Core.Interfaces.WorldLighting.ITerrainLightingExchange exchange, System.Func`2[T,TResult] processFrame) (at Assets/Scripts/World/Lighting/Core/LightingTerrainExchangeState.cs:45)
Kern.World.Lighting.LightingEngine.LateUpdate () (at Assets/Scripts/World/Lighting/Core/LightingEngine.cs:386)
UnityEngine.StackTraceUtility:ExtractStringFromExceptionInternal(Object, String&, String&) (at /Users/bokken/build/output/unity/unity/Runtime/Export/Scripting/StackTrace.cs:50)

InvalidOperationException: World-entity material 'Shared Sprite Material (WorldEntityAtlas)' (shader='Kern/World Entity', passes=1, passNames=['<Unnamed Pass 0>']) is missing the LightingMaterialField pass.
Kern.Game.WorldEntityLightingEmitter.RenderField (UnityEngine.Rendering.CommandBuffer commandBuffer) (at Assets/Scripts/Game/Rendering/WorldEntityLightingEmitter.cs:116)
Kern.Game.WorldEntityLightingEmitter.RenderMaterialEmissionFields (UnityEngine.Rendering.CommandBuffer commandBuffer, Kern.Core.Interfaces.WorldLighting.LightingMaterialEmissionContext& context) (at Assets/Scripts/Game/Rendering/WorldEntityLightingEmitter.cs:72)
Kern.Game.WorldEntityBatchRenderer.RenderMaterialEmissionFields (UnityEngine.Rendering.CommandBuffer commandBuffer, Kern.Core.Interfaces.WorldLighting.LightingMaterialEmissionContext& context) (at Assets/Scripts/Game/Rendering/WorldEntityBatchRenderer.cs:407)
Kern.Game.WorldEntityBatchRenderer.Kern.Core.Interfaces.WorldLighting.ILightingGeometryContributor.RenderMaterialEmissionFields (UnityEngine.Rendering.CommandBuffer commandBuffer, Kern.Core.Interfaces.WorldLighting.LightingMaterialEmissionContext& context) (at <4ba44365926549de8cb78b28aaf5ae7e>:0)
Kern.World.Lighting.LightingGeometryRegistry.RenderMaterialEmissionFields (UnityEngine.Rendering.CommandBuffer commandBuffer, UnityEngine.RenderTexture materialField, UnityEngine.RenderTexture emissionField, UnityEngine.Vector4 worldRect, System.Boolean clearFields) (at Assets/Scripts/World/Lighting/Geometry/LightingGeometryRegistry.cs:121)
Kern.World.Lighting.GeometryLightingSolver.RecordMaterialField (UnityEngine.Rendering.CommandBuffer commandBuffer, Kern.Core.Interfaces.WorldLighting.ILightingGeometryContributor terrainGeometry, Kern.World.Lighting.LightingGeometryRegistry geometryRegistry, UnityEngine.Vector4 worldRect) (at Assets/Scripts/World/Lighting/Solvers/GeometryLightingSolver.cs:33)
Kern.World.Lighting.LightingFrameExecutor.Record (UnityEngine.Rendering.CommandBuffer commandBuffer, Kern.World.Lighting.LightingFrameRequest request, Kern.Core.Interfaces.WorldLighting.ILightingGeometryContributor terrainGeometry, UnityEngine.RenderTexture emissionField, UnityEngine.RenderTexture staticDirectTexture) (at Assets/Scripts/World/Lighting/Core/LightingFrameExecutor.cs:134)
Kern.World.Lighting.LightingUpdateCoordinator.RecordLightingFrame (UnityEngine.Rendering.CommandBuffer commandBuffer, UnityEngine.Vector4 worldRect, System.Single cellSize, System.Int32 dynamicLightCount, System.Boolean rebuildFields, System.Boolean dynamicLightsChanged, System.Boolean staticRadianceChanged, System.Boolean reuseStaticAtlas, UnityEngine.Vector2Int regionDelta, System.Collections.Generic.IReadOnlyList`1[T] dirtyRegions, System.Boolean allowStaticDependencyMask, System.Boolean dynamicRadianceChanged, Kern.World.Lighting.Quality.LightingQualityMode qualityMode, Kern.World.Lighting.LightingEngine+DebugView debugView, Kern.Core.Interfaces.WorldLighting.ILightingGeometryContributor terrainGeometry) (at Assets/Scripts/World/Lighting/Core/LightingUpdateCoordinator.cs:392)
Kern.World.Lighting.LightingUpdateCoordinator.Update (System.Int32 visibleMinX, System.Int32 visibleMinY, System.Int32 visibleWidth, System.Int32 visibleHeight, UnityEngine.Camera camera, Kern.Core.Interfaces.WorldLighting.ILightingGeometryContributor terrainGeometry, Kern.Rendering.GraphicsQualitySettings qualitySettings, Kern.World.Lighting.Quality.LightingQualityMode qualityMode, Kern.World.Lighting.LightingEngine+DebugView debugView, System.Boolean bypassLightingCompute, System.Boolean ambientOcclusionOnly) (at Assets/Scripts/World/Lighting/Core/LightingUpdateCoordinator.cs:273)
Kern.World.Lighting.LightingEngine.UpdateLightingCoordinator (Kern.Core.Interfaces.WorldLighting.TerrainLightingFrameSnapshot frame) (at Assets/Scripts/World/Lighting/Core/LightingEngine.cs:439)
Kern.World.Lighting.LightingEngine.ProcessTerrainFrame (Kern.Core.Interfaces.WorldLighting.TerrainLightingFrameSnapshot frame) (at Assets/Scripts/World/Lighting/Core/LightingEngine.cs:422)
Kern.World.Lighting.TerrainLightingFramePump.ProcessLatest (Kern.Core.Interfaces.WorldLighting.ITerrainLightingExchange exchange, System.Func`2[T,TResult] processFrame) (at Assets/Scripts/World/Lighting/Core/TerrainLightingFramePump.cs:32)
Kern.World.Lighting.LightingTerrainExchangeState.ProcessLatestFrame (Kern.Core.Interfaces.WorldLighting.ITerrainLightingExchange exchange, System.Func`2[T,TResult] processFrame) (at Assets/Scripts/World/Lighting/Core/LightingTerrainExchangeState.cs:45)
Kern.World.Lighting.LightingEngine.LateUpdate () (at Assets/Scripts/World/Lighting/Core/LightingEngine.cs:386)
UnityEngine.StackTraceUtility:ExtractStringFromExceptionInternal(Object, String&, String&) (at /Users/bokken/build/output/unity/unity/Runtime/Export/Scripting/StackTrace.cs:50)

InvalidOperationException: World-entity material 'Shared Sprite Material (WorldEntityAtlas)' (shader='Kern/World Entity', passes=1, passNames=['<Unnamed Pass 0>']) is missing the LightingMaterialField pass.
Kern.Game.WorldEntityLightingEmitter.RenderField (UnityEngine.Rendering.CommandBuffer commandBuffer) (at Assets/Scripts/Game/Rendering/WorldEntityLightingEmitter.cs:116)
Kern.Game.WorldEntityLightingEmitter.RenderMaterialEmissionFields (UnityEngine.Rendering.CommandBuffer commandBuffer, Kern.Core.Interfaces.WorldLighting.LightingMaterialEmissionContext& context) (at Assets/Scripts/Game/Rendering/WorldEntityLightingEmitter.cs:72)
Kern.Game.WorldEntityBatchRenderer.RenderMaterialEmissionFields (UnityEngine.Rendering.CommandBuffer commandBuffer, Kern.Core.Interfaces.WorldLighting.LightingMaterialEmissionContext& context) (at Assets/Scripts/Game/Rendering/WorldEntityBatchRenderer.cs:407)
Kern.Game.WorldEntityBatchRenderer.Kern.Core.Interfaces.WorldLighting.ILightingGeometryContributor.RenderMaterialEmissionFields (UnityEngine.Rendering.CommandBuffer commandBuffer, Kern.Core.Interfaces.WorldLighting.LightingMaterialEmissionContext& context) (at <4ba44365926549de8cb78b28aaf5ae7e>:0)
Kern.World.Lighting.LightingGeometryRegistry.RenderMaterialEmissionFields (UnityEngine.Rendering.CommandBuffer commandBuffer, UnityEngine.RenderTexture materialField, UnityEngine.RenderTexture emissionField, UnityEngine.Vector4 worldRect, System.Boolean clearFields) (at Assets/Scripts/World/Lighting/Geometry/LightingGeometryRegistry.cs:121)
Kern.World.Lighting.GeometryLightingSolver.RecordMaterialField (UnityEngine.Rendering.CommandBuffer commandBuffer, Kern.Core.Interfaces.WorldLighting.ILightingGeometryContributor terrainGeometry, Kern.World.Lighting.LightingGeometryRegistry geometryRegistry, UnityEngine.Vector4 worldRect) (at Assets/Scripts/World/Lighting/Solvers/GeometryLightingSolver.cs:33)
Kern.World.Lighting.LightingFrameExecutor.Record (UnityEngine.Rendering.CommandBuffer commandBuffer, Kern.World.Lighting.LightingFrameRequest request, Kern.Core.Interfaces.WorldLighting.ILightingGeometryContributor terrainGeometry, UnityEngine.RenderTexture emissionField, UnityEngine.RenderTexture staticDirectTexture) (at Assets/Scripts/World/Lighting/Core/LightingFrameExecutor.cs:134)
Kern.World.Lighting.LightingUpdateCoordinator.RecordLightingFrame (UnityEngine.Rendering.CommandBuffer commandBuffer, UnityEngine.Vector4 worldRect, System.Single cellSize, System.Int32 dynamicLightCount, System.Boolean rebuildFields, System.Boolean dynamicLightsChanged, System.Boolean staticRadianceChanged, System.Boolean reuseStaticAtlas, UnityEngine.Vector2Int regionDelta, System.Collections.Generic.IReadOnlyList`1[T] dirtyRegions, System.Boolean allowStaticDependencyMask, System.Boolean dynamicRadianceChanged, Kern.World.Lighting.Quality.LightingQualityMode qualityMode, Kern.World.Lighting.LightingEngine+DebugView debugView, Kern.Core.Interfaces.WorldLighting.ILightingGeometryContributor terrainGeometry) (at Assets/Scripts/World/Lighting/Core/LightingUpdateCoordinator.cs:392)
Kern.World.Lighting.LightingUpdateCoordinator.Update (System.Int32 visibleMinX, System.Int32 visibleMinY, System.Int32 visibleWidth, System.Int32 visibleHeight, UnityEngine.Camera camera, Kern.Core.Interfaces.WorldLighting.ILightingGeometryContributor terrainGeometry, Kern.Rendering.GraphicsQualitySettings qualitySettings, Kern.World.Lighting.Quality.LightingQualityMode qualityMode, Kern.World.Lighting.LightingEngine+DebugView debugView, System.Boolean bypassLightingCompute, System.Boolean ambientOcclusionOnly) (at Assets/Scripts/World/Lighting/Core/LightingUpdateCoordinator.cs:273)
Kern.World.Lighting.LightingEngine.UpdateLightingCoordinator (Kern.Core.Interfaces.WorldLighting.TerrainLightingFrameSnapshot frame) (at Assets/Scripts/World/Lighting/Core/LightingEngine.cs:439)
Kern.World.Lighting.LightingEngine.ProcessTerrainFrame (Kern.Core.Interfaces.WorldLighting.TerrainLightingFrameSnapshot frame) (at Assets/Scripts/World/Lighting/Core/LightingEngine.cs:422)
Kern.World.Lighting.TerrainLightingFramePump.ProcessLatest (Kern.Core.Interfaces.WorldLighting.ITerrainLightingExchange exchange, System.Func`2[T,TResult] processFrame) (at Assets/Scripts/World/Lighting/Core/TerrainLightingFramePump.cs:32)
Kern.World.Lighting.LightingTerrainExchangeState.ProcessLatestFrame (Kern.Core.Interfaces.WorldLighting.ITerrainLightingExchange exchange, System.Func`2[T,TResult] processFrame) (at Assets/Scripts/World/Lighting/Core/LightingTerrainExchangeState.cs:45)
Kern.World.Lighting.LightingEngine.LateUpdate () (at Assets/Scripts/World/Lighting/Core/LightingEngine.cs:386)
UnityEngine.StackTraceUtility:ExtractStringFromExceptionInternal(Object, String&, String&) (at /Users/bokken/build/output/unity/unity/Runtime/Export/Scripting/StackTrace.cs:50)

InvalidOperationException: World-entity material 'Shared Sprite Material (WorldEntityAtlas)' (shader='Kern/World Entity', passes=1, passNames=['<Unnamed Pass 0>']) is missing the LightingMaterialField pass.
Kern.Game.WorldEntityLightingEmitter.RenderField (UnityEngine.Rendering.CommandBuffer commandBuffer) (at Assets/Scripts/Game/Rendering/WorldEntityLightingEmitter.cs:116)
Kern.Game.WorldEntityLightingEmitter.RenderMaterialEmissionFields (UnityEngine.Rendering.CommandBuffer commandBuffer, Kern.Core.Interfaces.WorldLighting.LightingMaterialEmissionContext& context) (at Assets/Scripts/Game/Rendering/WorldEntityLightingEmitter.cs:72)
Kern.Game.WorldEntityBatchRenderer.RenderMaterialEmissionFields (UnityEngine.Rendering.CommandBuffer commandBuffer, Kern.Core.Interfaces.WorldLighting.LightingMaterialEmissionContext& context) (at Assets/Scripts/Game/Rendering/WorldEntityBatchRenderer.cs:407)
Kern.Game.WorldEntityBatchRenderer.Kern.Core.Interfaces.WorldLighting.ILightingGeometryContributor.RenderMaterialEmissionFields (UnityEngine.Rendering.CommandBuffer commandBuffer, Kern.Core.Interfaces.WorldLighting.LightingMaterialEmissionContext& context) (at <4ba44365926549de8cb78b28aaf5ae7e>:0)
Kern.World.Lighting.LightingGeometryRegistry.RenderMaterialEmissionFields (UnityEngine.Rendering.CommandBuffer commandBuffer, UnityEngine.RenderTexture materialField, UnityEngine.RenderTexture emissionField, UnityEngine.Vector4 worldRect, System.Boolean clearFields) (at Assets/Scripts/World/Lighting/Geometry/LightingGeometryRegistry.cs:121)
Kern.World.Lighting.GeometryLightingSolver.RecordMaterialField (UnityEngine.Rendering.CommandBuffer commandBuffer, Kern.Core.Interfaces.WorldLighting.ILightingGeometryContributor terrainGeometry, Kern.World.Lighting.LightingGeometryRegistry geometryRegistry, UnityEngine.Vector4 worldRect) (at Assets/Scripts/World/Lighting/Solvers/GeometryLightingSolver.cs:33)
Kern.World.Lighting.LightingFrameExecutor.Record (UnityEngine.Rendering.CommandBuffer commandBuffer, Kern.World.Lighting.LightingFrameRequest request, Kern.Core.Interfaces.WorldLighting.ILightingGeometryContributor terrainGeometry, UnityEngine.RenderTexture emissionField, UnityEngine.RenderTexture staticDirectTexture) (at Assets/Scripts/World/Lighting/Core/LightingFrameExecutor.cs:134)
Kern.World.Lighting.LightingUpdateCoordinator.RecordLightingFrame (UnityEngine.Rendering.CommandBuffer commandBuffer, UnityEngine.Vector4 worldRect, System.Single cellSize, System.Int32 dynamicLightCount, System.Boolean rebuildFields, System.Boolean dynamicLightsChanged, System.Boolean staticRadianceChanged, System.Boolean reuseStaticAtlas, UnityEngine.Vector2Int regionDelta, System.Collections.Generic.IReadOnlyList`1[T] dirtyRegions, System.Boolean allowStaticDependencyMask, System.Boolean dynamicRadianceChanged, Kern.World.Lighting.Quality.LightingQualityMode qualityMode, Kern.World.Lighting.LightingEngine+DebugView debugView, Kern.Core.Interfaces.WorldLighting.ILightingGeometryContributor terrainGeometry) (at Assets/Scripts/World/Lighting/Core/LightingUpdateCoordinator.cs:392)
Kern.World.Lighting.LightingUpdateCoordinator.Update (System.Int32 visibleMinX, System.Int32 visibleMinY, System.Int32 visibleWidth, System.Int32 visibleHeight, UnityEngine.Camera camera, Kern.Core.Interfaces.WorldLighting.ILightingGeometryContributor terrainGeometry, Kern.Rendering.GraphicsQualitySettings qualitySettings, Kern.World.Lighting.Quality.LightingQualityMode qualityMode, Kern.World.Lighting.LightingEngine+DebugView debugView, System.Boolean bypassLightingCompute, System.Boolean ambientOcclusionOnly) (at Assets/Scripts/World/Lighting/Core/LightingUpdateCoordinator.cs:273)
Kern.World.Lighting.LightingEngine.UpdateLightingCoordinator (Kern.Core.Interfaces.WorldLighting.TerrainLightingFrameSnapshot frame) (at Assets/Scripts/World/Lighting/Core/LightingEngine.cs:439)
Kern.World.Lighting.LightingEngine.ProcessTerrainFrame (Kern.Core.Interfaces.WorldLighting.TerrainLightingFrameSnapshot frame) (at Assets/Scripts/World/Lighting/Core/LightingEngine.cs:422)
Kern.World.Lighting.TerrainLightingFramePump.ProcessLatest (Kern.Core.Interfaces.WorldLighting.ITerrainLightingExchange exchange, System.Func`2[T,TResult] processFrame) (at Assets/Scripts/World/Lighting/Core/TerrainLightingFramePump.cs:32)
Kern.World.Lighting.LightingTerrainExchangeState.ProcessLatestFrame (Kern.Core.Interfaces.WorldLighting.ITerrainLightingExchange exchange, System.Func`2[T,TResult] processFrame) (at Assets/Scripts/World/Lighting/Core/LightingTerrainExchangeState.cs:45)
Kern.World.Lighting.LightingEngine.LateUpdate () (at Assets/Scripts/World/Lighting/Core/LightingEngine.cs:386)
UnityEngine.StackTraceUtility:ExtractStringFromExceptionInternal(Object, String&, String&) (at /Users/bokken/build/output/unity/unity/Runtime/Export/Scripting/StackTrace.cs:50)

InvalidOperationException: World-entity material 'Shared Sprite Material (WorldEntityAtlas)' (shader='Kern/World Entity', passes=1, passNames=['<Unnamed Pass 0>']) is missing the LightingMaterialField pass.
Kern.Game.WorldEntityLightingEmitter.RenderField (UnityEngine.Rendering.CommandBuffer commandBuffer) (at Assets/Scripts/Game/Rendering/WorldEntityLightingEmitter.cs:116)
Kern.Game.WorldEntityLightingEmitter.RenderMaterialEmissionFields (UnityEngine.Rendering.CommandBuffer commandBuffer, Kern.Core.Interfaces.WorldLighting.LightingMaterialEmissionContext& context) (at Assets/Scripts/Game/Rendering/WorldEntityLightingEmitter.cs:72)
Kern.Game.WorldEntityBatchRenderer.RenderMaterialEmissionFields (UnityEngine.Rendering.CommandBuffer commandBuffer, Kern.Core.Interfaces.WorldLighting.LightingMaterialEmissionContext& context) (at Assets/Scripts/Game/Rendering/WorldEntityBatchRenderer.cs:407)
Kern.Game.WorldEntityBatchRenderer.Kern.Core.Interfaces.WorldLighting.ILightingGeometryContributor.RenderMaterialEmissionFields (UnityEngine.Rendering.CommandBuffer commandBuffer, Kern.Core.Interfaces.WorldLighting.LightingMaterialEmissionContext& context) (at <4ba44365926549de8cb78b28aaf5ae7e>:0)
Kern.World.Lighting.LightingGeometryRegistry.RenderMaterialEmissionFields (UnityEngine.Rendering.CommandBuffer commandBuffer, UnityEngine.RenderTexture materialField, UnityEngine.RenderTexture emissionField, UnityEngine.Vector4 worldRect, System.Boolean clearFields) (at Assets/Scripts/World/Lighting/Geometry/LightingGeometryRegistry.cs:121)
Kern.World.Lighting.GeometryLightingSolver.RecordMaterialField (UnityEngine.Rendering.CommandBuffer commandBuffer, Kern.Core.Interfaces.WorldLighting.ILightingGeometryContributor terrainGeometry, Kern.World.Lighting.LightingGeometryRegistry geometryRegistry, UnityEngine.Vector4 worldRect) (at Assets/Scripts/World/Lighting/Solvers/GeometryLightingSolver.cs:33)
Kern.World.Lighting.LightingFrameExecutor.Record (UnityEngine.Rendering.CommandBuffer commandBuffer, Kern.World.Lighting.LightingFrameRequest request, Kern.Core.Interfaces.WorldLighting.ILightingGeometryContributor terrainGeometry, UnityEngine.RenderTexture emissionField, UnityEngine.RenderTexture staticDirectTexture) (at Assets/Scripts/World/Lighting/Core/LightingFrameExecutor.cs:134)
Kern.World.Lighting.LightingUpdateCoordinator.RecordLightingFrame (UnityEngine.Rendering.CommandBuffer commandBuffer, UnityEngine.Vector4 worldRect, System.Single cellSize, System.Int32 dynamicLightCount, System.Boolean rebuildFields, System.Boolean dynamicLightsChanged, System.Boolean staticRadianceChanged, System.Boolean reuseStaticAtlas, UnityEngine.Vector2Int regionDelta, System.Collections.Generic.IReadOnlyList`1[T] dirtyRegions, System.Boolean allowStaticDependencyMask, System.Boolean dynamicRadianceChanged, Kern.World.Lighting.Quality.LightingQualityMode qualityMode, Kern.World.Lighting.LightingEngine+DebugView debugView, Kern.Core.Interfaces.WorldLighting.ILightingGeometryContributor terrainGeometry) (at Assets/Scripts/World/Lighting/Core/LightingUpdateCoordinator.cs:392)
Kern.World.Lighting.LightingUpdateCoordinator.Update (System.Int32 visibleMinX, System.Int32 visibleMinY, System.Int32 visibleWidth, System.Int32 visibleHeight, UnityEngine.Camera camera, Kern.Core.Interfaces.WorldLighting.ILightingGeometryContributor terrainGeometry, Kern.Rendering.GraphicsQualitySettings qualitySettings, Kern.World.Lighting.Quality.LightingQualityMode qualityMode, Kern.World.Lighting.LightingEngine+DebugView debugView, System.Boolean bypassLightingCompute, System.Boolean ambientOcclusionOnly) (at Assets/Scripts/World/Lighting/Core/LightingUpdateCoordinator.cs:273)
Kern.World.Lighting.LightingEngine.UpdateLightingCoordinator (Kern.Core.Interfaces.WorldLighting.TerrainLightingFrameSnapshot frame) (at Assets/Scripts/World/Lighting/Core/LightingEngine.cs:439)
Kern.World.Lighting.LightingEngine.ProcessTerrainFrame (Kern.Core.Interfaces.WorldLighting.TerrainLightingFrameSnapshot frame) (at Assets/Scripts/World/Lighting/Core/LightingEngine.cs:422)
Kern.World.Lighting.TerrainLightingFramePump.ProcessLatest (Kern.Core.Interfaces.WorldLighting.ITerrainLightingExchange exchange, System.Func`2[T,TResult] processFrame) (at Assets/Scripts/World/Lighting/Core/TerrainLightingFramePump.cs:32)
Kern.World.Lighting.LightingTerrainExchangeState.ProcessLatestFrame (Kern.Core.Interfaces.WorldLighting.ITerrainLightingExchange exchange, System.Func`2[T,TResult] processFrame) (at Assets/Scripts/World/Lighting/Core/LightingTerrainExchangeState.cs:45)
Kern.World.Lighting.LightingEngine.LateUpdate () (at Assets/Scripts/World/Lighting/Core/LightingEngine.cs:386)
UnityEngine.StackTraceUtility:ExtractStringFromExceptionInternal(Object, String&, String&) (at /Users/bokken/build/output/unity/unity/Runtime/Export/Scripting/StackTrace.cs:50)

InvalidOperationException: World-entity material 'Shared Sprite Material (WorldEntityAtlas)' (shader='Kern/World Entity', passes=1, passNames=['<Unnamed Pass 0>']) is missing the LightingMaterialField pass.
Kern.Game.WorldEntityLightingEmitter.RenderField (UnityEngine.Rendering.CommandBuffer commandBuffer) (at Assets/Scripts/Game/Rendering/WorldEntityLightingEmitter.cs:116)
Kern.Game.WorldEntityLightingEmitter.RenderMaterialEmissionFields (UnityEngine.Rendering.CommandBuffer commandBuffer, Kern.Core.Interfaces.WorldLighting.LightingMaterialEmissionContext& context) (at Assets/Scripts/Game/Rendering/WorldEntityLightingEmitter.cs:72)
Kern.Game.WorldEntityBatchRenderer.RenderMaterialEmissionFields (UnityEngine.Rendering.CommandBuffer commandBuffer, Kern.Core.Interfaces.WorldLighting.LightingMaterialEmissionContext& context) (at Assets/Scripts/Game/Rendering/WorldEntityBatchRenderer.cs:407)
Kern.Game.WorldEntityBatchRenderer.Kern.Core.Interfaces.WorldLighting.ILightingGeometryContributor.RenderMaterialEmissionFields (UnityEngine.Rendering.CommandBuffer commandBuffer, Kern.Core.Interfaces.WorldLighting.LightingMaterialEmissionContext& context) (at <4ba44365926549de8cb78b28aaf5ae7e>:0)
Kern.World.Lighting.LightingGeometryRegistry.RenderMaterialEmissionFields (UnityEngine.Rendering.CommandBuffer commandBuffer, UnityEngine.RenderTexture materialField, UnityEngine.RenderTexture emissionField, UnityEngine.Vector4 worldRect, System.Boolean clearFields) (at Assets/Scripts/World/Lighting/Geometry/LightingGeometryRegistry.cs:121)
Kern.World.Lighting.GeometryLightingSolver.RecordMaterialField (UnityEngine.Rendering.CommandBuffer commandBuffer, Kern.Core.Interfaces.WorldLighting.ILightingGeometryContributor terrainGeometry, Kern.World.Lighting.LightingGeometryRegistry geometryRegistry, UnityEngine.Vector4 worldRect) (at Assets/Scripts/World/Lighting/Solvers/GeometryLightingSolver.cs:33)
Kern.World.Lighting.LightingFrameExecutor.Record (UnityEngine.Rendering.CommandBuffer commandBuffer, Kern.World.Lighting.LightingFrameRequest request, Kern.Core.Interfaces.WorldLighting.ILightingGeometryContributor terrainGeometry, UnityEngine.RenderTexture emissionField, UnityEngine.RenderTexture staticDirectTexture) (at Assets/Scripts/World/Lighting/Core/LightingFrameExecutor.cs:134)
Kern.World.Lighting.LightingUpdateCoordinator.RecordLightingFrame (UnityEngine.Rendering.CommandBuffer commandBuffer, UnityEngine.Vector4 worldRect, System.Single cellSize, System.Int32 dynamicLightCount, System.Boolean rebuildFields, System.Boolean dynamicLightsChanged, System.Boolean staticRadianceChanged, System.Boolean reuseStaticAtlas, UnityEngine.Vector2Int regionDelta, System.Collections.Generic.IReadOnlyList`1[T] dirtyRegions, System.Boolean allowStaticDependencyMask, System.Boolean dynamicRadianceChanged, Kern.World.Lighting.Quality.LightingQualityMode qualityMode, Kern.World.Lighting.LightingEngine+DebugView debugView, Kern.Core.Interfaces.WorldLighting.ILightingGeometryContributor terrainGeometry) (at Assets/Scripts/World/Lighting/Core/LightingUpdateCoordinator.cs:392)
Kern.World.Lighting.LightingUpdateCoordinator.Update (System.Int32 visibleMinX, System.Int32 visibleMinY, System.Int32 visibleWidth, System.Int32 visibleHeight, UnityEngine.Camera camera, Kern.Core.Interfaces.WorldLighting.ILightingGeometryContributor terrainGeometry, Kern.Rendering.GraphicsQualitySettings qualitySettings, Kern.World.Lighting.Quality.LightingQualityMode qualityMode, Kern.World.Lighting.LightingEngine+DebugView debugView, System.Boolean bypassLightingCompute, System.Boolean ambientOcclusionOnly) (at Assets/Scripts/World/Lighting/Core/LightingUpdateCoordinator.cs:273)
Kern.World.Lighting.LightingEngine.UpdateLightingCoordinator (Kern.Core.Interfaces.WorldLighting.TerrainLightingFrameSnapshot frame) (at Assets/Scripts/World/Lighting/Core/LightingEngine.cs:439)
Kern.World.Lighting.LightingEngine.ProcessTerrainFrame (Kern.Core.Interfaces.WorldLighting.TerrainLightingFrameSnapshot frame) (at Assets/Scripts/World/Lighting/Core/LightingEngine.cs:422)
Kern.World.Lighting.TerrainLightingFramePump.ProcessLatest (Kern.Core.Interfaces.WorldLighting.ITerrainLightingExchange exchange, System.Func`2[T,TResult] processFrame) (at Assets/Scripts/World/Lighting/Core/TerrainLightingFramePump.cs:32)
Kern.World.Lighting.LightingTerrainExchangeState.ProcessLatestFrame (Kern.Core.Interfaces.WorldLighting.ITerrainLightingExchange exchange, System.Func`2[T,TResult] processFrame) (at Assets/Scripts/World/Lighting/Core/LightingTerrainExchangeState.cs:45)
Kern.World.Lighting.LightingEngine.LateUpdate () (at Assets/Scripts/World/Lighting/Core/LightingEngine.cs:386)
UnityEngine.StackTraceUtility:ExtractStringFromExceptionInternal(Object, String&, String&) (at /Users/bokken/build/output/unity/unity/Runtime/Export/Scripting/StackTrace.cs:50)

InvalidOperationException: World-entity material 'Shared Sprite Material (WorldEntityAtlas)' (shader='Kern/World Entity', passes=1, passNames=['<Unnamed Pass 0>']) is missing the LightingMaterialField pass.
Kern.Game.WorldEntityLightingEmitter.RenderField (UnityEngine.Rendering.CommandBuffer commandBuffer) (at Assets/Scripts/Game/Rendering/WorldEntityLightingEmitter.cs:116)
Kern.Game.WorldEntityLightingEmitter.RenderMaterialEmissionFields (UnityEngine.Rendering.CommandBuffer commandBuffer, Kern.Core.Interfaces.WorldLighting.LightingMaterialEmissionContext& context) (at Assets/Scripts/Game/Rendering/WorldEntityLightingEmitter.cs:72)
Kern.Game.WorldEntityBatchRenderer.RenderMaterialEmissionFields (UnityEngine.Rendering.CommandBuffer commandBuffer, Kern.Core.Interfaces.WorldLighting.LightingMaterialEmissionContext& context) (at Assets/Scripts/Game/Rendering/WorldEntityBatchRenderer.cs:407)
Kern.Game.WorldEntityBatchRenderer.Kern.Core.Interfaces.WorldLighting.ILightingGeometryContributor.RenderMaterialEmissionFields (UnityEngine.Rendering.CommandBuffer commandBuffer, Kern.Core.Interfaces.WorldLighting.LightingMaterialEmissionContext& context) (at <4ba44365926549de8cb78b28aaf5ae7e>:0)
Kern.World.Lighting.LightingGeometryRegistry.RenderMaterialEmissionFields (UnityEngine.Rendering.CommandBuffer commandBuffer, UnityEngine.RenderTexture materialField, UnityEngine.RenderTexture emissionField, UnityEngine.Vector4 worldRect, System.Boolean clearFields) (at Assets/Scripts/World/Lighting/Geometry/LightingGeometryRegistry.cs:121)
Kern.World.Lighting.GeometryLightingSolver.RecordMaterialField (UnityEngine.Rendering.CommandBuffer commandBuffer, Kern.Core.Interfaces.WorldLighting.ILightingGeometryContributor terrainGeometry, Kern.World.Lighting.LightingGeometryRegistry geometryRegistry, UnityEngine.Vector4 worldRect) (at Assets/Scripts/World/Lighting/Solvers/GeometryLightingSolver.cs:33)
Kern.World.Lighting.LightingFrameExecutor.Record (UnityEngine.Rendering.CommandBuffer commandBuffer, Kern.World.Lighting.LightingFrameRequest request, Kern.Core.Interfaces.WorldLighting.ILightingGeometryContributor terrainGeometry, UnityEngine.RenderTexture emissionField, UnityEngine.RenderTexture staticDirectTexture) (at Assets/Scripts/World/Lighting/Core/LightingFrameExecutor.cs:134)
Kern.World.Lighting.LightingUpdateCoordinator.RecordLightingFrame (UnityEngine.Rendering.CommandBuffer commandBuffer, UnityEngine.Vector4 worldRect, System.Single cellSize, System.Int32 dynamicLightCount, System.Boolean rebuildFields, System.Boolean dynamicLightsChanged, System.Boolean staticRadianceChanged, System.Boolean reuseStaticAtlas, UnityEngine.Vector2Int regionDelta, System.Collections.Generic.IReadOnlyList`1[T] dirtyRegions, System.Boolean allowStaticDependencyMask, System.Boolean dynamicRadianceChanged, Kern.World.Lighting.Quality.LightingQualityMode qualityMode, Kern.World.Lighting.LightingEngine+DebugView debugView, Kern.Core.Interfaces.WorldLighting.ILightingGeometryContributor terrainGeometry) (at Assets/Scripts/World/Lighting/Core/LightingUpdateCoordinator.cs:392)
Kern.World.Lighting.LightingUpdateCoordinator.Update (System.Int32 visibleMinX, System.Int32 visibleMinY, System.Int32 visibleWidth, System.Int32 visibleHeight, UnityEngine.Camera camera, Kern.Core.Interfaces.WorldLighting.ILightingGeometryContributor terrainGeometry, Kern.Rendering.GraphicsQualitySettings qualitySettings, Kern.World.Lighting.Quality.LightingQualityMode qualityMode, Kern.World.Lighting.LightingEngine+DebugView debugView, System.Boolean bypassLightingCompute, System.Boolean ambientOcclusionOnly) (at Assets/Scripts/World/Lighting/Core/LightingUpdateCoordinator.cs:273)
Kern.World.Lighting.LightingEngine.UpdateLightingCoordinator (Kern.Core.Interfaces.WorldLighting.TerrainLightingFrameSnapshot frame) (at Assets/Scripts/World/Lighting/Core/LightingEngine.cs:439)
Kern.World.Lighting.LightingEngine.ProcessTerrainFrame (Kern.Core.Interfaces.WorldLighting.TerrainLightingFrameSnapshot frame) (at Assets/Scripts/World/Lighting/Core/LightingEngine.cs:422)
Kern.World.Lighting.TerrainLightingFramePump.ProcessLatest (Kern.Core.Interfaces.WorldLighting.ITerrainLightingExchange exchange, System.Func`2[T,TResult] processFrame) (at Assets/Scripts/World/Lighting/Core/TerrainLightingFramePump.cs:32)
Kern.World.Lighting.LightingTerrainExchangeState.ProcessLatestFrame (Kern.Core.Interfaces.WorldLighting.ITerrainLightingExchange exchange, System.Func`2[T,TResult] processFrame) (at Assets/Scripts/World/Lighting/Core/LightingTerrainExchangeState.cs:45)
Kern.World.Lighting.LightingEngine.LateUpdate () (at Assets/Scripts/World/Lighting/Core/LightingEngine.cs:386)
UnityEngine.StackTraceUtility:ExtractStringFromExceptionInternal(Object, String&, String&) (at /Users/bokken/build/output/unity/unity/Runtime/Export/Scripting/StackTrace.cs:50)

InvalidOperationException: World-entity material 'Shared Sprite Material (WorldEntityAtlas)' (shader='Kern/World Entity', passes=1, passNames=['<Unnamed Pass 0>']) is missing the LightingMaterialField pass.
Kern.Game.WorldEntityLightingEmitter.RenderField (UnityEngine.Rendering.CommandBuffer commandBuffer) (at Assets/Scripts/Game/Rendering/WorldEntityLightingEmitter.cs:116)
Kern.Game.WorldEntityLightingEmitter.RenderMaterialEmissionFields (UnityEngine.Rendering.CommandBuffer commandBuffer, Kern.Core.Interfaces.WorldLighting.LightingMaterialEmissionContext& context) (at Assets/Scripts/Game/Rendering/WorldEntityLightingEmitter.cs:72)
Kern.Game.WorldEntityBatchRenderer.RenderMaterialEmissionFields (UnityEngine.Rendering.CommandBuffer commandBuffer, Kern.Core.Interfaces.WorldLighting.LightingMaterialEmissionContext& context) (at Assets/Scripts/Game/Rendering/WorldEntityBatchRenderer.cs:407)
Kern.Game.WorldEntityBatchRenderer.Kern.Core.Interfaces.WorldLighting.ILightingGeometryContributor.RenderMaterialEmissionFields (UnityEngine.Rendering.CommandBuffer commandBuffer, Kern.Core.Interfaces.WorldLighting.LightingMaterialEmissionContext& context) (at <4ba44365926549de8cb78b28aaf5ae7e>:0)
Kern.World.Lighting.LightingGeometryRegistry.RenderMaterialEmissionFields (UnityEngine.Rendering.CommandBuffer commandBuffer, UnityEngine.RenderTexture materialField, UnityEngine.RenderTexture emissionField, UnityEngine.Vector4 worldRect, System.Boolean clearFields) (at Assets/Scripts/World/Lighting/Geometry/LightingGeometryRegistry.cs:121)
Kern.World.Lighting.GeometryLightingSolver.RecordMaterialField (UnityEngine.Rendering.CommandBuffer commandBuffer, Kern.Core.Interfaces.WorldLighting.ILightingGeometryContributor terrainGeometry, Kern.World.Lighting.LightingGeometryRegistry geometryRegistry, UnityEngine.Vector4 worldRect) (at Assets/Scripts/World/Lighting/Solvers/GeometryLightingSolver.cs:33)
Kern.World.Lighting.LightingFrameExecutor.Record (UnityEngine.Rendering.CommandBuffer commandBuffer, Kern.World.Lighting.LightingFrameRequest request, Kern.Core.Interfaces.WorldLighting.ILightingGeometryContributor terrainGeometry, UnityEngine.RenderTexture emissionField, UnityEngine.RenderTexture staticDirectTexture) (at Assets/Scripts/World/Lighting/Core/LightingFrameExecutor.cs:134)
Kern.World.Lighting.LightingUpdateCoordinator.RecordLightingFrame (UnityEngine.Rendering.CommandBuffer commandBuffer, UnityEngine.Vector4 worldRect, System.Single cellSize, System.Int32 dynamicLightCount, System.Boolean rebuildFields, System.Boolean dynamicLightsChanged, System.Boolean staticRadianceChanged, System.Boolean reuseStaticAtlas, UnityEngine.Vector2Int regionDelta, System.Collections.Generic.IReadOnlyList`1[T] dirtyRegions, System.Boolean allowStaticDependencyMask, System.Boolean dynamicRadianceChanged, Kern.World.Lighting.Quality.LightingQualityMode qualityMode, Kern.World.Lighting.LightingEngine+DebugView debugView, Kern.Core.Interfaces.WorldLighting.ILightingGeometryContributor terrainGeometry) (at Assets/Scripts/World/Lighting/Core/LightingUpdateCoordinator.cs:392)
Kern.World.Lighting.LightingUpdateCoordinator.Update (System.Int32 visibleMinX, System.Int32 visibleMinY, System.Int32 visibleWidth, System.Int32 visibleHeight, UnityEngine.Camera camera, Kern.Core.Interfaces.WorldLighting.ILightingGeometryContributor terrainGeometry, Kern.Rendering.GraphicsQualitySettings qualitySettings, Kern.World.Lighting.Quality.LightingQualityMode qualityMode, Kern.World.Lighting.LightingEngine+DebugView debugView, System.Boolean bypassLightingCompute, System.Boolean ambientOcclusionOnly) (at Assets/Scripts/World/Lighting/Core/LightingUpdateCoordinator.cs:273)
Kern.World.Lighting.LightingEngine.UpdateLightingCoordinator (Kern.Core.Interfaces.WorldLighting.TerrainLightingFrameSnapshot frame) (at Assets/Scripts/World/Lighting/Core/LightingEngine.cs:439)
Kern.World.Lighting.LightingEngine.ProcessTerrainFrame (Kern.Core.Interfaces.WorldLighting.TerrainLightingFrameSnapshot frame) (at Assets/Scripts/World/Lighting/Core/LightingEngine.cs:422)
Kern.World.Lighting.TerrainLightingFramePump.ProcessLatest (Kern.Core.Interfaces.WorldLighting.ITerrainLightingExchange exchange, System.Func`2[T,TResult] processFrame) (at Assets/Scripts/World/Lighting/Core/TerrainLightingFramePump.cs:32)
Kern.World.Lighting.LightingTerrainExchangeState.ProcessLatestFrame (Kern.Core.Interfaces.WorldLighting.ITerrainLightingExchange exchange, System.Func`2[T,TResult] processFrame) (at Assets/Scripts/World/Lighting/Core/LightingTerrainExchangeState.cs:45)
Kern.World.Lighting.LightingEngine.LateUpdate () (at Assets/Scripts/World/Lighting/Core/LightingEngine.cs:386)
UnityEngine.StackTraceUtility:ExtractStringFromExceptionInternal(Object, String&, String&) (at /Users/bokken/build/output/unity/unity/Runtime/Export/Scripting/StackTrace.cs:50)

[Probe] WorldLoaded 17.081
[GameManager] Game state changed to: InGame
[GameManager] World load completed: server position, terrain, shaders and textures are ready. robots=7, pendingAssets=0, queuedAssets=0, pendingCellTextures=0
InvalidOperationException: World-entity material 'Shared Sprite Material (WorldEntityAtlas)' (shader='Kern/World Entity', passes=1, passNames=['<Unnamed Pass 0>']) is missing the LightingMaterialField pass.
Kern.Game.WorldEntityLightingEmitter.RenderField (UnityEngine.Rendering.CommandBuffer commandBuffer) (at Assets/Scripts/Game/Rendering/WorldEntityLightingEmitter.cs:116)
Kern.Game.WorldEntityLightingEmitter.RenderMaterialEmissionFields (UnityEngine.Rendering.CommandBuffer commandBuffer, Kern.Core.Interfaces.WorldLighting.LightingMaterialEmissionContext& context) (at Assets/Scripts/Game/Rendering/WorldEntityLightingEmitter.cs:72)
Kern.Game.WorldEntityBatchRenderer.RenderMaterialEmissionFields (UnityEngine.Rendering.CommandBuffer commandBuffer, Kern.Core.Interfaces.WorldLighting.LightingMaterialEmissionContext& context) (at Assets/Scripts/Game/Rendering/WorldEntityBatchRenderer.cs:407)
Kern.Game.WorldEntityBatchRenderer.Kern.Core.Interfaces.WorldLighting.ILightingGeometryContributor.RenderMaterialEmissionFields (UnityEngine.Rendering.CommandBuffer commandBuffer, Kern.Core.Interfaces.WorldLighting.LightingMaterialEmissionContext& context) (at <4ba44365926549de8cb78b28aaf5ae7e>:0)
Kern.World.Lighting.LightingGeometryRegistry.RenderMaterialEmissionFields (UnityEngine.Rendering.CommandBuffer commandBuffer, UnityEngine.RenderTexture materialField, UnityEngine.RenderTexture emissionField, UnityEngine.Vector4 worldRect, System.Boolean clearFields) (at Assets/Scripts/World/Lighting/Geometry/LightingGeometryRegistry.cs:121)
Kern.World.Lighting.GeometryLightingSolver.RecordMaterialField (UnityEngine.Rendering.CommandBuffer commandBuffer, Kern.Core.Interfaces.WorldLighting.ILightingGeometryContributor terrainGeometry, Kern.World.Lighting.LightingGeometryRegistry geometryRegistry, UnityEngine.Vector4 worldRect) (at Assets/Scripts/World/Lighting/Solvers/GeometryLightingSolver.cs:33)
Kern.World.Lighting.LightingFrameExecutor.Record (UnityEngine.Rendering.CommandBuffer commandBuffer, Kern.World.Lighting.LightingFrameRequest request, Kern.Core.Interfaces.WorldLighting.ILightingGeometryContributor terrainGeometry, UnityEngine.RenderTexture emissionField, UnityEngine.RenderTexture staticDirectTexture) (at Assets/Scripts/World/Lighting/Core/LightingFrameExecutor.cs:134)
Kern.World.Lighting.LightingUpdateCoordinator.RecordLightingFrame (UnityEngine.Rendering.CommandBuffer commandBuffer, UnityEngine.Vector4 worldRect, System.Single cellSize, System.Int32 dynamicLightCount, System.Boolean rebuildFields, System.Boolean dynamicLightsChanged, System.Boolean staticRadianceChanged, System.Boolean reuseStaticAtlas, UnityEngine.Vector2Int regionDelta, System.Collections.Generic.IReadOnlyList`1[T] dirtyRegions, System.Boolean allowStaticDependencyMask, System.Boolean dynamicRadianceChanged, Kern.World.Lighting.Quality.LightingQualityMode qualityMode, Kern.World.Lighting.LightingEngine+DebugView debugView, Kern.Core.Interfaces.WorldLighting.ILightingGeometryContributor terrainGeometry) (at Assets/Scripts/World/Lighting/Core/LightingUpdateCoordinator.cs:392)
Kern.World.Lighting.LightingUpdateCoordinator.Update (System.Int32 visibleMinX, System.Int32 visibleMinY, System.Int32 visibleWidth, System.Int32 visibleHeight, UnityEngine.Camera camera, Kern.Core.Interfaces.WorldLighting.ILightingGeometryContributor terrainGeometry, Kern.Rendering.GraphicsQualitySettings qualitySettings, Kern.World.Lighting.Quality.LightingQualityMode qualityMode, Kern.World.Lighting.LightingEngine+DebugView debugView, System.Boolean bypassLightingCompute, System.Boolean ambientOcclusionOnly) (at Assets/Scripts/World/Lighting/Core/LightingUpdateCoordinator.cs:273)
Kern.World.Lighting.LightingEngine.UpdateLightingCoordinator (Kern.Core.Interfaces.WorldLighting.TerrainLightingFrameSnapshot frame) (at Assets/Scripts/World/Lighting/Core/LightingEngine.cs:439)
Kern.World.Lighting.LightingEngine.ProcessTerrainFrame (Kern.Core.Interfaces.WorldLighting.TerrainLightingFrameSnapshot frame) (at Assets/Scripts/World/Lighting/Core/LightingEngine.cs:422)
Kern.World.Lighting.TerrainLightingFramePump.ProcessLatest (Kern.Core.Interfaces.WorldLighting.ITerrainLightingExchange exchange, System.Func`2[T,TResult] processFrame) (at Assets/Scripts/World/Lighting/Core/TerrainLightingFramePump.cs:32)
Kern.World.Lighting.LightingTerrainExchangeState.ProcessLatestFrame (Kern.Core.Interfaces.WorldLighting.ITerrainLightingExchange exchange, System.Func`2[T,TResult] processFrame) (at Assets/Scripts/World/Lighting/Core/LightingTerrainExchangeState.cs:45)
Kern.World.Lighting.LightingEngine.LateUpdate () (at Assets/Scripts/World/Lighting/Core/LightingEngine.cs:386)
UnityEngine.StackTraceUtility:ExtractStringFromExceptionInternal(Object, String&, String&) (at /Users/bokken/build/output/unity/unity/Runtime/Export/Scripting/StackTrace.cs:50)

[Bootstrap] Scene 'MainGame' entered successfully.
InvalidOperationException: World-entity material 'Shared Sprite Material (WorldEntityAtlas)' (shader='Kern/World Entity', passes=1, passNames=['<Unnamed Pass 0>']) is missing the LightingMaterialField pass.
Kern.Game.WorldEntityLightingEmitter.RenderField (UnityEngine.Rendering.CommandBuffer commandBuffer) (at Assets/Scripts/Game/Rendering/WorldEntityLightingEmitter.cs:116)
Kern.Game.WorldEntityLightingEmitter.RenderMaterialEmissionFields (UnityEngine.Rendering.CommandBuffer commandBuffer, Kern.Core.Interfaces.WorldLighting.LightingMaterialEmissionContext& context) (at Assets/Scripts/Game/Rendering/WorldEntityLightingEmitter.cs:72)
Kern.Game.WorldEntityBatchRenderer.RenderMaterialEmissionFields (UnityEngine.Rendering.CommandBuffer commandBuffer, Kern.Core.Interfaces.WorldLighting.LightingMaterialEmissionContext& context) (at Assets/Scripts/Game/Rendering/WorldEntityBatchRenderer.cs:407)
Kern.Game.WorldEntityBatchRenderer.Kern.Core.Interfaces.WorldLighting.ILightingGeometryContributor.RenderMaterialEmissionFields (UnityEngine.Rendering.CommandBuffer commandBuffer, Kern.Core.Interfaces.WorldLighting.LightingMaterialEmissionContext& context) (at <4ba44365926549de8cb78b28aaf5ae7e>:0)
Kern.World.Lighting.LightingGeometryRegistry.RenderMaterialEmissionFields (UnityEngine.Rendering.CommandBuffer commandBuffer, UnityEngine.RenderTexture materialField, UnityEngine.RenderTexture emissionField, UnityEngine.Vector4 worldRect, System.Boolean clearFields) (at Assets/Scripts/World/Lighting/Geometry/LightingGeometryRegistry.cs:121)
Kern.World.Lighting.GeometryLightingSolver.RecordMaterialField (UnityEngine.Rendering.CommandBuffer commandBuffer, Kern.Core.Interfaces.WorldLighting.ILightingGeometryContributor terrainGeometry, Kern.World.Lighting.LightingGeometryRegistry geometryRegistry, UnityEngine.Vector4 worldRect) (at Assets/Scripts/World/Lighting/Solvers/GeometryLightingSolver.cs:33)
Kern.World.Lighting.LightingFrameExecutor.Record (UnityEngine.Rendering.CommandBuffer commandBuffer, Kern.World.Lighting.LightingFrameRequest request, Kern.Core.Interfaces.WorldLighting.ILightingGeometryContributor terrainGeometry, UnityEngine.RenderTexture emissionField, UnityEngine.RenderTexture staticDirectTexture) (at Assets/Scripts/World/Lighting/Core/LightingFrameExecutor.cs:134)
Kern.World.Lighting.LightingUpdateCoordinator.RecordLightingFrame (UnityEngine.Rendering.CommandBuffer commandBuffer, UnityEngine.Vector4 worldRect, System.Single cellSize, System.Int32 dynamicLightCount, System.Boolean rebuildFields, System.Boolean dynamicLightsChanged, System.Boolean staticRadianceChanged, System.Boolean reuseStaticAtlas, UnityEngine.Vector2Int regionDelta, System.Collections.Generic.IReadOnlyList`1[T] dirtyRegions, System.Boolean allowStaticDependencyMask, System.Boolean dynamicRadianceChanged, Kern.World.Lighting.Quality.LightingQualityMode qualityMode, Kern.World.Lighting.LightingEngine+DebugView debugView, Kern.Core.Interfaces.WorldLighting.ILightingGeometryContributor terrainGeometry) (at Assets/Scripts/World/Lighting/Core/LightingUpdateCoordinator.cs:392)
Kern.World.Lighting.LightingUpdateCoordinator.Update (System.Int32 visibleMinX, System.Int32 visibleMinY, System.Int32 visibleWidth, System.Int32 visibleHeight, UnityEngine.Camera camera, Kern.Core.Interfaces.WorldLighting.ILightingGeometryContributor terrainGeometry, Kern.Rendering.GraphicsQualitySettings qualitySettings, Kern.World.Lighting.Quality.LightingQualityMode qualityMode, Kern.World.Lighting.LightingEngine+DebugView debugView, System.Boolean bypassLightingCompute, System.Boolean ambientOcclusionOnly) (at Assets/Scripts/World/Lighting/Core/LightingUpdateCoordinator.cs:273)
Kern.World.Lighting.LightingEngine.UpdateLightingCoordinator (Kern.Core.Interfaces.WorldLighting.TerrainLightingFrameSnapshot frame) (at Assets/Scripts/World/Lighting/Core/LightingEngine.cs:439)
Kern.World.Lighting.LightingEngine.ProcessTerrainFrame (Kern.Core.Interfaces.WorldLighting.TerrainLightingFrameSnapshot frame) (at Assets/Scripts/World/Lighting/Core/LightingEngine.cs:422)
Kern.World.Lighting.TerrainLightingFramePump.ProcessLatest (Kern.Core.Interfaces.WorldLighting.ITerrainLightingExchange exchange, System.Func`2[T,TResult] processFrame) (at Assets/Scripts/World/Lighting/Core/TerrainLightingFramePump.cs:32)
Kern.World.Lighting.LightingTerrainExchangeState.ProcessLatestFrame (Kern.Core.Interfaces.WorldLighting.ITerrainLightingExchange exchange, System.Func`2[T,TResult] processFrame) (at Assets/Scripts/World/Lighting/Core/LightingTerrainExchangeState.cs:45)
Kern.World.Lighting.LightingEngine.LateUpdate () (at Assets/Scripts/World/Lighting/Core/LightingEngine.cs:386)
UnityEngine.StackTraceUtility:ExtractStringFromExceptionInternal(Object, String&, String&) (at /Users/bokken/build/output/unity/unity/Runtime/Export/Scripting/StackTrace.cs:50)

Successfully saved GraphicsStateCollection to Assets/Resources/Rendering/GraphicsStates.graphicsstate
Successfully loaded GraphicsStateCollection from Assets/Resources/Rendering/GraphicsStates.graphicsstate
Successfully loaded GraphicsStateCollection from Assets/Resources/Rendering/GraphicsStates.graphicsstate
[ShaderWarmup] Wrote 141 graphics state(s) to 'Assets/Resources/Rendering/GraphicsStates.graphicsstate'.
[FMOD] Please add an 'FMOD Studio Listener' component to your camera in the scene for correct 3D positioning of sounds.
InvalidOperationException: Lighting received a terrain frame without a valid committed presentation.
Kern.World.Lighting.LightingEngine.ProcessTerrainFrame (Kern.Core.Interfaces.WorldLighting.TerrainLightingFrameSnapshot frame) (at Assets/Scripts/World/Lighting/Core/LightingEngine.cs:433)
Kern.World.Lighting.TerrainLightingFramePump.ProcessLatest (Kern.Core.Interfaces.WorldLighting.ITerrainLightingExchange exchange, System.Func`2[T,TResult] processFrame) (at Assets/Scripts/World/Lighting/Core/TerrainLightingFramePump.cs:32)
Kern.World.Lighting.LightingTerrainExchangeState.ProcessLatestFrame (Kern.Core.Interfaces.WorldLighting.ITerrainLightingExchange exchange, System.Func`2[T,TResult] processFrame) (at Assets/Scripts/World/Lighting/Core/LightingTerrainExchangeState.cs:45)
Kern.World.Lighting.LightingEngine.LateUpdate () (at Assets/Scripts/World/Lighting/Core/LightingEngine.cs:386)
UnityEngine.StackTraceUtility:ExtractStringFromExceptionInternal(Object, String&, String&) (at /Users/bokken/build/output/unity/unity/Runtime/Export/Scripting/StackTrace.cs:50)

InvalidOperationException: Lighting received a terrain frame without a valid committed presentation.
Kern.World.Lighting.LightingEngine.ProcessTerrainFrame (Kern.Core.Interfaces.WorldLighting.TerrainLightingFrameSnapshot frame) (at Assets/Scripts/World/Lighting/Core/LightingEngine.cs:433)
Kern.World.Lighting.TerrainLightingFramePump.ProcessLatest (Kern.Core.Interfaces.WorldLighting.ITerrainLightingExchange exchange, System.Func`2[T,TResult] processFrame) (at Assets/Scripts/World/Lighting/Core/TerrainLightingFramePump.cs:32)
Kern.World.Lighting.LightingTerrainExchangeState.ProcessLatestFrame (Kern.Core.Interfaces.WorldLighting.ITerrainLightingExchange exchange, System.Func`2[T,TResult] processFrame) (at Assets/Scripts/World/Lighting/Core/LightingTerrainExchangeState.cs:45)
Kern.World.Lighting.LightingEngine.LateUpdate () (at Assets/Scripts/World/Lighting/Core/LightingEngine.cs:386)
UnityEngine.StackTraceUtility:ExtractStringFromExceptionInternal(Object, String&, String&) (at /Users/bokken/build/output/unity/unity/Runtime/Export/Scripting/StackTrace.cs:50)

[TestMemory] Kern.Tests.PlayMode.MultiWorldSwitchPlayModeTests.SwitchWorldMidSession_CleansOldStateAndSnapsPlayerToNewWorld: процесс вырос на 440 МБ (971 → 1411, пик 1567).
Saving results to: /Users/murasama/Library/Application Support/DefaultCompany/Project Kern/TestResults.xml
]]></output>
              </test-case>
            </test-suite>
          </test-suite>
        </test-suite>
      </test-suite>
    </test-suite>
  </test-suite>
</test-run>
